Archive member included to satisfy reference by file (symbol)

Generated_Source\PSoC6\pdl\middleware\ble\lib\cy_ble_stack_gcc_host_ipc_cm4.a(CyBleStackMgrIP_Interface.o)
                              .\CortexM4\ARM_GCC_541\Debug\cy_ble.o (Cy_BLE_EnableDleFeature)
Generated_Source\PSoC6\pdl\middleware\ble\lib\cy_ble_stack_gcc_host_ipc_cm4.a(BT_os.o)
                              Generated_Source\PSoC6\pdl\middleware\ble\lib\cy_ble_stack_gcc_host_ipc_cm4.a(CyBleStackMgrIP_Interface.o) (cyBleStackMemoryConfig)
Generated_Source\PSoC6\pdl\middleware\ble\lib\cy_ble_stack_gcc_host_ipc_cm4.a(CyBleStackMgr_StackTaskHandler.o)
                              Generated_Source\PSoC6\pdl\middleware\ble\lib\cy_ble_stack_gcc_host_ipc_cm4.a(CyBleStackMgrIP_Interface.o) (CyBle_CreateBleStackTask)
Generated_Source\PSoC6\pdl\middleware\ble\lib\cy_ble_stack_gcc_host_ipc_cm4.a(storage_pl.o)
                              Generated_Source\PSoC6\pdl\middleware\ble\lib\cy_ble_stack_gcc_host_ipc_cm4.a(CyBleStackMgrIP_Interface.o) (storage_manager_init)
Generated_Source\PSoC6\pdl\middleware\ble\lib\cy_ble_stack_gcc_host_ipc_cm4.a(mint_os.o)
                              Generated_Source\PSoC6\pdl\middleware\ble\lib\cy_ble_stack_gcc_host_ipc_cm4.a(CyBleStackMgrIP_Interface.o) (OS_init)
Generated_Source\PSoC6\pdl\middleware\ble\lib\cy_ble_stack_gcc_host_ipc_cm4.a(mint_os_queue.o)
                              Generated_Source\PSoC6\pdl\middleware\ble\lib\cy_ble_stack_gcc_host_ipc_cm4.a(mint_os.o) (OS_TOTAL_QUEUES)
Generated_Source\PSoC6\pdl\middleware\ble\lib\cy_ble_stack_gcc_host_ipc_cm4.a(mint_os_task.o)
                              Generated_Source\PSoC6\pdl\middleware\ble\lib\cy_ble_stack_gcc_host_ipc_cm4.a(mint_os.o) (idle_func_handler)
Generated_Source\PSoC6\pdl\middleware\ble\lib\cy_ble_stack_gcc_host_ipc_cm4.a(mint_buf_mgmt.o)
                              Generated_Source\PSoC6\pdl\middleware\ble\lib\cy_ble_stack_gcc_host_ipc_cm4.a(BT_os.o) (mint_buf_mgmt_allocate_buffer)
Generated_Source\PSoC6\pdl\middleware\ble\lib\cy_ble_stack_gcc_host_ipc_cm4.a(transport_ipc.o)
                              Generated_Source\PSoC6\pdl\middleware\ble\lib\cy_ble_stack_gcc_host_ipc_cm4.a(CyBleStackMgr_StackTaskHandler.o) (CyBleHost_HciIpcFreePktBuffer)
Generated_Source\PSoC6\pdl\middleware\ble\lib\cy_ble_stack_gcc_host_ipc_cm4.a(CyBleStackMgr_PSoCIPCHal.o)
                              Generated_Source\PSoC6\pdl\middleware\ble\lib\cy_ble_stack_gcc_host_ipc_cm4.a(transport_ipc.o) (CyBleHost_IPC_HAL_InitWithStaticMem)
Generated_Source\PSoC6\pdl\middleware\ble\lib\cy_ble_stack_gcc_host_ipc_cm4.a(host_main.o)
                              Generated_Source\PSoC6\pdl\middleware\ble\lib\cy_ble_stack_gcc_host_ipc_cm4.a(CyBleStackMgrIP_Interface.o) (CyBle_HostInit)
Generated_Source\PSoC6\pdl\middleware\ble\lib\cy_ble_stack_gcc_host_ipc_cm4.a(att_api.o)
                              Generated_Source\PSoC6\pdl\middleware\ble\lib\cy_ble_stack_gcc_host_ipc_cm4.a(host_main.o) (BT_att_register)
Generated_Source\PSoC6\pdl\middleware\ble\lib\cy_ble_stack_gcc_host_ipc_cm4.a(att_init.o)
                              Generated_Source\PSoC6\pdl\middleware\ble\lib\cy_ble_stack_gcc_host_ipc_cm4.a(att_api.o) (att_connections)
Generated_Source\PSoC6\pdl\middleware\ble\lib\cy_ble_stack_gcc_host_ipc_cm4.a(att_internal.o)
                              Generated_Source\PSoC6\pdl\middleware\ble\lib\cy_ble_stack_gcc_host_ipc_cm4.a(att_api.o) (att_get_fsm_event)
Generated_Source\PSoC6\pdl\middleware\ble\lib\cy_ble_stack_gcc_host_ipc_cm4.a(BT_common.o)
                              Generated_Source\PSoC6\pdl\middleware\ble\lib\cy_ble_stack_gcc_host_ipc_cm4.a(host_main.o) (BT_bluetooth_off)
Generated_Source\PSoC6\pdl\middleware\ble\lib\cy_ble_stack_gcc_host_ipc_cm4.a(device_queue.o)
                              Generated_Source\PSoC6\pdl\middleware\ble\lib\cy_ble_stack_gcc_host_ipc_cm4.a(host_main.o) (CyBle_DeviceQueueHeapDeInit)
Generated_Source\PSoC6\pdl\middleware\ble\lib\cy_ble_stack_gcc_host_ipc_cm4.a(l2cap.o)
                              Generated_Source\PSoC6\pdl\middleware\ble\lib\cy_ble_stack_gcc_host_ipc_cm4.a(host_main.o) (CyBle_L2capCB)
Generated_Source\PSoC6\pdl\middleware\ble\lib\cy_ble_stack_gcc_host_ipc_cm4.a(l2cap_disconnect.o)
                              Generated_Source\PSoC6\pdl\middleware\ble\lib\cy_ble_stack_gcc_host_ipc_cm4.a(l2cap.o) (l2ca_disconnect_req)
Generated_Source\PSoC6\pdl\middleware\ble\lib\cy_ble_stack_gcc_host_ipc_cm4.a(l2cap_init.o)
                              Generated_Source\PSoC6\pdl\middleware\ble\lib\cy_ble_stack_gcc_host_ipc_cm4.a(l2cap_disconnect.o) (l2cap_fixed_channel)
Generated_Source\PSoC6\pdl\middleware\ble\lib\cy_ble_stack_gcc_host_ipc_cm4.a(l2cap_utils.o)
                              Generated_Source\PSoC6\pdl\middleware\ble\lib\cy_ble_stack_gcc_host_ipc_cm4.a(l2cap_disconnect.o) (l2cap_buffer_dequeue)
Generated_Source\PSoC6\pdl\middleware\ble\lib\cy_ble_stack_gcc_host_ipc_cm4.a(l2cap_lmp.o)
[...]
Memory Configuration

Name             Origin             Length             Attributes
ram              0x08024000         0x00023800         xrw
flash            0x10080000         0x00080000         xr
em_eeprom        0x14000000         0x00008000         xr
sflash_user_data 0x16000800         0x00000800         xr
sflash_nar       0x16001a00         0x00000200         xr
sflash_public_key 0x16005a00         0x00000c00         xr
sflash_toc_2     0x16007c00         0x00000200         xr
sflash_rtoc_2    0x16007e00         0x00000200         xr
xip              0x18000000         0x08000000         xr
efuse            0x90700000         0x00100000         r
*default*        0x00000000         0xffffffff

Linker script and memory map

LOAD d:/cypress creator/psoc creator/4.2/psoc creator/import/gnu/arm/5.4.1/bin/../lib/gcc/arm-none-eabi/5.4.1/armv7e-m/softfp/crti.o
LOAD d:/cypress creator/psoc creator/4.2/psoc creator/import/gnu/arm/5.4.1/bin/../lib/gcc/arm-none-eabi/5.4.1/armv7e-m/softfp/crtbegin.o
LOAD d:/cypress creator/psoc creator/4.2/psoc creator/import/gnu/arm/5.4.1/bin/../lib/gcc/arm-none-eabi/5.4.1/../../../../arm-none-eabi/lib/armv7e-m/softfp/crt0.o
START GROUP
LOAD Generated_Source\PSoC6\pdl\middleware\ble\lib\cy_ble_stack_gcc_host_ipc_cm4.a
LOAD .\CortexM4\ARM_GCC_541\Debug\startup_psoc63_cm4.o
LOAD .\CortexM4\ARM_GCC_541\Debug\main_cm4.o
LOAD .\CortexM4\ARM_GCC_541\Debug\ble_application.o
LOAD .\CortexM4\ARM_GCC_541\Debug\display.o
LOAD .\CortexM4\ARM_GCC_541\Debug\led.o
LOAD .\CortexM4\ARM_GCC_541\Debug\low_power.o
LOAD .\CortexM4\ARM_GCC_541\Debug\screen_contents.o
LOAD .\CortexM4\ARM_GCC_541\Debug\proximity.o
LOAD .\CortexM4\ARM_GCC_541\Debug\system_psoc63_cm4.o
LOAD .\CortexM4\ARM_GCC_541\Debug\cy_eink_library.o
LOAD .\CortexM4\ARM_GCC_541\Debug\cy_eink_fonts.o
LOAD .\CortexM4\ARM_GCC_541\Debug\pervasive_eink_hardware_driver.o
LOAD .\CortexM4\ARM_GCC_541\Debug\cy_eink_psoc_interface.o
LOAD .\CortexM4\ARM_GCC_541\Debug\cy_ipc_config.o
LOAD .\CortexM4\ARM_GCC_541\Debug\cyfitter_sysint_cfg.o
LOAD .\CortexM4\ARM_GCC_541\Debug\cymetadata.o
LOAD .\CortexM4\ARM_GCC_541\Debug\MCWDT_PDL.o
LOAD .\CortexM4\ARM_GCC_541\Debug\BLE.o
LOAD .\CortexM4\ARM_GCC_541\Debug\BLE_config.o
LOAD .\CortexM4\ARM_GCC_541\Debug\BLE_custom_config.o
LOAD .\CortexM4\ARM_GCC_541\Debug\CapSense_Control.o
LOAD .\CortexM4\ARM_GCC_541\Debug\CapSense_Processing.o
LOAD .\CortexM4\ARM_GCC_541\Debug\CapSense_Structure.o
LOAD .\CortexM4\ARM_GCC_541\Debug\CapSense_Tuner.o
LOAD .\CortexM4\ARM_GCC_541\Debug\CapSense_Filter.o
LOAD .\CortexM4\ARM_GCC_541\Debug\CapSense_Sensing.o
LOAD .\CortexM4\ARM_GCC_541\Debug\CapSense_INT.o
LOAD .\CortexM4\ARM_GCC_541\Debug\CapSense_SensingCSD_LL.o
LOAD .\CortexM4\ARM_GCC_541\Debug\CY_EINK_SPIM.o
LOAD .\CortexM4\ARM_GCC_541\Debug\CY_EINK_Timer.o
LOAD .\CortexM4\ARM_GCC_541\Debug\cy_sysint.o
LOAD .\CortexM4\ARM_GCC_541\Debug\cy_ipc_drv.o
LOAD .\CortexM4\ARM_GCC_541\Debug\cy_ipc_sema.o
LOAD .\CortexM4\ARM_GCC_541\Debug\cy_ipc_pipe.o
LOAD .\CortexM4\ARM_GCC_541\Debug\cy_sysclk.o
LOAD .\CortexM4\ARM_GCC_541\Debug\cy_wdt.o
LOAD .\CortexM4\ARM_GCC_541\Debug\cy_mcwdt.o
LOAD .\CortexM4\ARM_GCC_541\Debug\cy_tcpwm_counter.o
LOAD .\CortexM4\ARM_GCC_541\Debug\cy_tcpwm_pwm.o
LOAD .\CortexM4\ARM_GCC_541\Debug\cy_tcpwm_quaddec.o
LOAD .\CortexM4\ARM_GCC_541\Debug\cy_scb_common.o
LOAD .\CortexM4\ARM_GCC_541\Debug\cy_scb_i2c.o
LOAD .\CortexM4\ARM_GCC_541\Debug\cy_scb_ezi2c.o
LOAD .\CortexM4\ARM_GCC_541\Debug\cy_scb_spi.o
LOAD .\CortexM4\ARM_GCC_541\Debug\cy_scb_uart.o
LOAD .\CortexM4\ARM_GCC_541\Debug\cy_efuse.o
LOAD .\CortexM4\ARM_GCC_541\Debug\cy_flash.o
LOAD .\CortexM4\ARM_GCC_541\Debug\cy_gpio.o
LOAD .\CortexM4\ARM_GCC_541\Debug\cy_sysanalog.o
LOAD .\CortexM4\ARM_GCC_541\Debug\cy_syspm.o
LOAD .\CortexM4\ARM_GCC_541\Debug\cy_syslib.o
LOAD .\CortexM4\ARM_GCC_541\Debug\cy_syslib_gcc.o
LOAD .\CortexM4\ARM_GCC_541\Debug\cy_trigmux.o
LOAD .\CortexM4\ARM_GCC_541\Debug\cy_systick.o
LOAD .\CortexM4\ARM_GCC_541\Debug\cy_profile.o
LOAD .\CortexM4\ARM_GCC_541\Debug\cy_prot.o
LOAD .\CortexM4\ARM_GCC_541\Debug\cy_lvd.o
LOAD .\CortexM4\ARM_GCC_541\Debug\cy_ble.o
LOAD .\CortexM4\ARM_GCC_541\Debug\cy_ble_hal_int.o
LOAD .\CortexM4\ARM_GCC_541\Debug\cy_ble_hal_pvt.o
LOAD .\CortexM4\ARM_GCC_541\Debug\cy_ble_gap.o
LOAD .\CortexM4\ARM_GCC_541\Debug\cy_ble_gatt.o
LOAD .\CortexM4\ARM_GCC_541\Debug\cy_ble_event_handler.o
LOAD .\CortexM4\ARM_GCC_541\Debug\cy_ble_ancs.o
LOAD .\CortexM4\ARM_GCC_541\Debug\cy_ble_ans.o
LOAD .\CortexM4\ARM_GCC_541\Debug\cy_ble_aios.o
LOAD .\CortexM4\ARM_GCC_541\Debug\cy_ble_bas.o
LOAD .\CortexM4\ARM_GCC_541\Debug\cy_ble_bcs.o
LOAD .\CortexM4\ARM_GCC_541\Debug\cy_ble_bls.o
LOAD .\CortexM4\ARM_GCC_541\Debug\cy_ble_bms.o
LOAD .\CortexM4\ARM_GCC_541\Debug\cy_ble_bts.o
LOAD .\CortexM4\ARM_GCC_541\Debug\cy_ble_cgms.o
LOAD .\CortexM4\ARM_GCC_541\Debug\cy_ble_cps.o
LOAD .\CortexM4\ARM_GCC_541\Debug\cy_ble_cscs.o
LOAD .\CortexM4\ARM_GCC_541\Debug\cy_ble_cts.o
LOAD .\CortexM4\ARM_GCC_541\Debug\cy_ble_custom.o
LOAD .\CortexM4\ARM_GCC_541\Debug\cy_ble_dis.o
LOAD .\CortexM4\ARM_GCC_541\Debug\cy_ble_ess.o
LOAD .\CortexM4\ARM_GCC_541\Debug\cy_ble_gls.o
LOAD .\CortexM4\ARM_GCC_541\Debug\cy_ble_hids.o
LOAD .\CortexM4\ARM_GCC_541\Debug\cy_ble_hps.o
LOAD .\CortexM4\ARM_GCC_541\Debug\cy_ble_hrs.o
LOAD .\CortexM4\ARM_GCC_541\Debug\cy_ble_hts.o
LOAD .\CortexM4\ARM_GCC_541\Debug\cy_ble_ias.o
LOAD .\CortexM4\ARM_GCC_541\Debug\cy_ble_ips.o
LOAD .\CortexM4\ARM_GCC_541\Debug\cy_ble_lls.o
LOAD .\CortexM4\ARM_GCC_541\Debug\cy_ble_lns.o
LOAD .\CortexM4\ARM_GCC_541\Debug\cy_ble_ndcs.o
LOAD .\CortexM4\ARM_GCC_541\Debug\cy_ble_plxs.o
LOAD .\CortexM4\ARM_GCC_541\Debug\cy_ble_pass.o
LOAD .\CortexM4\ARM_GCC_541\Debug\cy_ble_rscs.o
LOAD .\CortexM4\ARM_GCC_541\Debug\cy_ble_rtus.o
LOAD .\CortexM4\ARM_GCC_541\Debug\cy_ble_scps.o
LOAD .\CortexM4\ARM_GCC_541\Debug\cy_ble_tps.o
LOAD .\CortexM4\ARM_GCC_541\Debug\cy_ble_uds.o
LOAD .\CortexM4\ARM_GCC_541\Debug\cy_ble_wpts.o
LOAD .\CortexM4\ARM_GCC_541\Debug\cy_ble_wss.o
LOAD .\CortexM4\ARM_GCC_541\Debug\cy_ble_clk.o
LOAD .\CortexM4\ARM_GCC_541\Debug\Uart_Printf.o
LOAD .\CortexM4\ARM_GCC_541\Debug\I2C.o
LOAD D:\CyPRess Creator\PSoC Creator\4.2\PSoC Creator\psoc\content\CyComponentLibrary\CyComponentLibrary.cylib\CapSense_v2_0\Library\CapSense_Library_GCC_M4.a
END GROUP
START GROUP
LOAD d:/cypress creator/psoc creator/4.2/psoc creator/import/gnu/arm/5.4.1/bin/../lib/gcc/arm-none-eabi/5.4.1/armv7e-m/softfp\libgcc.a
LOAD d:/cypress creator/psoc creator/4.2/psoc creator/import/gnu/arm/5.4.1/bin/../lib/gcc/arm-none-eabi/5.4.1/../../../../arm-none-eabi/lib/armv7e-m/softfp\libg_nano.a
LOAD d:/cypress creator/psoc creator/4.2/psoc creator/import/gnu/arm/5.4.1/bin/../lib/gcc/arm-none-eabi/5.4.1/../../../../arm-none-eabi/lib/armv7e-m/softfp\libc_nano.a
END GROUP
START GROUP
LOAD d:/cypress creator/psoc creator/4.2/psoc creator/import/gnu/arm/5.4.1/bin/../lib/gcc/arm-none-eabi/5.4.1/armv7e-m/softfp\libgcc.a
LOAD d:/cypress creator/psoc creator/4.2/psoc creator/import/gnu/arm/5.4.1/bin/../lib/gcc/arm-none-eabi/5.4.1/../../../../arm-none-eabi/lib/armv7e-m/softfp\libc_nano.a
END GROUP
LOAD d:/cypress creator/psoc creator/4.2/psoc creator/import/gnu/arm/5.4.1/bin/../lib/gcc/arm-none-eabi/5.4.1/armv7e-m/softfp/crtend.o
LOAD d:/cypress creator/psoc creator/4.2/psoc creator/import/gnu/arm/5.4.1/bin/../lib/gcc/arm-none-eabi/5.4.1/armv7e-m/softfp/crtn.o
START GROUP
LOAD d:/cypress creator/psoc creator/4.2/psoc creator/import/gnu/arm/5.4.1/bin/../lib/gcc/arm-none-eabi/5.4.1/armv7e-m/softfp\libgcc.a
LOAD d:/cypress creator/psoc creator/4.2/psoc creator/import/gnu/arm/5.4.1/bin/../lib/gcc/arm-none-eabi/5.4.1/../../../../arm-none-eabi/lib/armv7e-m/softfp\libc.a
LOAD d:/cypress creator/psoc creator/4.2/psoc creator/import/gnu/arm/5.4.1/bin/../lib/gcc/arm-none-eabi/5.4.1/../../../../arm-none-eabi/lib/armv7e-m/softfp\libnosys.a
END GROUP
START GROUP
LOAD d:/cypress creator/psoc creator/4.2/psoc creator/import/gnu/arm/5.4.1/bin/../lib/gcc/arm-none-eabi/5.4.1/armv7e-m/softfp\libgcc.a
LOAD d:/cypress creator/psoc creator/4.2/psoc creator/import/gnu/arm/5.4.1/bin/../lib/gcc/arm-none-eabi/5.4.1/../../../../arm-none-eabi/lib/armv7e-m/softfp\libc.a
LOAD d:/cypress creator/psoc creator/4.2/psoc creator/import/gnu/arm/5.4.1/bin/../lib/gcc/arm-none-eabi/5.4.1/../../../../arm-none-eabi/lib/armv7e-m/softfp\libm.a
LOAD d:/cypress creator/psoc creator/4.2/psoc creator/import/gnu/arm/5.4.1/bin/../lib/gcc/arm-none-eabi/5.4.1/../../../../arm-none-eabi/lib/armv7e-m/softfp\libnosys.a
END GROUP

.text           0x10080000     0x8fe0
                0x10080000                . = ALIGN (0x4)
                0x10080000                __Vectors = .
 *(.vectors)
 .vectors       0x10080000      0x28c .\CortexM4\ARM_GCC_541\Debug\startup_psoc63_cm4.o
                0x1008028c                . = ALIGN (0x4)
                0x1008028c                __Vectors_End = .
                0x0000028c                __Vectors_Size = (__Vectors_End - __Vectors)
                0x1008028c                __end__ = .
                0x1008028c                . = ALIGN (0x4)
 *(.text*)
 .text          0x1008028c       0x5c d:/cypress creator/psoc creator/4.2/psoc creator/import/gnu/arm/5.4.1/bin/../lib/gcc/arm-none-eabi/5.4.1/armv7e-m/softfp/crtbegin.o
 .text          0x100802e8       0x94 .\CortexM4\ARM_GCC_541\Debug\startup_psoc63_cm4.o
                0x100802e8                Cy_OnResetUser
                0x100802ea                Cy_SaveIRQ
                0x100802f2                Cy_RestoreIRQ
                0x100802f8                Reset_Handler
                0x1008035c                tcpwm_1_interrupts_11_IRQHandler
                0x1008035c                cpuss_interrupts_ipc_0_IRQHandler
                0x1008035c                tcpwm_1_interrupts_15_IRQHandler
                0x1008035c                ioss_interrupts_gpio_13_IRQHandler
                0x1008035c                tcpwm_1_interrupts_13_IRQHandler
                0x1008035c                cpuss_interrupts_dw1_8_IRQHandler
                0x1008035c                tcpwm_0_interrupts_0_IRQHandler
                0x1008035c                SysTick_Handler
                0x1008035c                cpuss_interrupt_fm_IRQHandler
                0x1008035c                cpuss_interrupts_ipc_7_IRQHandler
                0x1008035c                tcpwm_1_interrupts_14_IRQHandler
                0x1008035c                cpuss_interrupts_dw0_11_IRQHandler
                0x1008035c                tcpwm_1_interrupts_9_IRQHandler
                0x1008035c                cpuss_interrupts_cm0_cti_1_IRQHandler
                0x1008035c                tcpwm_1_interrupts_22_IRQHandler
                0x1008035c                cpuss_interrupts_dw0_4_IRQHandler
                0x1008035c                PendSV_Handler
                0x1008035c                NMI_Handler
                0x1008035c                cpuss_interrupts_dw1_12_IRQHandler
                0x1008035c                tcpwm_1_interrupts_12_IRQHandler
                0x1008035c                smif_interrupt_IRQHandler
                0x1008035c                tcpwm_1_interrupts_2_IRQHandler
                0x1008035c                cpuss_interrupts_ipc_13_IRQHandler
                0x1008035c                udb_interrupts_11_IRQHandler
                0x1008035c                tcpwm_1_interrupts_18_IRQHandler
                0x1008035c                cpuss_interrupts_ipc_6_IRQHandler
                0x1008035c                tcpwm_0_interrupts_2_IRQHandler
                0x1008035c                cpuss_interrupts_dw0_13_IRQHandler
                0x1008035c                udb_interrupts_2_IRQHandler
                0x1008035c                cpuss_interrupts_dw1_7_IRQHandler
                0x1008035c                ioss_interrupts_gpio_1_IRQHandler
                0x1008035c                ioss_interrupts_gpio_7_IRQHandler
                0x1008035c                scb_5_interrupt_IRQHandler
                0x1008035c                udb_interrupts_6_IRQHandler
                0x1008035c                cpuss_interrupts_fault_1_IRQHandler
                0x1008035c                cpuss_interrupts_ipc_4_IRQHandler
                0x1008035c                cpuss_interrupts_ipc_5_IRQHandler
                0x1008035c                cpuss_interrupts_dw1_10_IRQHandler
                0x1008035c                udb_interrupts_0_IRQHandler
                0x1008035c                tcpwm_1_interrupts_6_IRQHandler
                0x1008035c                scb_4_interrupt_IRQHandler
                0x1008035c                pass_interrupt_dacs_IRQHandler
                0x1008035c                ioss_interrupts_gpio_2_IRQHandler
                0x1008035c                cpuss_interrupts_dw1_9_IRQHandler
                0x1008035c                cpuss_interrupts_dw1_13_IRQHandler
                0x1008035c                scb_2_interrupt_IRQHandler
                0x1008035c                cpuss_interrupts_cm0_cti_0_IRQHandler
                0x1008035c                udb_interrupts_5_IRQHandler
                0x1008035c                srss_interrupt_IRQHandler
                0x1008035c                udb_interrupts_12_IRQHandler
                0x1008035c                scb_0_interrupt_IRQHandler
                0x1008035c                csd_interrupt_IRQHandler
                0x1008035c                udb_interrupts_1_IRQHandler
                0x1008035c                profile_interrupt_IRQHandler
                0x1008035c                tcpwm_1_interrupts_1_IRQHandler
                0x1008035c                cpuss_interrupts_ipc_12_IRQHandler
                0x1008035c                tcpwm_1_interrupts_3_IRQHandler
                0x1008035c                tcpwm_0_interrupts_7_IRQHandler
                0x1008035c                cpuss_interrupts_dw1_1_IRQHandler
                0x1008035c                cpuss_interrupts_dw1_0_IRQHandler
                0x1008035c                cpuss_interrupts_dw0_9_IRQHandler
                0x1008035c                DebugMon_Handler
                0x1008035c                cpuss_interrupts_dw0_5_IRQHandler
                0x1008035c                udb_interrupts_4_IRQHandler
                0x1008035c                tcpwm_1_interrupts_20_IRQHandler
                0x1008035c                ioss_interrupt_gpio_IRQHandler
                0x1008035c                tcpwm_0_interrupts_1_IRQHandler
                0x1008035c                ioss_interrupts_gpio_8_IRQHandler
                0x1008035c                tcpwm_0_interrupts_6_IRQHandler
                0x1008035c                scb_7_interrupt_IRQHandler
                0x1008035c                tcpwm_1_interrupts_7_IRQHandler
                0x1008035c                cpuss_interrupts_ipc_11_IRQHandler
                0x1008035c                udb_interrupts_13_IRQHandler
                0x1008035c                cpuss_interrupts_dw0_15_IRQHandler
                0x1008035c                udb_interrupts_7_IRQHandler
                0x1008035c                cpuss_interrupts_dw1_6_IRQHandler
                0x1008035c                cpuss_interrupt_crypto_IRQHandler
                0x1008035c                scb_1_interrupt_IRQHandler
                0x1008035c                Default_Handler
                0x1008035c                usb_interrupt_hi_IRQHandler
                0x1008035c                tcpwm_1_interrupts_0_IRQHandler
                0x1008035c                udb_interrupts_9_IRQHandler
                0x1008035c                audioss_interrupt_pdm_IRQHandler
                0x1008035c                srss_interrupt_mcwdt_0_IRQHandler
                0x1008035c                scb_3_interrupt_IRQHandler
                0x1008035c                pass_interrupt_ctbs_IRQHandler
                0x1008035c                udb_interrupts_8_IRQHandler
                0x1008035c                ioss_interrupts_gpio_3_IRQHandler
                0x1008035c                scb_6_interrupt_IRQHandler
                0x1008035c                cpuss_interrupts_cm4_cti_0_IRQHandler
                0x1008035c                cpuss_interrupts_dw1_3_IRQHandler
                0x1008035c                pass_interrupt_sar_IRQHandler
                0x1008035c                ioss_interrupts_gpio_0_IRQHandler
                0x1008035c                ioss_interrupts_gpio_14_IRQHandler
                0x1008035c                tcpwm_0_interrupts_4_IRQHandler
                0x1008035c                udb_interrupts_3_IRQHandler
                0x1008035c                tcpwm_0_interrupts_5_IRQHandler
                0x1008035c                cpuss_interrupts_ipc_15_IRQHandler
                0x1008035c                cpuss_interrupts_cm4_cti_1_IRQHandler
                0x1008035c                scb_8_interrupt_IRQHandler
                0x1008035c                srss_interrupt_mcwdt_1_IRQHandler
                0x1008035c                cpuss_interrupts_dw1_2_IRQHandler
                0x1008035c                SVC_Handler
                0x1008035c                cpuss_interrupts_dw1_5_IRQHandler
                0x1008035c                cpuss_interrupts_ipc_1_IRQHandler
                0x1008035c                cpuss_interrupts_dw0_0_IRQHandler
                0x1008035c                ioss_interrupts_gpio_12_IRQHandler
                0x1008035c                cpuss_interrupts_ipc_3_IRQHandler
                0x1008035c                tcpwm_1_interrupts_17_IRQHandler
                0x1008035c                srss_interrupt_backup_IRQHandler
                0x1008035c                bless_interrupt_IRQHandler
                0x1008035c                cpuss_interrupts_ipc_10_IRQHandler
                0x1008035c                cpuss_interrupts_ipc_9_IRQHandler
                0x1008035c                cpuss_interrupts_dw0_14_IRQHandler
                0x1008035c                tcpwm_1_interrupts_4_IRQHandler
                0x1008035c                tcpwm_0_interrupts_3_IRQHandler
                0x1008035c                cpuss_interrupts_dw1_15_IRQHandler
                0x1008035c                ioss_interrupts_gpio_10_IRQHandler
                0x1008035c                udb_interrupts_10_IRQHandler
                0x1008035c                cpuss_interrupts_dw0_8_IRQHandler
                0x1008035c                ioss_interrupts_gpio_11_IRQHandler
                0x1008035c                cpuss_interrupts_ipc_14_IRQHandler
                0x1008035c                ioss_interrupts_gpio_5_IRQHandler
                0x1008035c                ioss_interrupts_gpio_4_IRQHandler
                0x1008035c                tcpwm_1_interrupts_8_IRQHandler
                0x1008035c                cpuss_interrupts_dw1_14_IRQHandler
                0x1008035c                usb_interrupt_med_IRQHandler
                0x1008035c                cpuss_interrupts_dw0_2_IRQHandler
                0x1008035c                tcpwm_1_interrupts_23_IRQHandler
                0x1008035c                tcpwm_1_interrupts_10_IRQHandler
                0x1008035c                cpuss_interrupts_fault_0_IRQHandler
                0x1008035c                cpuss_interrupts_dw0_12_IRQHandler
                0x1008035c                ioss_interrupts_gpio_6_IRQHandler
                0x1008035c                tcpwm_1_interrupts_21_IRQHandler
                0x1008035c                tcpwm_1_interrupts_16_IRQHandler
                0x1008035c                cpuss_interrupts_dw1_4_IRQHandler
                0x1008035c                udb_interrupts_15_IRQHandler
                0x1008035c                cpuss_interrupts_dw1_11_IRQHandler
                0x1008035c                cpuss_interrupts_dw0_6_IRQHandler
                0x1008035c                ioss_interrupt_vdd_IRQHandler
                0x1008035c                cpuss_interrupts_dw0_7_IRQHandler
                0x1008035c                audioss_interrupt_i2s_IRQHandler
                0x1008035c                tcpwm_1_interrupts_5_IRQHandler
                0x1008035c                cpuss_interrupts_ipc_2_IRQHandler
                0x1008035c                cpuss_interrupts_dw0_10_IRQHandler
                0x1008035c                tcpwm_1_interrupts_19_IRQHandler
                0x1008035c                cpuss_interrupts_dw0_1_IRQHandler
                0x1008035c                lpcomp_interrupt_IRQHandler
                0x1008035c                ioss_interrupts_gpio_9_IRQHandler
                0x1008035c                usb_interrupt_lo_IRQHandler
                0x1008035c                cpuss_interrupts_ipc_8_IRQHandler
                0x1008035c                udb_interrupts_14_IRQHandler
                0x1008035c                cpuss_interrupts_dw0_3_IRQHandler
                0x10080360                UsageFault_Handler
                0x10080360                HardFault_Handler
                0x10080360                MemManage_Handler
                0x10080360                BusFault_Handler
 .text.main     0x1008037c      0x12c .\CortexM4\ARM_GCC_541\Debug\main_cm4.o
                0x1008037c                main
 .text._write   0x100804a8       0x28 .\CortexM4\ARM_GCC_541\Debug\main_cm4.o
                0x100804a8                _write
 .text.UpdateCccdStatusInGattDb
                0x100804d0       0x50 .\CortexM4\ARM_GCC_541\Debug\ble_application.o
                0x100804d0                UpdateCccdStatusInGattDb
 .text.SendCapSenseProximityNotification
                0x10080520       0x4c .\CortexM4\ARM_GCC_541\Debug\ble_application.o
                0x10080520                SendCapSenseProximityNotification
 .text.HandleDisconnectEventforProximity
                0x1008056c       0x14 .\CortexM4\ARM_GCC_541\Debug\ble_application.o
                0x1008056c                HandleDisconnectEventforProximity
 .text.HandleWriteRequestforProximity
                0x10080580       0x1c .\CortexM4\ARM_GCC_541\Debug\ble_application.o
                0x10080580                HandleWriteRequestforProximity
 .text.StackEventHandler
                0x1008059c       0x58 .\CortexM4\ARM_GCC_541\Debug\ble_application.o
                0x1008059c                StackEventHandler
 .text.ProcessBleEvents
                0x100805f4       0xac .\CortexM4\ARM_GCC_541\Debug\ble_application.o
                0x100805f4                ProcessBleEvents
 .text.InitBle  0x100806a0       0x10 .\CortexM4\ARM_GCC_541\Debug\ble_application.o
                0x100806a0                InitBle
 .text.RestartBleAdvertisement
                0x100806b0        0xc .\CortexM4\ARM_GCC_541\Debug\ble_application.o
                0x100806b0                RestartBleAdvertisement
 .text.InitDisplay
                0x100806bc       0x2c .\CortexM4\ARM_GCC_541\Debug\display.o
                0x100806bc                InitDisplay
 .text.DisplayInstructions
                0x100806e8       0x5c .\CortexM4\ARM_GCC_541\Debug\display.o
                0x100806e8                DisplayInstructions
 .text.UpdateStatusLEDs
                0x10080744       0x70 .\CortexM4\ARM_GCC_541\Debug\led.o
                0x10080744                UpdateStatusLEDs
 .text.ServiceStatusLEDs
                0x100807b4       0x58 .\CortexM4\ARM_GCC_541\Debug\led.o
                0x100807b4                ServiceStatusLEDs
 .text.IsrMcwdt
                0x1008080c       0x3c .\CortexM4\ARM_GCC_541\Debug\low_power.o
                0x1008080c                IsrMcwdt
 .text.isrGPIO  0x10080848       0x3c .\CortexM4\ARM_GCC_541\Debug\low_power.o
                0x10080848                isrGPIO
 .text.InitLowPower
                0x10080884       0xb4 .\CortexM4\ARM_GCC_541\Debug\low_power.o
                0x10080884                InitLowPower
 .text.GetProximityData
                0x10080938       0x78 .\CortexM4\ARM_GCC_541\Debug\proximity.o
                0x10080938                GetProximityData
 .text.InitCapSense
                0x100809b0        0x8 .\CortexM4\ARM_GCC_541\Debug\proximity.o
                0x100809b0                InitCapSense
 .text.Cy_SystemInit
                0x100809b8        0x4 .\CortexM4\ARM_GCC_541\Debug\system_psoc63_cm4.o
                0x100809b8                Cy_SystemInit
 .text.SystemCoreClockUpdate
                0x100809bc      0x190 .\CortexM4\ARM_GCC_541\Debug\system_psoc63_cm4.o
                0x100809bc                SystemCoreClockUpdate
 .text.SystemInit
                0x10080b4c       0x48 .\CortexM4\ARM_GCC_541\Debug\system_psoc63_cm4.o
                0x10080b4c                SystemInit
 .text.Cy_SystemInitFpuEnable
                0x10080b94       0x28 .\CortexM4\ARM_GCC_541\Debug\system_psoc63_cm4.o
                0x10080b94                Cy_SystemInitFpuEnable
 .text.Cy_EINK_Start
                0x10080bbc       0x10 .\CortexM4\ARM_GCC_541\Debug\cy_eink_library.o
                0x10080bbc                Cy_EINK_Start
 .text.Cy_EINK_Power
                0x10080bcc       0x18 .\CortexM4\ARM_GCC_541\Debug\cy_eink_library.o
                0x10080bcc                Cy_EINK_Power
 .text.Cy_EINK_Clear
                0x10080be4       0x44 .\CortexM4\ARM_GCC_541\Debug\cy_eink_library.o
                0x10080be4                Cy_EINK_Clear
 .text.Cy_EINK_ShowFrame
                0x10080c28       0x54 .\CortexM4\ARM_GCC_541\Debug\cy_eink_library.o
                0x10080c28                Cy_EINK_ShowFrame
 .text.Cy_EINK_ImageToFrameBuffer
                0x10080c7c       0x30 .\CortexM4\ARM_GCC_541\Debug\cy_eink_library.o
                0x10080c7c                Cy_EINK_ImageToFrameBuffer
 .text.Cy_EINK_TextToFrameBuffer
                0x10080cac      0x118 .\CortexM4\ARM_GCC_541\Debug\cy_eink_library.o
                0x10080cac                Cy_EINK_TextToFrameBuffer
 .text.Pv_EINK_SendData
                0x10080dc4       0x4c .\CortexM4\ARM_GCC_541\Debug\pervasive_eink_hardware_driver.o
                0x10080dc4                Pv_EINK_SendData
 .text.Pv_EINK_SendByte
                0x10080e10       0x18 .\CortexM4\ARM_GCC_541\Debug\pervasive_eink_hardware_driver.o
                0x10080e10                Pv_EINK_SendByte
 .text.Pv_EINK_ReadByte
                0x10080e28       0x30 .\CortexM4\ARM_GCC_541\Debug\pervasive_eink_hardware_driver.o
                0x10080e28                Pv_EINK_ReadByte
 .text.Pv_EINK_Init
                0x10080e58       0x34 .\CortexM4\ARM_GCC_541\Debug\pervasive_eink_hardware_driver.o
                0x10080e58                Pv_EINK_Init
 .text.Pv_EINK_InitDriver
                0x10080e8c      0x118 .\CortexM4\ARM_GCC_541\Debug\pervasive_eink_hardware_driver.o
                0x10080e8c                Pv_EINK_InitDriver
 .text.Pv_EINK_SetTempFactor
                0x10080fa4       0x58 .\CortexM4\ARM_GCC_541\Debug\pervasive_eink_hardware_driver.o
                0x10080fa4                Pv_EINK_SetTempFactor
 .text.Pv_EINK_FullStageHandler
                0x10080ffc      0x424 .\CortexM4\ARM_GCC_541\Debug\pervasive_eink_hardware_driver.o
                0x10080ffc                Pv_EINK_FullStageHandler
 .text.Pv_EINK_PartialStageHandler
                0x10081420      0x228 .\CortexM4\ARM_GCC_541\Debug\pervasive_eink_hardware_driver.o
                0x10081420                Pv_EINK_PartialStageHandler
 .text.Pv_EINK_NothingFrame
                0x10081648       0x5c .\CortexM4\ARM_GCC_541\Debug\pervasive_eink_hardware_driver.o
                0x10081648                Pv_EINK_NothingFrame
 .text.Pv_EINK_DummyLine
                0x100816a4       0x34 .\CortexM4\ARM_GCC_541\Debug\pervasive_eink_hardware_driver.o
                0x100816a4                Pv_EINK_DummyLine
 .text.Pv_EINK_HardwarePowerOn
                0x100816d8       0x44 .\CortexM4\ARM_GCC_541\Debug\pervasive_eink_hardware_driver.o
                0x100816d8                Pv_EINK_HardwarePowerOn
 .text.Pv_EINK_HardwarePowerOff
                0x1008171c       0xa8 .\CortexM4\ARM_GCC_541\Debug\pervasive_eink_hardware_driver.o
                0x1008171c                Pv_EINK_HardwarePowerOff
 .text.Cy_EINK_TimerInit
                0x100817c4       0x14 .\CortexM4\ARM_GCC_541\Debug\cy_eink_psoc_interface.o
                0x100817c4                Cy_EINK_TimerInit
 .text.Cy_EINK_GetTimeTick
                0x100817d8        0xc .\CortexM4\ARM_GCC_541\Debug\cy_eink_psoc_interface.o
                0x100817d8                Cy_EINK_GetTimeTick
 .text.Cy_EINK_TimerStop
                0x100817e4        0xc .\CortexM4\ARM_GCC_541\Debug\cy_eink_psoc_interface.o
                0x100817e4                Cy_EINK_TimerStop
 .text.Cy_EINK_InitSPI
                0x100817f0       0x30 .\CortexM4\ARM_GCC_541\Debug\cy_eink_psoc_interface.o
                0x100817f0                Cy_EINK_InitSPI
 .text.Cy_EINK_AttachSPI
                0x10081820       0x1c .\CortexM4\ARM_GCC_541\Debug\cy_eink_psoc_interface.o
                0x10081820                Cy_EINK_AttachSPI
 .text.Cy_EINK_DetachSPI
                0x1008183c       0x14 .\CortexM4\ARM_GCC_541\Debug\cy_eink_psoc_interface.o
                0x1008183c                Cy_EINK_DetachSPI
 .text.Cy_EINK_WriteSPI
                0x10081850       0x60 .\CortexM4\ARM_GCC_541\Debug\cy_eink_psoc_interface.o
                0x10081850                Cy_EINK_WriteSPI
 .text.Cy_EINK_ReadSPI
                0x100818b0       0x68 .\CortexM4\ARM_GCC_541\Debug\cy_eink_psoc_interface.o
                0x100818b0                Cy_EINK_ReadSPI
 .text.Cy_EINK_IsBusy
                0x10081918       0x18 .\CortexM4\ARM_GCC_541\Debug\cy_eink_psoc_interface.o
                0x10081918                Cy_EINK_IsBusy
 .text.Cy_IPC_SystemPipeIsr
                0x10081930        0xc .\CortexM4\ARM_GCC_541\Debug\cy_ipc_config.o
 .text.Cy_IPC_SystemSemaInit
                0x1008193c       0x10 .\CortexM4\ARM_GCC_541\Debug\cy_ipc_config.o
                0x1008193c                Cy_IPC_SystemSemaInit
 .text.Cy_IPC_SystemPipeInit
                0x1008194c       0x24 .\CortexM4\ARM_GCC_541\Debug\cy_ipc_config.o
                0x1008194c                Cy_IPC_SystemPipeInit
 .text.Cy_BLE_Start
                0x10081970       0x38 .\CortexM4\ARM_GCC_541\Debug\BLE.o
                0x10081970                Cy_BLE_Start
 .text.CapSense_Initialize
                0x100819a8       0x24 .\CortexM4\ARM_GCC_541\Debug\CapSense_Control.o
                0x100819a8                CapSense_Initialize
 .text.CapSense_Start
                0x100819cc       0x24 .\CortexM4\ARM_GCC_541\Debug\CapSense_Control.o
                0x100819cc                CapSense_Start
 .text.CapSense_ProcessAllWidgets
                0x100819f0       0x44 .\CortexM4\ARM_GCC_541\Debug\CapSense_Control.o
                0x100819f0                CapSense_ProcessAllWidgets
 .text.CapSense_DpInitialize
                0x10081a34       0x58 .\CortexM4\ARM_GCC_541\Debug\CapSense_Processing.o
                0x10081a34                CapSense_DpInitialize
 .text.CapSense_DpUpdateDifferences
                0x10081a8c       0x18 .\CortexM4\ARM_GCC_541\Debug\CapSense_Processing.o
                0x10081a8c                CapSense_DpUpdateDifferences
 .text.CapSense_DpProcessCsdWidgetRawCounts
                0x10081aa4       0x38 .\CortexM4\ARM_GCC_541\Debug\CapSense_Processing.o
                0x10081aa4                CapSense_DpProcessCsdWidgetRawCounts
 .text.CapSense_DpProcessButton
                0x10081adc       0x64 .\CortexM4\ARM_GCC_541\Debug\CapSense_Processing.o
                0x10081adc                CapSense_DpProcessButton
 .text.CapSense_DpProcessCsdWidgetStatus
                0x10081b40       0x64 .\CortexM4\ARM_GCC_541\Debug\CapSense_Processing.o
                0x10081b40                CapSense_DpProcessCsdWidgetStatus
 .text.CapSense_DsInitialize
                0x10081ba4       0x44 .\CortexM4\ARM_GCC_541\Debug\CapSense_Structure.o
                0x10081ba4                CapSense_DsInitialize
 .text.CapSense_TuInitialize
                0x10081be8       0x14 .\CortexM4\ARM_GCC_541\Debug\CapSense_Tuner.o
                0x10081be8                CapSense_TuInitialize
 .text.CapSense_FtInitialize
                0x10081bfc        0x4 .\CortexM4\ARM_GCC_541\Debug\CapSense_Filter.o
                0x10081bfc                CapSense_FtInitialize
 .text.CapSense_FtInitializeBaselineChannel
                0x10081c00       0x20 .\CortexM4\ARM_GCC_541\Debug\CapSense_Filter.o
                0x10081c00                CapSense_FtInitializeBaselineChannel
 .text.CapSense_FtInitializeBaseline
                0x10081c20       0x20 .\CortexM4\ARM_GCC_541\Debug\CapSense_Filter.o
                0x10081c20                CapSense_FtInitializeBaseline
 .text.CapSense_InitializeSensorBaseline
                0x10081c40       0x28 .\CortexM4\ARM_GCC_541\Debug\CapSense_Filter.o
                0x10081c40                CapSense_InitializeSensorBaseline
 .text.CapSense_InitializeWidgetBaseline
                0x10081c68       0x28 .\CortexM4\ARM_GCC_541\Debug\CapSense_Filter.o
                0x10081c68                CapSense_InitializeWidgetBaseline
 .text.CapSense_InitializeAllBaselines
                0x10081c90       0x18 .\CortexM4\ARM_GCC_541\Debug\CapSense_Filter.o
                0x10081c90                CapSense_InitializeAllBaselines
 .text.CapSense_FtIIR1stOrder
                0x10081ca8       0x14 .\CortexM4\ARM_GCC_541\Debug\CapSense_Filter.o
                0x10081ca8                CapSense_FtIIR1stOrder
 .text.CapSense_FtUpdateBaseline
                0x10081cbc       0x8c .\CortexM4\ARM_GCC_541\Debug\CapSense_Filter.o
                0x10081cbc                CapSense_FtUpdateBaseline
 .text.CapSense_SsSetWidgetSenseClkSrc
                0x10081d48        0x8 .\CortexM4\ARM_GCC_541\Debug\CapSense_Sensing.o
 .text.CapSense_IsBusy
                0x10081d50       0x10 .\CortexM4\ARM_GCC_541\Debug\CapSense_Sensing.o
                0x10081d50                CapSense_IsBusy
 .text.CapSense_SetupWidget
                0x10081d60       0x44 .\CortexM4\ARM_GCC_541\Debug\CapSense_Sensing.o
                0x10081d60                CapSense_SetupWidget
 .text.CapSense_Scan
                0x10081da4       0x1c .\CortexM4\ARM_GCC_541\Debug\CapSense_Sensing.o
                0x10081da4                CapSense_Scan
 .text.CapSense_ScanAllWidgets
                0x10081dc0       0x54 .\CortexM4\ARM_GCC_541\Debug\CapSense_Sensing.o
                0x10081dc0                CapSense_ScanAllWidgets
 .text.CapSense_SsSetIOsInDefaultState
                0x10081e14       0x28 .\CortexM4\ARM_GCC_541\Debug\CapSense_Sensing.o
                0x10081e14                CapSense_SsSetIOsInDefaultState
 .text.CapSense_SsPostAllWidgetsScan
                0x10081e3c       0x7c .\CortexM4\ARM_GCC_541\Debug\CapSense_Sensing.o
                0x10081e3c                CapSense_SsPostAllWidgetsScan
 .text.CapSense_SsIsrInitialize
                0x10081eb8       0x58 .\CortexM4\ARM_GCC_541\Debug\CapSense_Sensing.o
                0x10081eb8                CapSense_SsIsrInitialize
 .text.CapSense_SsInitializeSourceSenseClk
                0x10081f10       0x24 .\CortexM4\ARM_GCC_541\Debug\CapSense_Sensing.o
                0x10081f10                CapSense_SsInitializeSourceSenseClk
 .text.CapSense_SsInitialize
                0x10081f34       0x14 .\CortexM4\ARM_GCC_541\Debug\CapSense_Sensing.o
                0x10081f34                CapSense_SsInitialize
 .text.CapSense_SsClearCSDSensors
                0x10081f48       0x3c .\CortexM4\ARM_GCC_541\Debug\CapSense_Sensing.o
                0x10081f48                CapSense_SsClearCSDSensors
 .text.CapSense_BistDischargeExtCapacitors
                0x10081f84       0x38 .\CortexM4\ARM_GCC_541\Debug\CapSense_Sensing.o
                0x10081f84                CapSense_BistDischargeExtCapacitors
 .text.CapSense_SsCSDPostScan
                0x10081fbc       0x54 .\CortexM4\ARM_GCC_541\Debug\CapSense_INT.o
 .text.CapSense_SsCSDInitNextScan
                0x10082010       0x9c .\CortexM4\ARM_GCC_541\Debug\CapSense_INT.o
 .text.CapSense_CSDPostMultiScan
                0x100820ac       0x44 .\CortexM4\ARM_GCC_541\Debug\CapSense_INT.o
                0x100820ac                CapSense_CSDPostMultiScan
 .text.CapSense_SsCSDSetModeSnsClockDivider
                0x100820f0       0x10 .\CortexM4\ARM_GCC_541\Debug\CapSense_SensingCSD_LL.o
 .text.CapSense_SsCSDSetFilterDelay
                0x10082100       0x54 .\CortexM4\ARM_GCC_541\Debug\CapSense_SensingCSD_LL.o
 .text.CapSense_SsCSDConfigIDACs
                0x10082154       0x10 .\CortexM4\ARM_GCC_541\Debug\CapSense_SensingCSD_LL.o
 .text.CapSense_SsCSDCmodPrecharge
                0x10082164       0x6c .\CortexM4\ARM_GCC_541\Debug\CapSense_SensingCSD_LL.o
 .text.CapSense_SsCSDTriggerScan
                0x100821d0       0x8c .\CortexM4\ARM_GCC_541\Debug\CapSense_SensingCSD_LL.o
 .text.CapSense_SsCSDInitialize
                0x1008225c      0x128 .\CortexM4\ARM_GCC_541\Debug\CapSense_SensingCSD_LL.o
                0x1008225c                CapSense_SsCSDInitialize
 .text.CapSense_SsCSDSetUpIdacs
                0x10082384       0x2c .\CortexM4\ARM_GCC_541\Debug\CapSense_SensingCSD_LL.o
                0x10082384                CapSense_SsCSDSetUpIdacs
 .text.CapSense_SsCSDGetNumberOfConversions
                0x100823b0       0x2c .\CortexM4\ARM_GCC_541\Debug\CapSense_SensingCSD_LL.o
                0x100823b0                CapSense_SsCSDGetNumberOfConversions
 .text.CapSense_SsCSDConfigClock
                0x100823dc       0x30 .\CortexM4\ARM_GCC_541\Debug\CapSense_SensingCSD_LL.o
                0x100823dc                CapSense_SsCSDConfigClock
 .text.CapSense_SsCSDCalculateScanDuration
                0x1008240c       0x18 .\CortexM4\ARM_GCC_541\Debug\CapSense_SensingCSD_LL.o
                0x1008240c                CapSense_SsCSDCalculateScanDuration
 .text.CapSense_SsCSDStartSample
                0x10082424       0x44 .\CortexM4\ARM_GCC_541\Debug\CapSense_SensingCSD_LL.o
                0x10082424                CapSense_SsCSDStartSample
 .text.CapSense_CSDScanExt
                0x10082468       0x20 .\CortexM4\ARM_GCC_541\Debug\CapSense_SensingCSD_LL.o
                0x10082468                CapSense_CSDScanExt
 .text.CapSense_CSDConnectSns
                0x10082488       0x98 .\CortexM4\ARM_GCC_541\Debug\CapSense_SensingCSD_LL.o
                0x10082488                CapSense_CSDConnectSns
 .text.CapSense_CSDScan
                0x10082520       0x74 .\CortexM4\ARM_GCC_541\Debug\CapSense_SensingCSD_LL.o
                0x10082520                CapSense_CSDScan
 .text.CapSense_SsCSDConnectSensorExt
                0x10082594       0x24 .\CortexM4\ARM_GCC_541\Debug\CapSense_SensingCSD_LL.o
                0x10082594                CapSense_SsCSDConnectSensorExt
 .text.CapSense_CSDDisconnectSns
                0x100825b8       0xa4 .\CortexM4\ARM_GCC_541\Debug\CapSense_SensingCSD_LL.o
                0x100825b8                CapSense_CSDDisconnectSns
 .text.CapSense_SsCSDElectrodeCheck
                0x1008265c       0x24 .\CortexM4\ARM_GCC_541\Debug\CapSense_SensingCSD_LL.o
                0x1008265c                CapSense_SsCSDElectrodeCheck
 .text.CapSense_CSDSetupWidget
                0x10082680       0x54 .\CortexM4\ARM_GCC_541\Debug\CapSense_SensingCSD_LL.o
                0x10082680                CapSense_CSDSetupWidget
 .text.CY_EINK_Timer_Start
                0x100826d4       0x30 .\CortexM4\ARM_GCC_541\Debug\CY_EINK_Timer.o
                0x100826d4                CY_EINK_Timer_Start
 .text.Cy_SysInt_SetVector
                0x10082704       0x44 .\CortexM4\ARM_GCC_541\Debug\cy_sysint.o
                0x10082704                Cy_SysInt_SetVector
 .text.Cy_SysInt_Init
                0x10082748       0x7c .\CortexM4\ARM_GCC_541\Debug\cy_sysint.o
                0x10082748                Cy_SysInt_Init
 .text.Cy_IPC_Drv_LockRelease
                0x100827c4       0x30 .\CortexM4\ARM_GCC_541\Debug\cy_ipc_drv.o
                0x100827c4                Cy_IPC_Drv_LockRelease
 .text.Cy_IPC_Drv_SendMsgWord
                0x100827f4       0x3c .\CortexM4\ARM_GCC_541\Debug\cy_ipc_drv.o
                0x100827f4                Cy_IPC_Drv_SendMsgWord
 .text.Cy_IPC_Drv_ReadMsgWord
                0x10082830       0x2c .\CortexM4\ARM_GCC_541\Debug\cy_ipc_drv.o
                0x10082830                Cy_IPC_Drv_ReadMsgWord
 .text.Cy_IPC_Sema_Init
                0x1008285c       0xb0 .\CortexM4\ARM_GCC_541\Debug\cy_ipc_sema.o
                0x1008285c                Cy_IPC_Sema_Init
 .text.Cy_IPC_Sema_Clear
                0x1008290c       0x88 .\CortexM4\ARM_GCC_541\Debug\cy_ipc_sema.o
                0x1008290c                Cy_IPC_Sema_Clear
 .text.Cy_IPC_Sema_Status
                0x10082994       0x40 .\CortexM4\ARM_GCC_541\Debug\cy_ipc_sema.o
                0x10082994                Cy_IPC_Sema_Status
 .text.Cy_IPC_Pipe_Config
                0x100829d4       0x10 .\CortexM4\ARM_GCC_541\Debug\cy_ipc_pipe.o
                0x100829d4                Cy_IPC_Pipe_Config
 .text.Cy_IPC_Pipe_EndpointInit
                0x100829e4       0xc8 .\CortexM4\ARM_GCC_541\Debug\cy_ipc_pipe.o
                0x100829e4                Cy_IPC_Pipe_EndpointInit
 .text.Cy_IPC_Pipe_Init
                0x10082aac       0xc4 .\CortexM4\ARM_GCC_541\Debug\cy_ipc_pipe.o
                0x10082aac                Cy_IPC_Pipe_Init
 .text.Cy_IPC_Pipe_SendMessage
                0x10082b70       0xc0 .\CortexM4\ARM_GCC_541\Debug\cy_ipc_pipe.o
                0x10082b70                Cy_IPC_Pipe_SendMessage
 .text.Cy_IPC_Pipe_RegisterCallback
                0x10082c30       0x60 .\CortexM4\ARM_GCC_541\Debug\cy_ipc_pipe.o
                0x10082c30                Cy_IPC_Pipe_RegisterCallback
 .text.Cy_IPC_Pipe_RegisterCallbackRel
                0x10082c90       0x3c .\CortexM4\ARM_GCC_541\Debug\cy_ipc_pipe.o
                0x10082c90                Cy_IPC_Pipe_RegisterCallbackRel
 .text.Cy_IPC_Pipe_ExecCallback
                0x10082ccc       0xb0 .\CortexM4\ARM_GCC_541\Debug\cy_ipc_pipe.o
                0x10082ccc                Cy_IPC_Pipe_ExecCallback
 .text.Cy_IPC_Pipe_ExecuteCallback
                0x10082d7c       0x3c .\CortexM4\ARM_GCC_541\Debug\cy_ipc_pipe.o
                0x10082d7c                Cy_IPC_Pipe_ExecuteCallback
 .text.Cy_IPC_Pipe_EndpointPause
                0x10082db8       0x60 .\CortexM4\ARM_GCC_541\Debug\cy_ipc_pipe.o
                0x10082db8                Cy_IPC_Pipe_EndpointPause
 .text.Cy_IPC_Pipe_EndpointResume
                0x10082e18       0x58 .\CortexM4\ARM_GCC_541\Debug\cy_ipc_pipe.o
                0x10082e18                Cy_IPC_Pipe_EndpointResume
 .text.Cy_MCWDT_Init
                0x10082e70       0xe4 .\CortexM4\ARM_GCC_541\Debug\cy_mcwdt.o
                0x10082e70                Cy_MCWDT_Init
 .text.Cy_TCPWM_Counter_Init
                0x10082f54      0x110 .\CortexM4\ARM_GCC_541\Debug\cy_tcpwm_counter.o
                0x10082f54                Cy_TCPWM_Counter_Init
 .text.Cy_SCB_Write
                0x10083064       0x28 .\CortexM4\ARM_GCC_541\Debug\cy_scb_common.o
                0x10083064                Cy_SCB_Write
 .text.Cy_SCB_WriteArrayNoCheck
                0x1008308c       0x38 .\CortexM4\ARM_GCC_541\Debug\cy_scb_common.o
                0x1008308c                Cy_SCB_WriteArrayNoCheck
 .text.Cy_SCB_WriteArray
                0x100830c4       0x2c .\CortexM4\ARM_GCC_541\Debug\cy_scb_common.o
                0x100830c4                Cy_SCB_WriteArray
 .text.Cy_SCB_SPI_Init
                0x100830f0      0x28c .\CortexM4\ARM_GCC_541\Debug\cy_scb_spi.o
                0x100830f0                Cy_SCB_SPI_Init
 .text.Cy_SCB_SPI_Disable
                0x1008337c       0x24 .\CortexM4\ARM_GCC_541\Debug\cy_scb_spi.o
                0x1008337c                Cy_SCB_SPI_Disable
 .text.Cy_SCB_UART_Init
                0x100833a0      0x370 .\CortexM4\ARM_GCC_541\Debug\cy_scb_uart.o
                0x100833a0                Cy_SCB_UART_Init
 .text.Cy_Flash_ProcessOpcode
                0x10083710       0xac .\CortexM4\ARM_GCC_541\Debug\cy_flash.o
 .text.Cy_Flash_OperationStatus
                0x100837bc       0x44 .\CortexM4\ARM_GCC_541\Debug\cy_flash.o
 .text.Cy_Flash_Init
                0x10083800       0x4c .\CortexM4\ARM_GCC_541\Debug\cy_flash.o
                0x10083800                Cy_Flash_Init
 .text.Cy_GPIO_Pin_FastInit
                0x1008384c       0xf0 .\CortexM4\ARM_GCC_541\Debug\cy_gpio.o
                0x1008384c                Cy_GPIO_Pin_FastInit
 .text.Cy_SysPm_RegisterCallback
                0x1008393c       0x70 .\CortexM4\ARM_GCC_541\Debug\cy_syspm.o
                0x1008393c                Cy_SysPm_RegisterCallback
 .text.Cy_SysPm_UnregisterCallback
                0x100839ac       0x60 .\CortexM4\ARM_GCC_541\Debug\cy_syspm.o
                0x100839ac                Cy_SysPm_UnregisterCallback
 .text.Cy_SysLib_Delay
                0x10083a0c       0x30 .\CortexM4\ARM_GCC_541\Debug\cy_syslib.o
                0x10083a0c                Cy_SysLib_Delay
 .text.Cy_SysLib_DelayUs
                0x10083a3c       0x14 .\CortexM4\ARM_GCC_541\Debug\cy_syslib.o
                0x10083a3c                Cy_SysLib_DelayUs
 .text.Cy_SysLib_Halt
                0x10083a50        0x4 .\CortexM4\ARM_GCC_541\Debug\cy_syslib.o
                0x10083a50                Cy_SysLib_Halt
 .text.Cy_SysLib_AssertFailed
                0x10083a54       0x1c .\CortexM4\ARM_GCC_541\Debug\cy_syslib.o
                0x10083a54                Cy_SysLib_AssertFailed
 .text.Cy_SysLib_ProcessingFault
                0x10083a70        0x4 .\CortexM4\ARM_GCC_541\Debug\cy_syslib.o
                0x10083a70                Cy_SysLib_ProcessingFault
 .text.Cy_SysLib_FaultHandler
                0x10083a74       0xa4 .\CortexM4\ARM_GCC_541\Debug\cy_syslib.o
                0x10083a74                Cy_SysLib_FaultHandler
 .text          0x10083b18       0x20 .\CortexM4\ARM_GCC_541\Debug\cy_syslib_gcc.o
                0x10083b18                Cy_SysLib_DelayCycles
                0x10083b2a                Cy_SysLib_EnterCriticalSection
                0x10083b32                Cy_SysLib_ExitCriticalSection
 .text.Cy_BLE_DeepSleepCallback
                0x10083b38       0x8c .\CortexM4\ARM_GCC_541\Debug\cy_ble.o
                0x10083b38                Cy_BLE_DeepSleepCallback
 .text.Cy_BLE_SleepCallback
                0x10083bc4       0x68 .\CortexM4\ARM_GCC_541\Debug\cy_ble.o
                0x10083bc4                Cy_BLE_SleepCallback
 .text.Cy_BLE_UnregisterHostPMCallbacks
                0x10083c2c       0x18 .\CortexM4\ARM_GCC_541\Debug\cy_ble.o
                0x10083c2c                Cy_BLE_UnregisterHostPMCallbacks
 .text.Cy_BLE_Init
                0x10083c44       0x48 .\CortexM4\ARM_GCC_541\Debug\cy_ble.o
                0x10083c44                Cy_BLE_Init
 .text.Cy_BLE_Enable
                0x10083c8c       0xe8 .\CortexM4\ARM_GCC_541\Debug\cy_ble.o
                0x10083c8c                Cy_BLE_Enable
 .text.Cy_BLE_IPC_HostMsgFlushRecvCallBack
                0x10083d74       0x1c .\CortexM4\ARM_GCC_541\Debug\cy_ble_hal_pvt.o
 .text.Cy_BLE_IPC_HostMsgRecvCallBack
                0x10083d90       0x1c .\CortexM4\ARM_GCC_541\Debug\cy_ble_hal_pvt.o
 .text.Cy_BLE_HAL_BlockCalcCRC8
                0x10083dac       0x34 .\CortexM4\ARM_GCC_541\Debug\cy_ble_hal_pvt.o
                0x10083dac                Cy_BLE_HAL_BlockCalcCRC8
 .text.Cy_BLE_HAL_EnterCriticalSection
                0x10083de0        0x8 .\CortexM4\ARM_GCC_541\Debug\cy_ble_hal_pvt.o
                0x10083de0                Cy_BLE_HAL_EnterCriticalSection
 .text.Cy_BLE_HAL_ExitCriticalSection
                0x10083de8        0x8 .\CortexM4\ARM_GCC_541\Debug\cy_ble_hal_pvt.o
                0x10083de8                Cy_BLE_HAL_ExitCriticalSection
 .text.Cy_BLE_Ipc_Cypipe_Isr_Enable
                0x10083df0        0xc .\CortexM4\ARM_GCC_541\Debug\cy_ble_hal_pvt.o
                0x10083df0                Cy_BLE_Ipc_Cypipe_Isr_Enable
 .text.Cy_BLE_HAL_EnableGlobalInterrupts
                0x10083dfc        0x8 .\CortexM4\ARM_GCC_541\Debug\cy_ble_hal_pvt.o
                0x10083dfc                Cy_BLE_HAL_EnableGlobalInterrupts
 .text.Cy_BLE_Ipc_Cypipe_Isr_Disable
                0x10083e04        0xc .\CortexM4\ARM_GCC_541\Debug\cy_ble_hal_pvt.o
                0x10083e04                Cy_BLE_Ipc_Cypipe_Isr_Disable
 .text.Cy_BLE_HAL_DisableGlobalInterrupts
                0x10083e10        0x8 .\CortexM4\ARM_GCC_541\Debug\cy_ble_hal_pvt.o
                0x10083e10                Cy_BLE_HAL_DisableGlobalInterrupts
 .text.Cy_BLE_IPC_HostRegisterClientCallbacks
                0x10083e18       0x34 .\CortexM4\ARM_GCC_541\Debug\cy_ble_hal_pvt.o
                0x10083e18                Cy_BLE_IPC_HostRegisterClientCallbacks
 .text.Cy_BLE_IPC_SendMessageToController
                0x10083e4c       0x20 .\CortexM4\ARM_GCC_541\Debug\cy_ble_hal_pvt.o
                0x10083e4c                Cy_BLE_IPC_SendMessageToController
 .text.Cy_BLE_HAL_EccHeapInit
                0x10083e6c        0x4 .\CortexM4\ARM_GCC_541\Debug\cy_ble_hal_pvt.o
                0x10083e6c                Cy_BLE_HAL_EccHeapInit
 .text.Cy_BLE_HAL_EccHeapDeInit
                0x10083e70        0x4 .\CortexM4\ARM_GCC_541\Debug\cy_ble_hal_pvt.o
                0x10083e70                Cy_BLE_HAL_EccHeapDeInit
 .text.Cy_BLE_HAL_EccGetFeatureHeapReq
                0x10083e74        0x4 .\CortexM4\ARM_GCC_541\Debug\cy_ble_hal_pvt.o
                0x10083e74                Cy_BLE_HAL_EccGetFeatureHeapReq
 .text.Cy_BLE_HAL_PairingLocalPublicKeyHandler
                0x10083e78        0x8 .\CortexM4\ARM_GCC_541\Debug\cy_ble_hal_pvt.o
                0x10083e78                Cy_BLE_HAL_PairingLocalPublicKeyHandler
 .text.Cy_BLE_HAL_PairingRemoteKeyHandler
                0x10083e80        0x8 .\CortexM4\ARM_GCC_541\Debug\cy_ble_hal_pvt.o
                0x10083e80                Cy_BLE_HAL_PairingRemoteKeyHandler
 .text.Cy_BLE_HAL_PairingDhkeyHandler
                0x10083e88        0x8 .\CortexM4\ARM_GCC_541\Debug\cy_ble_hal_pvt.o
                0x10083e88                Cy_BLE_HAL_PairingDhkeyHandler
 .text.Cy_BLE_HAL_PairingDhkeyCheckHandler
                0x10083e90        0x8 .\CortexM4\ARM_GCC_541\Debug\cy_ble_hal_pvt.o
                0x10083e90                Cy_BLE_HAL_PairingDhkeyCheckHandler
 .text.Cy_BLE_HAL_PairingKeypressNotificationHandler
                0x10083e98        0x8 .\CortexM4\ARM_GCC_541\Debug\cy_ble_hal_pvt.o
                0x10083e98                Cy_BLE_HAL_PairingKeypressNotificationHandler
 .text.Cy_BLE_HAL_PairingRandHandler
                0x10083ea0        0x8 .\CortexM4\ARM_GCC_541\Debug\cy_ble_hal_pvt.o
                0x10083ea0                Cy_BLE_HAL_PairingRandHandler
 .text.Cy_BLE_HAL_PairingConfirmHandler
                0x10083ea8        0x8 .\CortexM4\ARM_GCC_541\Debug\cy_ble_hal_pvt.o
                0x10083ea8                Cy_BLE_HAL_PairingConfirmHandler
 .text.Cy_BLE_HAL_PairingLrConfirmingHandler
                0x10083eb0        0x8 .\CortexM4\ARM_GCC_541\Debug\cy_ble_hal_pvt.o
                0x10083eb0                Cy_BLE_HAL_PairingLrConfirmingHandler
 .text.Cy_BLE_HAL_PairingScTbxLocalPubkeyGenerateComplete
                0x10083eb8        0x8 .\CortexM4\ARM_GCC_541\Debug\cy_ble_hal_pvt.o
                0x10083eb8                Cy_BLE_HAL_PairingScTbxLocalPubkeyGenerateComplete
 .text.Cy_BLE_HAL_PairingScTbxGenerateLocalP256PublicKey
                0x10083ec0        0x8 .\CortexM4\ARM_GCC_541\Debug\cy_ble_hal_pvt.o
                0x10083ec0                Cy_BLE_HAL_PairingScTbxGenerateLocalP256PublicKey
 .text.Cy_BLE_HAL_SeSmpScUserPasskeyHandler
                0x10083ec8        0x8 .\CortexM4\ARM_GCC_541\Debug\cy_ble_hal_pvt.o
                0x10083ec8                Cy_BLE_HAL_SeSmpScUserPasskeyHandler
 .text.Cy_BLE_HAL_EccPointMult
                0x10083ed0        0x4 .\CortexM4\ARM_GCC_541\Debug\cy_ble_hal_pvt.o
                0x10083ed0                Cy_BLE_HAL_EccPointMult
 .text.Cy_BLE_ServiceInit
                0x10083ed4       0x10 .\CortexM4\ARM_GCC_541\Debug\cy_ble_gap.o
                0x10083ed4                Cy_BLE_ServiceInit
 .text.Cy_BLE_GAPP_StartAdvertisement
                0x10083ee4      0x120 .\CortexM4\ARM_GCC_541\Debug\cy_ble_gap.o
                0x10083ee4                Cy_BLE_GAPP_StartAdvertisement
 .text.Cy_BLE_ChangeAdDeviceAddress
                0x10084004       0x5c .\CortexM4\ARM_GCC_541\Debug\cy_ble_gap.o
                0x10084004                Cy_BLE_ChangeAdDeviceAddress
 .text.Cy_BLE_GATTS_WriteAttributeValueCCCD
                0x10084060       0x50 .\CortexM4\ARM_GCC_541\Debug\cy_ble_gatt.o
                0x10084060                Cy_BLE_GATTS_WriteAttributeValueCCCD
 .text.Cy_BLE_GATTS_WriteEventHandler
                0x100840b0       0x84 .\CortexM4\ARM_GCC_541\Debug\cy_ble_gatt.o
                0x100840b0                Cy_BLE_GATTS_WriteEventHandler
 .text.Cy_BLE_GATTS_ReadAttributeValueCCCDReqHandler
                0x10084134       0x58 .\CortexM4\ARM_GCC_541\Debug\cy_ble_gatt.o
                0x10084134                Cy_BLE_GATTS_ReadAttributeValueCCCDReqHandler
 .text.Cy_BLE_SendWriteResponse
                0x1008418c       0x44 .\CortexM4\ARM_GCC_541\Debug\cy_ble_event_handler.o
 .text.Cy_BLE_RegisterServiceEventHandler
                0x100841d0       0x5c .\CortexM4\ARM_GCC_541\Debug\cy_ble_event_handler.o
                0x100841d0                Cy_BLE_RegisterServiceEventHandler
 .text.Cy_BLE_InvokeServiceEventHandler
                0x1008422c       0x38 .\CortexM4\ARM_GCC_541\Debug\cy_ble_event_handler.o
                0x1008422c                Cy_BLE_InvokeServiceEventHandler
 .text.Cy_BLE_IsDeviceAddressValid
                0x10084264       0x20 .\CortexM4\ARM_GCC_541\Debug\cy_ble_event_handler.o
                0x10084264                Cy_BLE_IsDeviceAddressValid
 .text.Cy_BLE_EventHandler
                0x10084284      0x5e4 .\CortexM4\ARM_GCC_541\Debug\cy_ble_event_handler.o
                0x10084284                Cy_BLE_EventHandler
 .text.Cy_BLE_CUSTOM_EventHandler
                0x10084868        0x4 .\CortexM4\ARM_GCC_541\Debug\cy_ble_custom.o
 .text.Cy_BLE_CUSTOM_Init
                0x1008486c       0x20 .\CortexM4\ARM_GCC_541\Debug\cy_ble_custom.o
                0x1008486c                Cy_BLE_CUSTOM_Init
 .text.memcmp   0x1008488c       0x1e d:/cypress creator/psoc creator/4.2/psoc creator/import/gnu/arm/5.4.1/bin/../lib/gcc/arm-none-eabi/5.4.1/../../../../arm-none-eabi/lib/armv7e-m/softfp\libg_nano.a(lib_a-memcmp.o)
                0x1008488c                memcmp
 .text.memcpy   0x100848aa       0x16 d:/cypress creator/psoc creator/4.2/psoc creator/import/gnu/arm/5.4.1/bin/../lib/gcc/arm-none-eabi/5.4.1/../../../../arm-none-eabi/lib/armv7e-m/softfp\libg_nano.a(lib_a-memcpy-stub.o)
                0x100848aa                memcpy
 .text.memset   0x100848c0       0x10 d:/cypress creator/psoc creator/4.2/psoc creator/import/gnu/arm/5.4.1/bin/../lib/gcc/arm-none-eabi/5.4.1/../../../../arm-none-eabi/lib/armv7e-m/softfp\libg_nano.a(lib_a-memset.o)
                0x100848c0                memset
 .text.printf   0x100848d0       0x30 d:/cypress creator/psoc creator/4.2/psoc creator/import/gnu/arm/5.4.1/bin/../lib/gcc/arm-none-eabi/5.4.1/../../../../arm-none-eabi/lib/armv7e-m/softfp\libg_nano.a(lib_a-printf.o)
                0x100848d0                iprintf
                0x100848d0                printf
 .text.strncpy  0x10084900       0x26 d:/cypress creator/psoc creator/4.2/psoc creator/import/gnu/arm/5.4.1/bin/../lib/gcc/arm-none-eabi/5.4.1/../../../../arm-none-eabi/lib/armv7e-m/softfp\libg_nano.a(lib_a-strncpy.o)
                0x10084900                strncpy
 *fill*         0x10084926        0x2 
 .text._cleanup_r
                0x10084928        0xc d:/cypress creator/psoc creator/4.2/psoc creator/import/gnu/arm/5.4.1/bin/../lib/gcc/arm-none-eabi/5.4.1/../../../../arm-none-eabi/lib/armv7e-m/softfp\libg_nano.a(lib_a-findfp.o)
                0x10084928                _cleanup_r
 .text.std.isra.0
                0x10084934       0x48 d:/cypress creator/psoc creator/4.2/psoc creator/import/gnu/arm/5.4.1/bin/../lib/gcc/arm-none-eabi/5.4.1/../../../../arm-none-eabi/lib/armv7e-m/softfp\libg_nano.a(lib_a-findfp.o)
 .text.__sfmoreglue
                0x1008497c       0x2c d:/cypress creator/psoc creator/4.2/psoc creator/import/gnu/arm/5.4.1/bin/../lib/gcc/arm-none-eabi/5.4.1/../../../../arm-none-eabi/lib/armv7e-m/softfp\libg_nano.a(lib_a-findfp.o)
                0x1008497c                __sfmoreglue
 .text.__sinit  0x100849a8       0x60 d:/cypress creator/psoc creator/4.2/psoc creator/import/gnu/arm/5.4.1/bin/../lib/gcc/arm-none-eabi/5.4.1/../../../../arm-none-eabi/lib/armv7e-m/softfp\libg_nano.a(lib_a-findfp.o)
                0x100849a8                __sinit
 .text.__sfp    0x10084a08       0x78 d:/cypress creator/psoc creator/4.2/psoc creator/import/gnu/arm/5.4.1/bin/../lib/gcc/arm-none-eabi/5.4.1/../../../../arm-none-eabi/lib/armv7e-m/softfp\libg_nano.a(lib_a-findfp.o)
                0x10084a08                __sfp
 .text._fwalk_reent
                0x10084a80       0x3c d:/cypress creator/psoc creator/4.2/psoc creator/import/gnu/arm/5.4.1/bin/../lib/gcc/arm-none-eabi/5.4.1/../../../../arm-none-eabi/lib/armv7e-m/softfp\libg_nano.a(lib_a-fwalk.o)
                0x10084a80                _fwalk_reent
 .text._malloc_r
                0x10084abc       0xbc d:/cypress creator/psoc creator/4.2/psoc creator/import/gnu/arm/5.4.1/bin/../lib/gcc/arm-none-eabi/5.4.1/../../../../arm-none-eabi/lib/armv7e-m/softfp\libg_nano.a(lib_a-nano-mallocr.o)
                0x10084abc                _malloc_r
 .text.__sfputc_r
                0x10084b78       0x30 d:/cypress creator/psoc creator/4.2/psoc creator/import/gnu/arm/5.4.1/bin/../lib/gcc/arm-none-eabi/5.4.1/../../../../arm-none-eabi/lib/armv7e-m/softfp\libg_nano.a(lib_a-nano-vfprintf.o)
 .text.__sfputs_r
                0x10084ba8       0x24 d:/cypress creator/psoc creator/4.2/psoc creator/import/gnu/arm/5.4.1/bin/../lib/gcc/arm-none-eabi/5.4.1/../../../../arm-none-eabi/lib/armv7e-m/softfp\libg_nano.a(lib_a-nano-vfprintf.o)
                0x10084ba8                __sfputs_r
 .text._vfprintf_r
                0x10084bcc      0x238 d:/cypress creator/psoc creator/4.2/psoc creator/import/gnu/arm/5.4.1/bin/../lib/gcc/arm-none-eabi/5.4.1/../../../../arm-none-eabi/lib/armv7e-m/softfp\libg_nano.a(lib_a-nano-vfprintf.o)
                0x10084bcc                _vfprintf_r
                0x10084bcc                _vfiprintf_r
 .text._printf_common
                0x10084e04       0xec d:/cypress creator/psoc creator/4.2/psoc creator/import/gnu/arm/5.4.1/bin/../lib/gcc/arm-none-eabi/5.4.1/../../../../arm-none-eabi/lib/armv7e-m/softfp\libg_nano.a(lib_a-nano-vfprintf_i.o)
                0x10084e04                _printf_common
 .text._printf_i
                0x10084ef0      0x24c d:/cypress creator/psoc creator/4.2/psoc creator/import/gnu/arm/5.4.1/bin/../lib/gcc/arm-none-eabi/5.4.1/../../../../arm-none-eabi/lib/armv7e-m/softfp\libg_nano.a(lib_a-nano-vfprintf_i.o)
                0x10084ef0                _printf_i
 .text._sbrk_r  0x1008513c       0x20 d:/cypress creator/psoc creator/4.2/psoc creator/import/gnu/arm/5.4.1/bin/../lib/gcc/arm-none-eabi/5.4.1/../../../../arm-none-eabi/lib/armv7e-m/softfp\libg_nano.a(lib_a-sbrkr.o)
                0x1008513c                _sbrk_r
 .text.__sread  0x1008515c       0x22 d:/cypress creator/psoc creator/4.2/psoc creator/import/gnu/arm/5.4.1/bin/../lib/gcc/arm-none-eabi/5.4.1/../../../../arm-none-eabi/lib/armv7e-m/softfp\libg_nano.a(lib_a-stdio.o)
                0x1008515c                __sread
 .text.__swrite
                0x1008517e       0x38 d:/cypress creator/psoc creator/4.2/psoc creator/import/gnu/arm/5.4.1/bin/../lib/gcc/arm-none-eabi/5.4.1/../../../../arm-none-eabi/lib/armv7e-m/softfp\libg_nano.a(lib_a-stdio.o)
                0x1008517e                __swrite
 .text.__sseek  0x100851b6       0x24 d:/cypress creator/psoc creator/4.2/psoc creator/import/gnu/arm/5.4.1/bin/../lib/gcc/arm-none-eabi/5.4.1/../../../../arm-none-eabi/lib/armv7e-m/softfp\libg_nano.a(lib_a-stdio.o)
                0x100851b6                __sseek
 .text.__sclose
                0x100851da        0x8 d:/cypress creator/psoc creator/4.2/psoc creator/import/gnu/arm/5.4.1/bin/../lib/gcc/arm-none-eabi/5.4.1/../../../../arm-none-eabi/lib/armv7e-m/softfp\libg_nano.a(lib_a-stdio.o)
                0x100851da                __sclose
 *fill*         0x100851e2        0x2 
 .text.__swbuf_r
                0x100851e4       0xa8 d:/cypress creator/psoc creator/4.2/psoc creator/import/gnu/arm/5.4.1/bin/../lib/gcc/arm-none-eabi/5.4.1/../../../../arm-none-eabi/lib/armv7e-m/softfp\libg_nano.a(lib_a-wbuf.o)
                0x100851e4                __swbuf_r
 .text._write_r
                0x1008528c       0x24 d:/cypress creator/psoc creator/4.2/psoc creator/import/gnu/arm/5.4.1/bin/../lib/gcc/arm-none-eabi/5.4.1/../../../../arm-none-eabi/lib/armv7e-m/softfp\libg_nano.a(lib_a-writer.o)
                0x1008528c                _write_r
 .text.__swsetup_r
                0x100852b0       0xdc d:/cypress creator/psoc creator/4.2/psoc creator/import/gnu/arm/5.4.1/bin/../lib/gcc/arm-none-eabi/5.4.1/../../../../arm-none-eabi/lib/armv7e-m/softfp\libg_nano.a(lib_a-wsetup.o)
                0x100852b0                __swsetup_r
 .text._close_r
                0x1008538c       0x20 d:/cypress creator/psoc creator/4.2/psoc creator/import/gnu/arm/5.4.1/bin/../lib/gcc/arm-none-eabi/5.4.1/../../../../arm-none-eabi/lib/armv7e-m/softfp\libg_nano.a(lib_a-closer.o)
                0x1008538c                _close_r
 .text.__sflush_r
                0x100853ac      0x110 d:/cypress creator/psoc creator/4.2/psoc creator/import/gnu/arm/5.4.1/bin/../lib/gcc/arm-none-eabi/5.4.1/../../../../arm-none-eabi/lib/armv7e-m/softfp\libg_nano.a(lib_a-fflush.o)
                0x100853ac                __sflush_r
 .text._fflush_r
                0x100854bc       0x54 d:/cypress creator/psoc creator/4.2/psoc creator/import/gnu/arm/5.4.1/bin/../lib/gcc/arm-none-eabi/5.4.1/../../../../arm-none-eabi/lib/armv7e-m/softfp\libg_nano.a(lib_a-fflush.o)
                0x100854bc                _fflush_r
 .text._lseek_r
                0x10085510       0x24 d:/cypress creator/psoc creator/4.2/psoc creator/import/gnu/arm/5.4.1/bin/../lib/gcc/arm-none-eabi/5.4.1/../../../../arm-none-eabi/lib/armv7e-m/softfp\libg_nano.a(lib_a-lseekr.o)
                0x10085510                _lseek_r
 .text.__swhatbuf_r
                0x10085534       0x46 d:/cypress creator/psoc creator/4.2/psoc creator/import/gnu/arm/5.4.1/bin/../lib/gcc/arm-none-eabi/5.4.1/../../../../arm-none-eabi/lib/armv7e-m/softfp\libg_nano.a(lib_a-makebuf.o)
                0x10085534                __swhatbuf_r
 *fill*         0x1008557a        0x2 
 .text.__smakebuf_r
                0x1008557c       0x78 d:/cypress creator/psoc creator/4.2/psoc creator/import/gnu/arm/5.4.1/bin/../lib/gcc/arm-none-eabi/5.4.1/../../../../arm-none-eabi/lib/armv7e-m/softfp\libg_nano.a(lib_a-makebuf.o)
                0x1008557c                __smakebuf_r
 *fill*         0x100855f4        0xc 
 .text          0x10085600       0xa0 d:/cypress creator/psoc creator/4.2/psoc creator/import/gnu/arm/5.4.1/bin/../lib/gcc/arm-none-eabi/5.4.1/../../../../arm-none-eabi/lib/armv7e-m/softfp\libg_nano.a(lib_a-memchr.o)
                0x10085600                memchr
 .text.__malloc_lock
                0x100856a0        0x2 d:/cypress creator/psoc creator/4.2/psoc creator/import/gnu/arm/5.4.1/bin/../lib/gcc/arm-none-eabi/5.4.1/../../../../arm-none-eabi/lib/armv7e-m/softfp\libg_nano.a(lib_a-mlock.o)
                0x100856a0                __malloc_lock
 .text.__malloc_unlock
                0x100856a2        0x2 d:/cypress creator/psoc creator/4.2/psoc creator/import/gnu/arm/5.4.1/bin/../lib/gcc/arm-none-eabi/5.4.1/../../../../arm-none-eabi/lib/armv7e-m/softfp\libg_nano.a(lib_a-mlock.o)
                0x100856a2                __malloc_unlock
 .text._free_r  0x100856a4       0x9c d:/cypress creator/psoc creator/4.2/psoc creator/import/gnu/arm/5.4.1/bin/../lib/gcc/arm-none-eabi/5.4.1/../../../../arm-none-eabi/lib/armv7e-m/softfp\libg_nano.a(lib_a-nano-freer.o)
                0x100856a4                _free_r
 .text._read_r  0x10085740       0x24 d:/cypress creator/psoc creator/4.2/psoc creator/import/gnu/arm/5.4.1/bin/../lib/gcc/arm-none-eabi/5.4.1/../../../../arm-none-eabi/lib/armv7e-m/softfp\libg_nano.a(lib_a-readr.o)
                0x10085740                _read_r
 .text._fstat_r
                0x10085764       0x24 d:/cypress creator/psoc creator/4.2/psoc creator/import/gnu/arm/5.4.1/bin/../lib/gcc/arm-none-eabi/5.4.1/../../../../arm-none-eabi/lib/armv7e-m/softfp\libg_nano.a(lib_a-fstatr.o)
                0x10085764                _fstat_r
 .text._isatty_r
                0x10085788       0x20 d:/cypress creator/psoc creator/4.2/psoc creator/import/gnu/arm/5.4.1/bin/../lib/gcc/arm-none-eabi/5.4.1/../../../../arm-none-eabi/lib/armv7e-m/softfp\libg_nano.a(lib_a-isattyr.o)
                0x10085788                _isatty_r
 .text._close   0x100857a8       0x10 d:/cypress creator/psoc creator/4.2/psoc creator/import/gnu/arm/5.4.1/bin/../lib/gcc/arm-none-eabi/5.4.1/../../../../arm-none-eabi/lib/armv7e-m/softfp\libnosys.a(close.o)
                0x100857a8                _close
 .text._fstat   0x100857b8       0x10 d:/cypress creator/psoc creator/4.2/psoc creator/import/gnu/arm/5.4.1/bin/../lib/gcc/arm-none-eabi/5.4.1/../../../../arm-none-eabi/lib/armv7e-m/softfp\libnosys.a(fstat.o)
                0x100857b8                _fstat
 .text._isatty  0x100857c8       0x10 d:/cypress creator/psoc creator/4.2/psoc creator/import/gnu/arm/5.4.1/bin/../lib/gcc/arm-none-eabi/5.4.1/../../../../arm-none-eabi/lib/armv7e-m/softfp\libnosys.a(isatty.o)
                0x100857c8                _isatty
 .text._lseek   0x100857d8       0x10 d:/cypress creator/psoc creator/4.2/psoc creator/import/gnu/arm/5.4.1/bin/../lib/gcc/arm-none-eabi/5.4.1/../../../../arm-none-eabi/lib/armv7e-m/softfp\libnosys.a(lseek.o)
                0x100857d8                _lseek
 .text._read    0x100857e8       0x10 d:/cypress creator/psoc creator/4.2/psoc creator/import/gnu/arm/5.4.1/bin/../lib/gcc/arm-none-eabi/5.4.1/../../../../arm-none-eabi/lib/armv7e-m/softfp\libnosys.a(read.o)
                0x100857e8                _read
 .text._sbrk    0x100857f8       0x1c d:/cypress creator/psoc creator/4.2/psoc creator/import/gnu/arm/5.4.1/bin/../lib/gcc/arm-none-eabi/5.4.1/../../../../arm-none-eabi/lib/armv7e-m/softfp\libnosys.a(sbrk.o)
                0x100857f8                _sbrk
 *(.init)
 .init          0x10085814        0x4 d:/cypress creator/psoc creator/4.2/psoc creator/import/gnu/arm/5.4.1/bin/../lib/gcc/arm-none-eabi/5.4.1/armv7e-m/softfp/crti.o
                0x10085814                _init
 .init          0x10085818        0x8 d:/cypress creator/psoc creator/4.2/psoc creator/import/gnu/arm/5.4.1/bin/../lib/gcc/arm-none-eabi/5.4.1/armv7e-m/softfp/crtn.o
 *(.fini)
 .fini          0x10085820        0x4 d:/cypress creator/psoc creator/4.2/psoc creator/import/gnu/arm/5.4.1/bin/../lib/gcc/arm-none-eabi/5.4.1/armv7e-m/softfp/crti.o
                0x10085820                _fini
 .fini          0x10085824        0x8 d:/cypress creator/psoc creator/4.2/psoc creator/import/gnu/arm/5.4.1/bin/../lib/gcc/arm-none-eabi/5.4.1/armv7e-m/softfp/crtn.o
 *crtbegin.o(.ctors)
 *crtbegin?.o(.ctors)
 *(EXCLUDE_FILE(*crtend.o *crtend?.o) .ctors)
 *(SORT(.ctors.*))
 *(.ctors)
 *crtbegin.o(.dtors)
 *crtbegin?.o(.dtors)
 *(EXCLUDE_FILE(*crtend.o *crtend?.o) .dtors)
 *(SORT(.dtors.*))
 *(.dtors)
 *(.rodata .rodata.* .constdata .constdata.* .conststring .conststring.*)
 .rodata.str1.4
                0x1008582c       0x50 .\CortexM4\ARM_GCC_541\Debug\main_cm4.o
 .rodata        0x1008587c        0x4 .\CortexM4\ARM_GCC_541\Debug\display.o
 .rodata        0x10085880     0x183d .\CortexM4\ARM_GCC_541\Debug\screen_contents.o
                0x10085880                logoAndHeading
                0x10086f30                instructions
 *fill*         0x100870bd        0x3 
 .rodata        0x100870c0     0x1028 .\CortexM4\ARM_GCC_541\Debug\cy_eink_fonts.o
                0x100870c0                cy_eink_fontData16By16
                0x10087c80                cy_eink_fontData8By12
 .rodata        0x100880e8        0xc .\CortexM4\ARM_GCC_541\Debug\pervasive_eink_hardware_driver.o
                0x100880e8                channelSelect
                0x100880f0                scanTable
 .rodata        0x100880f4       0x34 .\CortexM4\ARM_GCC_541\Debug\cy_ipc_config.o
 .rodata        0x10088128       0x30 .\CortexM4\ARM_GCC_541\Debug\cyfitter_sysint_cfg.o
                0x10088128                CapSense_ISR_cfg
                0x10088130                CY_EINK_SPIM_SCB_IRQ_cfg
                0x10088138                Uart_Printf_SCB_IRQ_cfg
                0x10088140                I2C_SCB_IRQ_cfg
                0x10088148                isr_MCWDT_cfg
                0x10088150                isr_gpio_cfg
 .rodata        0x10088158        0xc .\CortexM4\ARM_GCC_541\Debug\MCWDT_PDL.o
                0x10088158                MCWDT_config
 .rodata        0x10088164      0x17a .\CortexM4\ARM_GCC_541\Debug\BLE_config.o
 *fill*         0x100882de        0x2 
 .rodata        0x100882e0        0x8 .\CortexM4\ARM_GCC_541\Debug\BLE_custom_config.o
 .rodata.str1.4
                0x100882e8       0x2d .\CortexM4\ARM_GCC_541\Debug\CapSense_Processing.o
 *fill*         0x10088315        0x3 
 .rodata        0x10088318      0x1f4 .\CortexM4\ARM_GCC_541\Debug\CapSense_Structure.o
                0x10088318                CapSense_ramWidgetInit
                0x100883a4                CapSense_dsFlash
                0x100884bc                CapSense_ioList
 .rodata        0x1008850c        0x1 .\CortexM4\ARM_GCC_541\Debug\CapSense_Sensing.o
                0x1008850c                CapSense_scanFreqIndex
 *fill*         0x1008850d        0x3 
 .rodata.str1.4
                0x10088510       0x3d .\CortexM4\ARM_GCC_541\Debug\CapSense_SensingCSD_LL.o
 *fill*         0x1008854d        0x3 
 .rodata        0x10088550       0x34 .\CortexM4\ARM_GCC_541\Debug\CY_EINK_SPIM.o
                0x10088550                CY_EINK_SPIM_config
 .rodata        0x10088584       0x4c .\CortexM4\ARM_GCC_541\Debug\CY_EINK_Timer.o
                0x10088584                CY_EINK_Timer_config
 .rodata.str1.4
                0x100885d0       0x41 .\CortexM4\ARM_GCC_541\Debug\cy_sysint.o
 *fill*         0x10088611        0x3 
 .rodata.str1.4
                0x10088614       0x7f .\CortexM4\ARM_GCC_541\Debug\cy_ipc_drv.o
 *fill*         0x10088693        0x1 
 .rodata.str1.4
                0x10088694       0x3f .\CortexM4\ARM_GCC_541\Debug\cy_ipc_sema.o
 *fill*         0x100886d3        0x1 
 .rodata.str1.4
                0x100886d4       0x40 .\CortexM4\ARM_GCC_541\Debug\cy_ipc_pipe.o
                                 0x7f (size before relaxing)
 .rodata.str1.4
                0x10088714       0x3f .\CortexM4\ARM_GCC_541\Debug\cy_mcwdt.o
 *fill*         0x10088753        0x1 
 .rodata.str1.4
                0x10088754       0x83 .\CortexM4\ARM_GCC_541\Debug\cy_scb_spi.o
 *fill*         0x100887d7        0x1 
 .rodata.str1.4
                0x100887d8       0x80 .\CortexM4\ARM_GCC_541\Debug\cy_scb_uart.o
                                 0xc4 (size before relaxing)
 .rodata.str1.4
                0x10088858       0x7d .\CortexM4\ARM_GCC_541\Debug\cy_gpio.o
 *fill*         0x100888d5        0x3 
 .rodata        0x100888d8       0x10 .\CortexM4\ARM_GCC_541\Debug\cy_ble.o
 .rodata        0x100888e8      0x100 .\CortexM4\ARM_GCC_541\Debug\cy_ble_hal_pvt.o
 .rodata        0x100889e8        0x2 .\CortexM4\ARM_GCC_541\Debug\cy_ble_event_handler.o
 *fill*         0x100889ea        0x2 
 .rodata.str1.4
                0x100889ec       0x38 .\CortexM4\ARM_GCC_541\Debug\cy_ble_event_handler.o
                                 0x37 (size before relaxing)
 .rodata        0x10088a24       0x40 .\CortexM4\ARM_GCC_541\Debug\Uart_Printf.o
                0x10088a24                Uart_Printf_config
 .constdata     0x10088a64       0x18 Generated_Source\PSoC6\pdl\middleware\ble\lib\cy_ble_stack_gcc_host_ipc_cm4.a(BT_os.o)
                0x10088a64                cyBleStackMemoryConfig
 .constdata     0x10088a7c       0x58 Generated_Source\PSoC6\pdl\middleware\ble\lib\cy_ble_stack_gcc_host_ipc_cm4.a(l2cap_init.o)
                0x10088a7c                l2cap_le_sig_handler
 .constdata     0x10088ad4       0x3c Generated_Source\PSoC6\pdl\middleware\ble\lib\cy_ble_stack_gcc_host_ipc_cm4.a(fsm_engine_pl.o)
                0x10088ad4                fsm_module_table
 .constdata     0x10088b10      0x110 Generated_Source\PSoC6\pdl\middleware\ble\lib\cy_ble_stack_gcc_host_ipc_cm4.a(gap_hci_iface.o)
                0x10088b10                hciCommandCompleteEventHandlers
 .constdata     0x10088c20       0x20 Generated_Source\PSoC6\pdl\middleware\ble\lib\cy_ble_stack_gcc_host_ipc_cm4.a(gap_privacy.o)
 .constdata     0x10088c40       0x32 Generated_Source\PSoC6\pdl\middleware\ble\lib\cy_ble_stack_gcc_host_ipc_cm4.a(smp_core.o)
                0x10088c40                smp_iocap_assoc_map
                0x10088c59                smp_sc_iocap_assoc_map
 *fill*         0x10088c72        0x2 
 .constdata     0x10088c74        0xc Generated_Source\PSoC6\pdl\middleware\ble\lib\cy_ble_stack_gcc_host_ipc_cm4.a(smp_interface.o)
                0x10088c74                smp_event_fp
 .constdata     0x10088c80       0x22 Generated_Source\PSoC6\pdl\middleware\ble\lib\cy_ble_stack_gcc_host_ipc_cm4.a(smp_utils.o)
                0x10088c80                smp_event_map
 *fill*         0x10088ca2        0x2 
 .constdata     0x10088ca4       0xb4 Generated_Source\PSoC6\pdl\middleware\ble\lib\cy_ble_stack_gcc_host_ipc_cm4.a(smp_fsm_table.o)
                0x10088ca4                smp_state_event_table
 .constdata     0x10088d58      0x110 Generated_Source\PSoC6\pdl\middleware\ble\lib\cy_ble_stack_gcc_host_ipc_cm4.a(smp_fsm_table.o)
                0x10088d58                smp_event_handler_table
 .constdata     0x10088e68       0x20 Generated_Source\PSoC6\pdl\middleware\ble\lib\cy_ble_stack_gcc_host_ipc_cm4.a(aes_cmac.o)
                0x10088e68                cmac_zero_data
                0x10088e78                cmac_rb_data
 .constdata     0x10088e88       0x60 Generated_Source\PSoC6\pdl\middleware\ble\lib\cy_ble_stack_gcc_host_ipc_cm4.a(att_fsm_table.o)
                0x10088e88                att_state_event_table
 .constdata     0x10088ee8       0x58 Generated_Source\PSoC6\pdl\middleware\ble\lib\cy_ble_stack_gcc_host_ipc_cm4.a(att_fsm_table.o)
                0x10088ee8                att_event_handler_table
 .rodata.str1.1
                0x10088f40        0x2 d:/cypress creator/psoc creator/4.2/psoc creator/import/gnu/arm/5.4.1/bin/../lib/gcc/arm-none-eabi/5.4.1/../../../../arm-none-eabi/lib/armv7e-m/softfp\libg_nano.a(lib_a-impure.o)
 *fill*         0x10088f42        0x2 
 .rodata._global_impure_ptr
                0x10088f44        0x4 d:/cypress creator/psoc creator/4.2/psoc creator/import/gnu/arm/5.4.1/bin/../lib/gcc/arm-none-eabi/5.4.1/../../../../arm-none-eabi/lib/armv7e-m/softfp\libg_nano.a(lib_a-impure.o)
                0x10088f44                _global_impure_ptr
 .rodata.__sf_fake_stdin
                0x10088f48       0x20 d:/cypress creator/psoc creator/4.2/psoc creator/import/gnu/arm/5.4.1/bin/../lib/gcc/arm-none-eabi/5.4.1/../../../../arm-none-eabi/lib/armv7e-m/softfp\libg_nano.a(lib_a-findfp.o)
                0x10088f48                __sf_fake_stdin
 .rodata.__sf_fake_stdout
                0x10088f68       0x20 d:/cypress creator/psoc creator/4.2/psoc creator/import/gnu/arm/5.4.1/bin/../lib/gcc/arm-none-eabi/5.4.1/../../../../arm-none-eabi/lib/armv7e-m/softfp\libg_nano.a(lib_a-findfp.o)
                0x10088f68                __sf_fake_stdout
 .rodata.__sf_fake_stderr
                0x10088f88       0x20 d:/cypress creator/psoc creator/4.2/psoc creator/import/gnu/arm/5.4.1/bin/../lib/gcc/arm-none-eabi/5.4.1/../../../../arm-none-eabi/lib/armv7e-m/softfp\libg_nano.a(lib_a-findfp.o)
                0x10088f88                __sf_fake_stderr
 .rodata.str1.1
                0x10088fa8       0x11 d:/cypress creator/psoc creator/4.2/psoc creator/import/gnu/arm/5.4.1/bin/../lib/gcc/arm-none-eabi/5.4.1/../../../../arm-none-eabi/lib/armv7e-m/softfp\libg_nano.a(lib_a-nano-vfprintf.o)
 .rodata.str1.1
                0x10088fb9       0x22 d:/cypress creator/psoc creator/4.2/psoc creator/import/gnu/arm/5.4.1/bin/../lib/gcc/arm-none-eabi/5.4.1/../../../../arm-none-eabi/lib/armv7e-m/softfp\libg_nano.a(lib_a-nano-vfprintf_i.o)
 *(.eh_frame*)
 *fill*         0x10088fdb        0x1 
 .eh_frame      0x10088fdc        0x0 d:/cypress creator/psoc creator/4.2/psoc creator/import/gnu/arm/5.4.1/bin/../lib/gcc/arm-none-eabi/5.4.1/armv7e-m/softfp/crtbegin.o
 .eh_frame      0x10088fdc        0x4 d:/cypress creator/psoc creator/4.2/psoc creator/import/gnu/arm/5.4.1/bin/../lib/gcc/arm-none-eabi/5.4.1/armv7e-m/softfp/crtend.o

.glue_7         0x10088fe0        0x0
 .glue_7        0x10088fe0        0x0 linker stubs

.glue_7t        0x10088fe0        0x0
 .glue_7t       0x10088fe0        0x0 linker stubs

.vfp11_veneer   0x10088fe0        0x0
 .vfp11_veneer  0x10088fe0        0x0 linker stubs

.v4_bx          0x10088fe0        0x0
 .v4_bx         0x10088fe0        0x0 linker stubs

.iplt           0x10088fe0        0x0
 .iplt          0x10088fe0        0x0 d:/cypress creator/psoc creator/4.2/psoc creator/import/gnu/arm/5.4.1/bin/../lib/gcc/arm-none-eabi/5.4.1/armv7e-m/softfp/crtbegin.o

i.CyBleStackMgr_Init
                0x10088fe0       0xdc
 i.CyBleStackMgr_Init
                0x10088fe0       0xdc Generated_Source\PSoC6\pdl\middleware\ble\lib\cy_ble_stack_gcc_host_ipc_cm4.a(CyBleStackMgrIP_Interface.o)
                0x10088fe0                CyBleStackMgr_Init

i.CyBleStackMgr_ProcessBleEvents
                0x100890bc       0x14
 i.CyBleStackMgr_ProcessBleEvents
                0x100890bc       0x14 Generated_Source\PSoC6\pdl\middleware\ble\lib\cy_ble_stack_gcc_host_ipc_cm4.a(CyBleStackMgrIP_Interface.o)
                0x100890bc                CyBleStackMgr_ProcessBleEvents

i.CyBleStackMgr_Shutdown
                0x100890d0       0x20
 i.CyBleStackMgr_Shutdown
                0x100890d0       0x20 Generated_Source\PSoC6\pdl\middleware\ble\lib\cy_ble_stack_gcc_host_ipc_cm4.a(CyBleStackMgrIP_Interface.o)
                0x100890d0                CyBleStackMgr_Shutdown

i.CyBle_GetHeapMemory
                0x100890f0       0x3c
 i.CyBle_GetHeapMemory
                0x100890f0       0x3c Generated_Source\PSoC6\pdl\middleware\ble\lib\cy_ble_stack_gcc_host_ipc_cm4.a(CyBleStackMgrIP_Interface.o)
                0x100890f0                CyBle_GetHeapMemory

i.CyBle_GetNumAppBufferPools
                0x1008912c        0xc
 i.CyBle_GetNumAppBufferPools
                0x1008912c        0xc Generated_Source\PSoC6\pdl\middleware\ble\lib\cy_ble_stack_gcc_host_ipc_cm4.a(CyBleStackMgrIP_Interface.o)
                0x1008912c                CyBle_GetNumAppBufferPools

i.CyBle_HostStackBufferPoolInit
                0x10089138       0xc4
 i.CyBle_HostStackBufferPoolInit
                0x10089138       0xc4 Generated_Source\PSoC6\pdl\middleware\ble\lib\cy_ble_stack_gcc_host_ipc_cm4.a(CyBleStackMgrIP_Interface.o)

i.CyBle_SortBufers
                0x100891fc       0x40
 i.CyBle_SortBufers
                0x100891fc       0x40 Generated_Source\PSoC6\pdl\middleware\ble\lib\cy_ble_stack_gcc_host_ipc_cm4.a(CyBleStackMgrIP_Interface.o)
                0x100891fc                CyBle_SortBufers

i.CyBle_StackGetConfigPtr
                0x1008923c        0x8
 i.CyBle_StackGetConfigPtr
                0x1008923c        0x8 Generated_Source\PSoC6\pdl\middleware\ble\lib\cy_ble_stack_gcc_host_ipc_cm4.a(CyBleStackMgrIP_Interface.o)
                0x1008923c                CyBle_StackGetConfigPtr

i.Cy_BLE_EnableDleFeature
                0x10089244        0x4
 i.Cy_BLE_EnableDleFeature
                0x10089244        0x4 Generated_Source\PSoC6\pdl\middleware\ble\lib\cy_ble_stack_gcc_host_ipc_cm4.a(CyBleStackMgrIP_Interface.o)
                0x10089244                Cy_BLE_EnableDleFeature

i.Cy_BLE_ProcessEvents
                0x10089248        0x4
 i.Cy_BLE_ProcessEvents
                0x10089248        0x4 Generated_Source\PSoC6\pdl\middleware\ble\lib\cy_ble_stack_gcc_host_ipc_cm4.a(CyBleStackMgrIP_Interface.o)
                0x10089248                Cy_BLE_ProcessEvents

i.Cy_BLE_StackEnterLPM
                0x1008924c       0x16
 i.Cy_BLE_StackEnterLPM
                0x1008924c       0x16 Generated_Source\PSoC6\pdl\middleware\ble\lib\cy_ble_stack_gcc_host_ipc_cm4.a(CyBleStackMgrIP_Interface.o)
                0x1008924c                Cy_BLE_StackEnterLPM

i.Cy_BLE_StackGetBleSsState
                0x10089262        0x4
 i.Cy_BLE_StackGetBleSsState
                0x10089262        0x4 Generated_Source\PSoC6\pdl\middleware\ble\lib\cy_ble_stack_gcc_host_ipc_cm4.a(CyBleStackMgrIP_Interface.o)
                0x10089262                Cy_BLE_StackGetBleSsState

i.Cy_BLE_StackGetFeatureConfig
                0x10089268       0x20
 i.Cy_BLE_StackGetFeatureConfig
                0x10089268       0x20 Generated_Source\PSoC6\pdl\middleware\ble\lib\cy_ble_stack_gcc_host_ipc_cm4.a(CyBleStackMgrIP_Interface.o)
                0x10089268                Cy_BLE_StackGetFeatureConfig

i.Cy_BLE_StackInit
                0x10089288       0x70
 i.Cy_BLE_StackInit
                0x10089288       0x70 Generated_Source\PSoC6\pdl\middleware\ble\lib\cy_ble_stack_gcc_host_ipc_cm4.a(CyBleStackMgrIP_Interface.o)
                0x10089288                Cy_BLE_StackInit

i.Cy_BLE_StackSetFeatureConfig
                0x100892f8       0x54
 i.Cy_BLE_StackSetFeatureConfig
                0x100892f8       0x54 Generated_Source\PSoC6\pdl\middleware\ble\lib\cy_ble_stack_gcc_host_ipc_cm4.a(CyBleStackMgrIP_Interface.o)
                0x100892f8                Cy_BLE_StackSetFeatureConfig

i.ble_stack_idle_task_callback
                0x1008934c        0x2
 i.ble_stack_idle_task_callback
                0x1008934c        0x2 Generated_Source\PSoC6\pdl\middleware\ble\lib\cy_ble_stack_gcc_host_ipc_cm4.a(CyBleStackMgrIP_Interface.o)
                0x1008934c                ble_stack_idle_task_callback

i.BT_OSFreeBuf  0x10089350       0x20
 i.BT_OSFreeBuf
                0x10089350       0x20 Generated_Source\PSoC6\pdl\middleware\ble\lib\cy_ble_stack_gcc_host_ipc_cm4.a(BT_os.o)
                0x10089350                BT_OSFreeBuf

i.BT_OSGetBuF   0x10089370       0x30
 i.BT_OSGetBuF  0x10089370       0x30 Generated_Source\PSoC6\pdl\middleware\ble\lib\cy_ble_stack_gcc_host_ipc_cm4.a(BT_os.o)
                0x10089370                BT_OSGetBuF

i.BT_OSMemCreate
                0x100893a0       0x3c
 i.BT_OSMemCreate
                0x100893a0       0x3c Generated_Source\PSoC6\pdl\middleware\ble\lib\cy_ble_stack_gcc_host_ipc_cm4.a(BT_os.o)
                0x100893a0                BT_OSMemCreate

i.BT_alloc_mem_ext
                0x100893dc       0x40
 i.BT_alloc_mem_ext
                0x100893dc       0x40 Generated_Source\PSoC6\pdl\middleware\ble\lib\cy_ble_stack_gcc_host_ipc_cm4.a(BT_os.o)
                0x100893dc                BT_alloc_mem_ext

i.BT_free_mem   0x1008941c        0xa
 i.BT_free_mem  0x1008941c        0xa Generated_Source\PSoC6\pdl\middleware\ble\lib\cy_ble_stack_gcc_host_ipc_cm4.a(BT_os.o)
                0x1008941c                BT_free_mem

i.bt_stack_create_buffer_pool
                0x10089428       0x2c
 i.bt_stack_create_buffer_pool
                0x10089428       0x2c Generated_Source\PSoC6\pdl\middleware\ble\lib\cy_ble_stack_gcc_host_ipc_cm4.a(BT_os.o)
                0x10089428                bt_stack_create_buffer_pool

i.CyBle_CreateBleStackTask
                0x10089454       0x30
 i.CyBle_CreateBleStackTask
                0x10089454       0x30 Generated_Source\PSoC6\pdl\middleware\ble\lib\cy_ble_stack_gcc_host_ipc_cm4.a(CyBleStackMgr_StackTaskHandler.o)
                0x10089454                CyBle_CreateBleStackTask

i.CyBle_SignalBleStackTask
                0x10089484       0x38
 i.CyBle_SignalBleStackTask
                0x10089484       0x38 Generated_Source\PSoC6\pdl\middleware\ble\lib\cy_ble_stack_gcc_host_ipc_cm4.a(CyBleStackMgr_StackTaskHandler.o)
                0x10089484                CyBle_SignalBleStackTask

i.CyBle_StackTaskHandler
                0x100894bc       0x74
 i.CyBle_StackTaskHandler
                0x100894bc       0x74 Generated_Source\PSoC6\pdl\middleware\ble\lib\cy_ble_stack_gcc_host_ipc_cm4.a(CyBleStackMgr_StackTaskHandler.o)
                0x100894bc                CyBle_StackTaskHandler

i.IsStackTaskFree
                0x10089530        0xc
 i.IsStackTaskFree
                0x10089530        0xc Generated_Source\PSoC6\pdl\middleware\ble\lib\cy_ble_stack_gcc_host_ipc_cm4.a(CyBleStackMgr_StackTaskHandler.o)
                0x10089530                IsStackTaskFree

i.storage_bt_init_pl
                0x1008953c       0x8c
 i.storage_bt_init_pl
                0x1008953c       0x8c Generated_Source\PSoC6\pdl\middleware\ble\lib\cy_ble_stack_gcc_host_ipc_cm4.a(storage_pl.o)
                0x1008953c                storage_bt_init_pl

i.storage_bt_reset_offset
                0x100895c8       0x3c
 i.storage_bt_reset_offset
                0x100895c8       0x3c Generated_Source\PSoC6\pdl\middleware\ble\lib\cy_ble_stack_gcc_host_ipc_cm4.a(storage_pl.o)
                0x100895c8                storage_bt_reset_offset

i.storage_manager_init
                0x10089604       0x54
 i.storage_manager_init
                0x10089604       0x54 Generated_Source\PSoC6\pdl\middleware\ble\lib\cy_ble_stack_gcc_host_ipc_cm4.a(storage_pl.o)
                0x10089604                storage_manager_init

i.storage_manager_register_module
                0x10089658       0x68
 i.storage_manager_register_module
                0x10089658       0x68 Generated_Source\PSoC6\pdl\middleware\ble\lib\cy_ble_stack_gcc_host_ipc_cm4.a(storage_pl.o)
                0x10089658                storage_manager_register_module

i.storage_validate_init_params
                0x100896c0       0x98
 i.storage_validate_init_params
                0x100896c0       0x98 Generated_Source\PSoC6\pdl\middleware\ble\lib\cy_ble_stack_gcc_host_ipc_cm4.a(storage_pl.o)
                0x100896c0                storage_validate_init_params

i.OS_init       0x10089758       0x64
 i.OS_init      0x10089758       0x64 Generated_Source\PSoC6\pdl\middleware\ble\lib\cy_ble_stack_gcc_host_ipc_cm4.a(mint_os.o)
                0x10089758                OS_init

i.OS_shutdown   0x100897bc        0x4
 i.OS_shutdown  0x100897bc        0x4 Generated_Source\PSoC6\pdl\middleware\ble\lib\cy_ble_stack_gcc_host_ipc_cm4.a(mint_os.o)
                0x100897bc                OS_shutdown

i.mintos_malloc
                0x100897c0       0x34
 i.mintos_malloc
                0x100897c0       0x34 Generated_Source\PSoC6\pdl\middleware\ble\lib\cy_ble_stack_gcc_host_ipc_cm4.a(mint_os.o)
                0x100897c0                mintos_malloc

i.OS_create_queue
                0x100897f4       0x74
 i.OS_create_queue
                0x100897f4       0x74 Generated_Source\PSoC6\pdl\middleware\ble\lib\cy_ble_stack_gcc_host_ipc_cm4.a(mint_os_queue.o)
                0x100897f4                OS_create_queue

i.OS_enqueue_item
                0x10089868       0x9c
 i.OS_enqueue_item
                0x10089868       0x9c Generated_Source\PSoC6\pdl\middleware\ble\lib\cy_ble_stack_gcc_host_ipc_cm4.a(mint_os_queue.o)
                0x10089868                OS_enqueue_item

i.OS_queue_get_num_of_items
                0x10089904       0x2c
 i.OS_queue_get_num_of_items
                0x10089904       0x2c Generated_Source\PSoC6\pdl\middleware\ble\lib\cy_ble_stack_gcc_host_ipc_cm4.a(mint_os_queue.o)
                0x10089904                OS_queue_get_num_of_items

i.OS_queue_mgmt_init
                0x10089930       0x58
 i.OS_queue_mgmt_init
                0x10089930       0x58 Generated_Source\PSoC6\pdl\middleware\ble\lib\cy_ble_stack_gcc_host_ipc_cm4.a(mint_os_queue.o)
                0x10089930                OS_queue_mgmt_init

i.OS_remove_item
                0x10089988       0xb8
 i.OS_remove_item
                0x10089988       0xb8 Generated_Source\PSoC6\pdl\middleware\ble\lib\cy_ble_stack_gcc_host_ipc_cm4.a(mint_os_queue.o)
                0x10089988                OS_remove_item

i.OS_create_task
                0x10089a40       0x88
 i.OS_create_task
                0x10089a40       0x88 Generated_Source\PSoC6\pdl\middleware\ble\lib\cy_ble_stack_gcc_host_ipc_cm4.a(mint_os_task.o)
                0x10089a40                OS_create_task

i.OS_is_task_free
                0x10089ac8       0x30
 i.OS_is_task_free
                0x10089ac8       0x30 Generated_Source\PSoC6\pdl\middleware\ble\lib\cy_ble_stack_gcc_host_ipc_cm4.a(mint_os_task.o)
                0x10089ac8                OS_is_task_free

i.OS_scheduler  0x10089af8       0x64
 i.OS_scheduler
                0x10089af8       0x64 Generated_Source\PSoC6\pdl\middleware\ble\lib\cy_ble_stack_gcc_host_ipc_cm4.a(mint_os_task.o)
                0x10089af8                OS_scheduler

i.OS_send_signal_to_task
                0x10089b5c        0xc
 i.OS_send_signal_to_task
                0x10089b5c        0xc Generated_Source\PSoC6\pdl\middleware\ble\lib\cy_ble_stack_gcc_host_ipc_cm4.a(mint_os_task.o)
                0x10089b5c                OS_send_signal_to_task

i.OS_send_signal_to_task_context
                0x10089b68       0x3c
 i.OS_send_signal_to_task_context
                0x10089b68       0x3c Generated_Source\PSoC6\pdl\middleware\ble\lib\cy_ble_stack_gcc_host_ipc_cm4.a(mint_os_task.o)

i.OS_task_mgmt_init
                0x10089ba4       0x60
 i.OS_task_mgmt_init
                0x10089ba4       0x60 Generated_Source\PSoC6\pdl\middleware\ble\lib\cy_ble_stack_gcc_host_ipc_cm4.a(mint_os_task.o)
                0x10089ba4                OS_task_mgmt_init

i.mint_buf_mgmt_allocate_buffer
                0x10089c04       0x54
 i.mint_buf_mgmt_allocate_buffer
                0x10089c04       0x54 Generated_Source\PSoC6\pdl\middleware\ble\lib\cy_ble_stack_gcc_host_ipc_cm4.a(mint_buf_mgmt.o)
                0x10089c04                mint_buf_mgmt_allocate_buffer

i.mint_buf_mgmt_create_pool
                0x10089c58       0xd4
 i.mint_buf_mgmt_create_pool
                0x10089c58       0xd4 Generated_Source\PSoC6\pdl\middleware\ble\lib\cy_ble_stack_gcc_host_ipc_cm4.a(mint_buf_mgmt.o)
                0x10089c58                mint_buf_mgmt_create_pool

i.mint_buf_mgmt_free_buffer
                0x10089d2c       0xac
 i.mint_buf_mgmt_free_buffer
                0x10089d2c       0xac Generated_Source\PSoC6\pdl\middleware\ble\lib\cy_ble_stack_gcc_host_ipc_cm4.a(mint_buf_mgmt.o)
                0x10089d2c                mint_buf_mgmt_free_buffer

i.mint_buf_mgmt_init
                0x10089dd8       0x5c
 i.mint_buf_mgmt_init
                0x10089dd8       0x5c Generated_Source\PSoC6\pdl\middleware\ble\lib\cy_ble_stack_gcc_host_ipc_cm4.a(mint_buf_mgmt.o)
                0x10089dd8                mint_buf_mgmt_init

i.mint_buf_mgmt_malloc
                0x10089e34       0x28
 i.mint_buf_mgmt_malloc
                0x10089e34       0x28 Generated_Source\PSoC6\pdl\middleware\ble\lib\cy_ble_stack_gcc_host_ipc_cm4.a(mint_buf_mgmt.o)
                0x10089e34                mint_buf_mgmt_malloc

i.mint_buf_mgmt_pl_init
                0x10089e5c       0x44
 i.mint_buf_mgmt_pl_init
                0x10089e5c       0x44 Generated_Source\PSoC6\pdl\middleware\ble\lib\cy_ble_stack_gcc_host_ipc_cm4.a(mint_buf_mgmt.o)
                0x10089e5c                mint_buf_mgmt_pl_init

i.mint_buf_mgmt_stack_init
                0x10089ea0       0x22
 i.mint_buf_mgmt_stack_init
                0x10089ea0       0x22 Generated_Source\PSoC6\pdl\middleware\ble\lib\cy_ble_stack_gcc_host_ipc_cm4.a(mint_buf_mgmt.o)
                0x10089ea0                mint_buf_mgmt_stack_init

i.mint_buf_mgmt_stack_pop
                0x10089ec2       0x34
 i.mint_buf_mgmt_stack_pop
                0x10089ec2       0x34 Generated_Source\PSoC6\pdl\middleware\ble\lib\cy_ble_stack_gcc_host_ipc_cm4.a(mint_buf_mgmt.o)
                0x10089ec2                mint_buf_mgmt_stack_pop

i.mint_buf_mgmt_stack_push
                0x10089ef6       0x34
 i.mint_buf_mgmt_stack_push
                0x10089ef6       0x34 Generated_Source\PSoC6\pdl\middleware\ble\lib\cy_ble_stack_gcc_host_ipc_cm4.a(mint_buf_mgmt.o)
                0x10089ef6                mint_buf_mgmt_stack_push

i.mint_buf_mgmt_stack_search_item
                0x10089f2a       0x2e
 i.mint_buf_mgmt_stack_search_item
                0x10089f2a       0x2e Generated_Source\PSoC6\pdl\middleware\ble\lib\cy_ble_stack_gcc_host_ipc_cm4.a(mint_buf_mgmt.o)
                0x10089f2a                mint_buf_mgmt_stack_search_item

i.CyBleHost_HciIpcFreePktBuffer
                0x10089f58       0x2e
 i.CyBleHost_HciIpcFreePktBuffer
                0x10089f58       0x2e Generated_Source\PSoC6\pdl\middleware\ble\lib\cy_ble_stack_gcc_host_ipc_cm4.a(transport_ipc.o)
                0x10089f58                CyBleHost_HciIpcFreePktBuffer

i.CyBleHost_HciIpcMsgCompleteReceive
                0x10089f88       0x28
 i.CyBleHost_HciIpcMsgCompleteReceive
                0x10089f88       0x28 Generated_Source\PSoC6\pdl\middleware\ble\lib\cy_ble_stack_gcc_host_ipc_cm4.a(transport_ipc.o)
                0x10089f88                CyBleHost_HciIpcMsgCompleteReceive

i.CyBleHost_HciIpcMsgReceive
                0x10089fb0       0x28
 i.CyBleHost_HciIpcMsgReceive
                0x10089fb0       0x28 Generated_Source\PSoC6\pdl\middleware\ble\lib\cy_ble_stack_gcc_host_ipc_cm4.a(transport_ipc.o)
                0x10089fb0                CyBleHost_HciIpcMsgReceive

i.hci_transport_bt_shutdown
                0x10089fd8        0x4
 i.hci_transport_bt_shutdown
                0x10089fd8        0x4 Generated_Source\PSoC6\pdl\middleware\ble\lib\cy_ble_stack_gcc_host_ipc_cm4.a(transport_ipc.o)
                0x10089fd8                hci_transport_bt_shutdown

i.hci_transport_init
                0x10089fdc       0x10