Archive member included to satisfy reference by file (symbol)

d:/cypress creator/psoc creator/4.2/psoc creator/import/gnu/arm/5.4.1/bin/../lib/gcc/arm-none-eabi/5.4.1/armv7e-m/softfp\libgcc.a(_arm_addsubdf3.o)
                              .\CortexM4\ARM_GCC_541\Debug\cy_sysclk.o (__aeabi_f2d)
d:/cypress creator/psoc creator/4.2/psoc creator/import/gnu/arm/5.4.1/bin/../lib/gcc/arm-none-eabi/5.4.1/armv7e-m/softfp\libgcc.a(_arm_muldivdf3.o)
                              .\CortexM4\ARM_GCC_541\Debug\cy_sysclk.o (__aeabi_ddiv)
d:/cypress creator/psoc creator/4.2/psoc creator/import/gnu/arm/5.4.1/bin/../lib/gcc/arm-none-eabi/5.4.1/armv7e-m/softfp\libgcc.a(_arm_fixunsdfsi.o)
                              .\CortexM4\ARM_GCC_541\Debug\cy_sysclk.o (__aeabi_d2uiz)
d:/cypress creator/psoc creator/4.2/psoc creator/import/gnu/arm/5.4.1/bin/../lib/gcc/arm-none-eabi/5.4.1/armv7e-m/softfp\libgcc.a(_arm_truncdfsf2.o)
                              .\CortexM4\ARM_GCC_541\Debug\cy_sysclk.o (__aeabi_d2f)
d:/cypress creator/psoc creator/4.2/psoc creator/import/gnu/arm/5.4.1/bin/../lib/gcc/arm-none-eabi/5.4.1/armv7e-m/softfp\libgcc.a(_aeabi_uldivmod.o)
                              .\CortexM4\ARM_GCC_541\Debug\cy_sysclk.o (__aeabi_uldivmod)
d:/cypress creator/psoc creator/4.2/psoc creator/import/gnu/arm/5.4.1/bin/../lib/gcc/arm-none-eabi/5.4.1/armv7e-m/softfp\libgcc.a(_udivmoddi4.o)
                              d:/cypress creator/psoc creator/4.2/psoc creator/import/gnu/arm/5.4.1/bin/../lib/gcc/arm-none-eabi/5.4.1/armv7e-m/softfp\libgcc.a(_aeabi_uldivmod.o) (__udivmoddi4)
d:/cypress creator/psoc creator/4.2/psoc creator/import/gnu/arm/5.4.1/bin/../lib/gcc/arm-none-eabi/5.4.1/armv7e-m/softfp\libgcc.a(_dvmd_tls.o)
                              d:/cypress creator/psoc creator/4.2/psoc creator/import/gnu/arm/5.4.1/bin/../lib/gcc/arm-none-eabi/5.4.1/armv7e-m/softfp\libgcc.a(_aeabi_uldivmod.o) (__aeabi_ldiv0)
d:/cypress creator/psoc creator/4.2/psoc creator/import/gnu/arm/5.4.1/bin/../lib/gcc/arm-none-eabi/5.4.1/../../../../arm-none-eabi/lib/armv7e-m/softfp\libg_nano.a(lib_a-exit.o)
                              d:/cypress creator/psoc creator/4.2/psoc creator/import/gnu/arm/5.4.1/bin/../lib/gcc/arm-none-eabi/5.4.1/../../../../arm-none-eabi/lib/armv7e-m/softfp/crt0.o (exit)
d:/cypress creator/psoc creator/4.2/psoc creator/import/gnu/arm/5.4.1/bin/../lib/gcc/arm-none-eabi/5.4.1/../../../../arm-none-eabi/lib/armv7e-m/softfp\libg_nano.a(lib_a-impure.o)
                              d:/cypress creator/psoc creator/4.2/psoc creator/import/gnu/arm/5.4.1/bin/../lib/gcc/arm-none-eabi/5.4.1/../../../../arm-none-eabi/lib/armv7e-m/softfp\libg_nano.a(lib_a-exit.o) (_global_impure_ptr)
d:/cypress creator/psoc creator/4.2/psoc creator/import/gnu/arm/5.4.1/bin/../lib/gcc/arm-none-eabi/5.4.1/../../../../arm-none-eabi/lib/armv7e-m/softfp\libg_nano.a(lib_a-init.o)
                              d:/cypress creator/psoc creator/4.2/psoc creator/import/gnu/arm/5.4.1/bin/../lib/gcc/arm-none-eabi/5.4.1/../../../../arm-none-eabi/lib/armv7e-m/softfp/crt0.o (__libc_init_array)
d:/cypress creator/psoc creator/4.2/psoc creator/import/gnu/arm/5.4.1/bin/../lib/gcc/arm-none-eabi/5.4.1/../../../../arm-none-eabi/lib/armv7e-m/softfp\libg_nano.a(lib_a-memcpy-stub.o)
                              .\CortexM4\ARM_GCC_541\Debug\CapSense_Structure.o (memcpy)
d:/cypress creator/psoc creator/4.2/psoc creator/import/gnu/arm/5.4.1/bin/../lib/gcc/arm-none-eabi/5.4.1/../../../../arm-none-eabi/lib/armv7e-m/softfp\libg_nano.a(lib_a-memset.o)
                              d:/cypress creator/psoc creator/4.2/psoc creator/import/gnu/arm/5.4.1/bin/../lib/gcc/arm-none-eabi/5.4.1/../../../../arm-none-eabi/lib/armv7e-m/softfp/crt0.o (memset)
d:/cypress creator/psoc creator/4.2/psoc creator/import/gnu/arm/5.4.1/bin/../lib/gcc/arm-none-eabi/5.4.1/../../../../arm-none-eabi/lib/armv7e-m/softfp\libg_nano.a(lib_a-printf.o)
                              .\CortexM4\ARM_GCC_541\Debug\main_cm4.o (printf)
d:/cypress creator/psoc creator/4.2/psoc creator/import/gnu/arm/5.4.1/bin/../lib/gcc/arm-none-eabi/5.4.1/../../../../arm-none-eabi/lib/armv7e-m/softfp\libg_nano.a(lib_a-putchar.o)
                              .\CortexM4\ARM_GCC_541\Debug\main_cm4.o (putchar)
d:/cypress creator/psoc creator/4.2/psoc creator/import/gnu/arm/5.4.1/bin/../lib/gcc/arm-none-eabi/5.4.1/../../../../arm-none-eabi/lib/armv7e-m/softfp\libg_nano.a(lib_a-strncpy.o)
                              .\CortexM4\ARM_GCC_541\Debug\cy_syslib.o (strncpy)
d:/cypress creator/psoc creator/4.2/psoc creator/import/gnu/arm/5.4.1/bin/../lib/gcc/arm-none-eabi/5.4.1/../../../../arm-none-eabi/lib/armv7e-m/softfp\libg_nano.a(lib_a-findfp.o)
                              d:/cypress creator/psoc creator/4.2/psoc creator/import/gnu/arm/5.4.1/bin/../lib/gcc/arm-none-eabi/5.4.1/../../../../arm-none-eabi/lib/armv7e-m/softfp\libg_nano.a(lib_a-printf.o) (__sinit)
[...]
Memory Configuration

Name             Origin             Length             Attributes
ram              0x08024000         0x00023800         xrw
flash            0x10080000         0x00080000         xr
em_eeprom        0x14000000         0x00008000         xr
sflash_user_data 0x16000800         0x00000800         xr
sflash_nar       0x16001a00         0x00000200         xr
sflash_public_key 0x16005a00         0x00000c00         xr
sflash_toc_2     0x16007c00         0x00000200         xr
sflash_rtoc_2    0x16007e00         0x00000200         xr
xip              0x18000000         0x08000000         xr
efuse            0x90700000         0x00100000         r
*default*        0x00000000         0xffffffff

Linker script and memory map

LOAD d:/cypress creator/psoc creator/4.2/psoc creator/import/gnu/arm/5.4.1/bin/../lib/gcc/arm-none-eabi/5.4.1/armv7e-m/softfp/crti.o
LOAD d:/cypress creator/psoc creator/4.2/psoc creator/import/gnu/arm/5.4.1/bin/../lib/gcc/arm-none-eabi/5.4.1/armv7e-m/softfp/crtbegin.o
LOAD d:/cypress creator/psoc creator/4.2/psoc creator/import/gnu/arm/5.4.1/bin/../lib/gcc/arm-none-eabi/5.4.1/../../../../arm-none-eabi/lib/armv7e-m/softfp/crt0.o
START GROUP
LOAD .\CortexM4\ARM_GCC_541\Debug\startup_psoc63_cm4.o
LOAD .\CortexM4\ARM_GCC_541\Debug\main_cm4.o
LOAD .\CortexM4\ARM_GCC_541\Debug\system_psoc63_cm4.o
LOAD .\CortexM4\ARM_GCC_541\Debug\cy_ipc_config.o
LOAD .\CortexM4\ARM_GCC_541\Debug\cyfitter_sysint_cfg.o
LOAD .\CortexM4\ARM_GCC_541\Debug\cymetadata.o
LOAD .\CortexM4\ARM_GCC_541\Debug\CapSense_Control.o
LOAD .\CortexM4\ARM_GCC_541\Debug\CapSense_Processing.o
LOAD .\CortexM4\ARM_GCC_541\Debug\CapSense_Structure.o
LOAD .\CortexM4\ARM_GCC_541\Debug\CapSense_Tuner.o
LOAD .\CortexM4\ARM_GCC_541\Debug\CapSense_Filter.o
LOAD .\CortexM4\ARM_GCC_541\Debug\CapSense_Sensing.o
LOAD .\CortexM4\ARM_GCC_541\Debug\CapSense_INT.o
LOAD .\CortexM4\ARM_GCC_541\Debug\CapSense_SensingCSD_LL.o
LOAD .\CortexM4\ARM_GCC_541\Debug\I2C.o
LOAD .\CortexM4\ARM_GCC_541\Debug\cy_sysint.o
LOAD .\CortexM4\ARM_GCC_541\Debug\cy_ipc_drv.o
LOAD .\CortexM4\ARM_GCC_541\Debug\cy_ipc_sema.o
LOAD .\CortexM4\ARM_GCC_541\Debug\cy_ipc_pipe.o
LOAD .\CortexM4\ARM_GCC_541\Debug\cy_sysclk.o
LOAD .\CortexM4\ARM_GCC_541\Debug\cy_wdt.o
LOAD .\CortexM4\ARM_GCC_541\Debug\cy_scb_common.o
LOAD .\CortexM4\ARM_GCC_541\Debug\cy_scb_i2c.o
LOAD .\CortexM4\ARM_GCC_541\Debug\cy_scb_ezi2c.o
LOAD .\CortexM4\ARM_GCC_541\Debug\cy_scb_spi.o
LOAD .\CortexM4\ARM_GCC_541\Debug\cy_scb_uart.o
LOAD .\CortexM4\ARM_GCC_541\Debug\cy_efuse.o
LOAD .\CortexM4\ARM_GCC_541\Debug\cy_flash.o
LOAD .\CortexM4\ARM_GCC_541\Debug\cy_gpio.o
LOAD .\CortexM4\ARM_GCC_541\Debug\cy_sysanalog.o
LOAD .\CortexM4\ARM_GCC_541\Debug\cy_syspm.o
LOAD .\CortexM4\ARM_GCC_541\Debug\cy_syslib.o
LOAD .\CortexM4\ARM_GCC_541\Debug\cy_syslib_gcc.o
LOAD .\CortexM4\ARM_GCC_541\Debug\cy_trigmux.o
LOAD .\CortexM4\ARM_GCC_541\Debug\cy_systick.o
LOAD .\CortexM4\ARM_GCC_541\Debug\cy_profile.o
LOAD .\CortexM4\ARM_GCC_541\Debug\cy_prot.o
LOAD .\CortexM4\ARM_GCC_541\Debug\cy_lvd.o
LOAD .\CortexM4\ARM_GCC_541\Debug\cy_ble_clk.o
LOAD .\CortexM4\ARM_GCC_541\Debug\Uart_Printf.o
LOAD D:\CyPRess Creator\PSoC Creator\4.2\PSoC Creator\psoc\content\CyComponentLibrary\CyComponentLibrary.cylib\CapSense_v2_0\Library\CapSense_Library_GCC_M4.a
END GROUP
START GROUP
LOAD d:/cypress creator/psoc creator/4.2/psoc creator/import/gnu/arm/5.4.1/bin/../lib/gcc/arm-none-eabi/5.4.1/armv7e-m/softfp\libgcc.a
LOAD d:/cypress creator/psoc creator/4.2/psoc creator/import/gnu/arm/5.4.1/bin/../lib/gcc/arm-none-eabi/5.4.1/../../../../arm-none-eabi/lib/armv7e-m/softfp\libg_nano.a
LOAD d:/cypress creator/psoc creator/4.2/psoc creator/import/gnu/arm/5.4.1/bin/../lib/gcc/arm-none-eabi/5.4.1/../../../../arm-none-eabi/lib/armv7e-m/softfp\libc_nano.a
END GROUP
START GROUP
LOAD d:/cypress creator/psoc creator/4.2/psoc creator/import/gnu/arm/5.4.1/bin/../lib/gcc/arm-none-eabi/5.4.1/armv7e-m/softfp\libgcc.a
LOAD d:/cypress creator/psoc creator/4.2/psoc creator/import/gnu/arm/5.4.1/bin/../lib/gcc/arm-none-eabi/5.4.1/../../../../arm-none-eabi/lib/armv7e-m/softfp\libc_nano.a
END GROUP
LOAD d:/cypress creator/psoc creator/4.2/psoc creator/import/gnu/arm/5.4.1/bin/../lib/gcc/arm-none-eabi/5.4.1/armv7e-m/softfp/crtend.o
LOAD d:/cypress creator/psoc creator/4.2/psoc creator/import/gnu/arm/5.4.1/bin/../lib/gcc/arm-none-eabi/5.4.1/armv7e-m/softfp/crtn.o
START GROUP
LOAD d:/cypress creator/psoc creator/4.2/psoc creator/import/gnu/arm/5.4.1/bin/../lib/gcc/arm-none-eabi/5.4.1/armv7e-m/softfp\libgcc.a
LOAD d:/cypress creator/psoc creator/4.2/psoc creator/import/gnu/arm/5.4.1/bin/../lib/gcc/arm-none-eabi/5.4.1/../../../../arm-none-eabi/lib/armv7e-m/softfp\libc.a
LOAD d:/cypress creator/psoc creator/4.2/psoc creator/import/gnu/arm/5.4.1/bin/../lib/gcc/arm-none-eabi/5.4.1/../../../../arm-none-eabi/lib/armv7e-m/softfp\libnosys.a
END GROUP
START GROUP
LOAD d:/cypress creator/psoc creator/4.2/psoc creator/import/gnu/arm/5.4.1/bin/../lib/gcc/arm-none-eabi/5.4.1/armv7e-m/softfp\libgcc.a
LOAD d:/cypress creator/psoc creator/4.2/psoc creator/import/gnu/arm/5.4.1/bin/../lib/gcc/arm-none-eabi/5.4.1/../../../../arm-none-eabi/lib/armv7e-m/softfp\libc.a
LOAD d:/cypress creator/psoc creator/4.2/psoc creator/import/gnu/arm/5.4.1/bin/../lib/gcc/arm-none-eabi/5.4.1/../../../../arm-none-eabi/lib/armv7e-m/softfp\libm.a
LOAD d:/cypress creator/psoc creator/4.2/psoc creator/import/gnu/arm/5.4.1/bin/../lib/gcc/arm-none-eabi/5.4.1/../../../../arm-none-eabi/lib/armv7e-m/softfp\libnosys.a
END GROUP

.text           0x10080000     0x4198
                0x10080000                . = ALIGN (0x4)
                0x10080000                __Vectors = .
 *(.vectors)
 .vectors       0x10080000      0x28c .\CortexM4\ARM_GCC_541\Debug\startup_psoc63_cm4.o
                0x1008028c                . = ALIGN (0x4)
                0x1008028c                __Vectors_End = .
                0x0000028c                __Vectors_Size = (__Vectors_End - __Vectors)
                0x1008028c                __end__ = .
                0x1008028c                . = ALIGN (0x4)
 *(.text*)
 .text          0x1008028c       0x5c d:/cypress creator/psoc creator/4.2/psoc creator/import/gnu/arm/5.4.1/bin/../lib/gcc/arm-none-eabi/5.4.1/armv7e-m/softfp/crtbegin.o
 .text          0x100802e8       0x94 .\CortexM4\ARM_GCC_541\Debug\startup_psoc63_cm4.o
                0x100802e8                Cy_OnResetUser
                0x100802ea                Cy_SaveIRQ
                0x100802f2                Cy_RestoreIRQ
                0x100802f8                Reset_Handler
                0x1008035c                tcpwm_1_interrupts_11_IRQHandler
                0x1008035c                cpuss_interrupts_ipc_0_IRQHandler
                0x1008035c                tcpwm_1_interrupts_15_IRQHandler
                0x1008035c                ioss_interrupts_gpio_13_IRQHandler
                0x1008035c                tcpwm_1_interrupts_13_IRQHandler
                0x1008035c                cpuss_interrupts_dw1_8_IRQHandler
                0x1008035c                tcpwm_0_interrupts_0_IRQHandler
                0x1008035c                SysTick_Handler
                0x1008035c                cpuss_interrupt_fm_IRQHandler
                0x1008035c                cpuss_interrupts_ipc_7_IRQHandler
                0x1008035c                tcpwm_1_interrupts_14_IRQHandler
                0x1008035c                cpuss_interrupts_dw0_11_IRQHandler
                0x1008035c                tcpwm_1_interrupts_9_IRQHandler
                0x1008035c                cpuss_interrupts_cm0_cti_1_IRQHandler
                0x1008035c                tcpwm_1_interrupts_22_IRQHandler
                0x1008035c                cpuss_interrupts_dw0_4_IRQHandler
                0x1008035c                PendSV_Handler
                0x1008035c                NMI_Handler
                0x1008035c                cpuss_interrupts_dw1_12_IRQHandler
                0x1008035c                tcpwm_1_interrupts_12_IRQHandler
                0x1008035c                smif_interrupt_IRQHandler
                0x1008035c                tcpwm_1_interrupts_2_IRQHandler
                0x1008035c                cpuss_interrupts_ipc_13_IRQHandler
                0x1008035c                udb_interrupts_11_IRQHandler
                0x1008035c                tcpwm_1_interrupts_18_IRQHandler
                0x1008035c                cpuss_interrupts_ipc_6_IRQHandler
                0x1008035c                tcpwm_0_interrupts_2_IRQHandler
                0x1008035c                cpuss_interrupts_dw0_13_IRQHandler
                0x1008035c                udb_interrupts_2_IRQHandler
                0x1008035c                cpuss_interrupts_dw1_7_IRQHandler
                0x1008035c                ioss_interrupts_gpio_1_IRQHandler
                0x1008035c                ioss_interrupts_gpio_7_IRQHandler
                0x1008035c                scb_5_interrupt_IRQHandler
                0x1008035c                udb_interrupts_6_IRQHandler
                0x1008035c                cpuss_interrupts_fault_1_IRQHandler
                0x1008035c                cpuss_interrupts_ipc_4_IRQHandler
                0x1008035c                cpuss_interrupts_ipc_5_IRQHandler
                0x1008035c                cpuss_interrupts_dw1_10_IRQHandler
                0x1008035c                udb_interrupts_0_IRQHandler
                0x1008035c                tcpwm_1_interrupts_6_IRQHandler
                0x1008035c                scb_4_interrupt_IRQHandler
                0x1008035c                pass_interrupt_dacs_IRQHandler
                0x1008035c                ioss_interrupts_gpio_2_IRQHandler
                0x1008035c                cpuss_interrupts_dw1_9_IRQHandler
                0x1008035c                cpuss_interrupts_dw1_13_IRQHandler
                0x1008035c                scb_2_interrupt_IRQHandler
                0x1008035c                cpuss_interrupts_cm0_cti_0_IRQHandler
                0x1008035c                udb_interrupts_5_IRQHandler
                0x1008035c                srss_interrupt_IRQHandler
                0x1008035c                udb_interrupts_12_IRQHandler
                0x1008035c                scb_0_interrupt_IRQHandler
                0x1008035c                csd_interrupt_IRQHandler
                0x1008035c                udb_interrupts_1_IRQHandler
                0x1008035c                profile_interrupt_IRQHandler
                0x1008035c                tcpwm_1_interrupts_1_IRQHandler
                0x1008035c                cpuss_interrupts_ipc_12_IRQHandler
                0x1008035c                tcpwm_1_interrupts_3_IRQHandler
                0x1008035c                tcpwm_0_interrupts_7_IRQHandler
                0x1008035c                cpuss_interrupts_dw1_1_IRQHandler
                0x1008035c                cpuss_interrupts_dw1_0_IRQHandler
                0x1008035c                cpuss_interrupts_dw0_9_IRQHandler
                0x1008035c                DebugMon_Handler
                0x1008035c                cpuss_interrupts_dw0_5_IRQHandler
                0x1008035c                udb_interrupts_4_IRQHandler
                0x1008035c                tcpwm_1_interrupts_20_IRQHandler
                0x1008035c                ioss_interrupt_gpio_IRQHandler
                0x1008035c                tcpwm_0_interrupts_1_IRQHandler
                0x1008035c                ioss_interrupts_gpio_8_IRQHandler
                0x1008035c                tcpwm_0_interrupts_6_IRQHandler
                0x1008035c                scb_7_interrupt_IRQHandler
                0x1008035c                tcpwm_1_interrupts_7_IRQHandler
                0x1008035c                cpuss_interrupts_ipc_11_IRQHandler
                0x1008035c                udb_interrupts_13_IRQHandler
                0x1008035c                cpuss_interrupts_dw0_15_IRQHandler
                0x1008035c                udb_interrupts_7_IRQHandler
                0x1008035c                cpuss_interrupts_dw1_6_IRQHandler
                0x1008035c                cpuss_interrupt_crypto_IRQHandler
                0x1008035c                scb_1_interrupt_IRQHandler
                0x1008035c                Default_Handler
                0x1008035c                usb_interrupt_hi_IRQHandler
                0x1008035c                tcpwm_1_interrupts_0_IRQHandler
                0x1008035c                udb_interrupts_9_IRQHandler
                0x1008035c                audioss_interrupt_pdm_IRQHandler
                0x1008035c                srss_interrupt_mcwdt_0_IRQHandler
                0x1008035c                scb_3_interrupt_IRQHandler
                0x1008035c                pass_interrupt_ctbs_IRQHandler
                0x1008035c                udb_interrupts_8_IRQHandler
                0x1008035c                ioss_interrupts_gpio_3_IRQHandler
                0x1008035c                scb_6_interrupt_IRQHandler
                0x1008035c                cpuss_interrupts_cm4_cti_0_IRQHandler
                0x1008035c                cpuss_interrupts_dw1_3_IRQHandler
                0x1008035c                pass_interrupt_sar_IRQHandler
                0x1008035c                ioss_interrupts_gpio_0_IRQHandler
                0x1008035c                ioss_interrupts_gpio_14_IRQHandler
                0x1008035c                tcpwm_0_interrupts_4_IRQHandler
                0x1008035c                udb_interrupts_3_IRQHandler
                0x1008035c                tcpwm_0_interrupts_5_IRQHandler
                0x1008035c                cpuss_interrupts_ipc_15_IRQHandler
                0x1008035c                cpuss_interrupts_cm4_cti_1_IRQHandler
                0x1008035c                scb_8_interrupt_IRQHandler
                0x1008035c                srss_interrupt_mcwdt_1_IRQHandler
                0x1008035c                cpuss_interrupts_dw1_2_IRQHandler
                0x1008035c                SVC_Handler
                0x1008035c                cpuss_interrupts_dw1_5_IRQHandler
                0x1008035c                cpuss_interrupts_ipc_1_IRQHandler
                0x1008035c                cpuss_interrupts_dw0_0_IRQHandler
                0x1008035c                ioss_interrupts_gpio_12_IRQHandler
                0x1008035c                cpuss_interrupts_ipc_3_IRQHandler
                0x1008035c                tcpwm_1_interrupts_17_IRQHandler
                0x1008035c                srss_interrupt_backup_IRQHandler
                0x1008035c                bless_interrupt_IRQHandler
                0x1008035c                cpuss_interrupts_ipc_10_IRQHandler
                0x1008035c                cpuss_interrupts_ipc_9_IRQHandler
                0x1008035c                cpuss_interrupts_dw0_14_IRQHandler
                0x1008035c                tcpwm_1_interrupts_4_IRQHandler
                0x1008035c                tcpwm_0_interrupts_3_IRQHandler
                0x1008035c                cpuss_interrupts_dw1_15_IRQHandler
                0x1008035c                ioss_interrupts_gpio_10_IRQHandler
                0x1008035c                udb_interrupts_10_IRQHandler
                0x1008035c                cpuss_interrupts_dw0_8_IRQHandler
                0x1008035c                ioss_interrupts_gpio_11_IRQHandler
                0x1008035c                cpuss_interrupts_ipc_14_IRQHandler
                0x1008035c                ioss_interrupts_gpio_5_IRQHandler
                0x1008035c                ioss_interrupts_gpio_4_IRQHandler
                0x1008035c                tcpwm_1_interrupts_8_IRQHandler
                0x1008035c                cpuss_interrupts_dw1_14_IRQHandler
                0x1008035c                usb_interrupt_med_IRQHandler
                0x1008035c                cpuss_interrupts_dw0_2_IRQHandler
                0x1008035c                tcpwm_1_interrupts_23_IRQHandler
                0x1008035c                tcpwm_1_interrupts_10_IRQHandler
                0x1008035c                cpuss_interrupts_fault_0_IRQHandler
                0x1008035c                cpuss_interrupts_dw0_12_IRQHandler
                0x1008035c                ioss_interrupts_gpio_6_IRQHandler
                0x1008035c                tcpwm_1_interrupts_21_IRQHandler
                0x1008035c                tcpwm_1_interrupts_16_IRQHandler
                0x1008035c                cpuss_interrupts_dw1_4_IRQHandler
                0x1008035c                udb_interrupts_15_IRQHandler
                0x1008035c                cpuss_interrupts_dw1_11_IRQHandler
                0x1008035c                cpuss_interrupts_dw0_6_IRQHandler
                0x1008035c                ioss_interrupt_vdd_IRQHandler
                0x1008035c                cpuss_interrupts_dw0_7_IRQHandler
                0x1008035c                audioss_interrupt_i2s_IRQHandler
                0x1008035c                tcpwm_1_interrupts_5_IRQHandler
                0x1008035c                cpuss_interrupts_ipc_2_IRQHandler
                0x1008035c                cpuss_interrupts_dw0_10_IRQHandler
                0x1008035c                tcpwm_1_interrupts_19_IRQHandler
                0x1008035c                cpuss_interrupts_dw0_1_IRQHandler
                0x1008035c                lpcomp_interrupt_IRQHandler
                0x1008035c                ioss_interrupts_gpio_9_IRQHandler
                0x1008035c                usb_interrupt_lo_IRQHandler
                0x1008035c                cpuss_interrupts_ipc_8_IRQHandler
                0x1008035c                udb_interrupts_14_IRQHandler
                0x1008035c                cpuss_interrupts_dw0_3_IRQHandler
                0x10080360                UsageFault_Handler
                0x10080360                HardFault_Handler
                0x10080360                MemManage_Handler
                0x10080360                BusFault_Handler
 .text.main     0x1008037c       0xf4 .\CortexM4\ARM_GCC_541\Debug\main_cm4.o
                0x1008037c                main
 .text._write   0x10080470       0x28 .\CortexM4\ARM_GCC_541\Debug\main_cm4.o
                0x10080470                _write
 .text.Cy_SystemInit
                0x10080498        0x4 .\CortexM4\ARM_GCC_541\Debug\system_psoc63_cm4.o
                0x10080498                Cy_SystemInit
 .text.SystemCoreClockUpdate
                0x1008049c      0x190 .\CortexM4\ARM_GCC_541\Debug\system_psoc63_cm4.o
                0x1008049c                SystemCoreClockUpdate
 .text.SystemInit
                0x1008062c       0x48 .\CortexM4\ARM_GCC_541\Debug\system_psoc63_cm4.o
                0x1008062c                SystemInit
 .text.Cy_SystemInitFpuEnable
                0x10080674       0x28 .\CortexM4\ARM_GCC_541\Debug\system_psoc63_cm4.o
                0x10080674                Cy_SystemInitFpuEnable
 .text.Cy_IPC_SystemPipeIsr
                0x1008069c        0xc .\CortexM4\ARM_GCC_541\Debug\cy_ipc_config.o
 .text.Cy_IPC_SystemSemaInit
                0x100806a8       0x10 .\CortexM4\ARM_GCC_541\Debug\cy_ipc_config.o
                0x100806a8                Cy_IPC_SystemSemaInit
 .text.Cy_IPC_SystemPipeInit
                0x100806b8       0x24 .\CortexM4\ARM_GCC_541\Debug\cy_ipc_config.o
                0x100806b8                Cy_IPC_SystemPipeInit
 .text.CapSense_Initialize
                0x100806dc       0x24 .\CortexM4\ARM_GCC_541\Debug\CapSense_Control.o
                0x100806dc                CapSense_Initialize
 .text.CapSense_Start
                0x10080700       0x24 .\CortexM4\ARM_GCC_541\Debug\CapSense_Control.o
                0x10080700                CapSense_Start
 .text.CapSense_ProcessAllWidgets
                0x10080724       0x44 .\CortexM4\ARM_GCC_541\Debug\CapSense_Control.o
                0x10080724                CapSense_ProcessAllWidgets
 .text.CapSense_DpInitialize
                0x10080768       0x58 .\CortexM4\ARM_GCC_541\Debug\CapSense_Processing.o
                0x10080768                CapSense_DpInitialize
 .text.CapSense_DpUpdateDifferences
                0x100807c0       0x18 .\CortexM4\ARM_GCC_541\Debug\CapSense_Processing.o
                0x100807c0                CapSense_DpUpdateDifferences
 .text.CapSense_DpProcessCsdWidgetRawCounts
                0x100807d8       0x38 .\CortexM4\ARM_GCC_541\Debug\CapSense_Processing.o
                0x100807d8                CapSense_DpProcessCsdWidgetRawCounts
 .text.CapSense_DpProcessButton
                0x10080810       0x64 .\CortexM4\ARM_GCC_541\Debug\CapSense_Processing.o
                0x10080810                CapSense_DpProcessButton
 .text.CapSense_DpProcessCsdWidgetStatus
                0x10080874       0x64 .\CortexM4\ARM_GCC_541\Debug\CapSense_Processing.o
                0x10080874                CapSense_DpProcessCsdWidgetStatus
 .text.CapSense_DsInitialize
                0x100808d8       0x44 .\CortexM4\ARM_GCC_541\Debug\CapSense_Structure.o
                0x100808d8                CapSense_DsInitialize
 .text.CapSense_TuInitialize
                0x1008091c       0x14 .\CortexM4\ARM_GCC_541\Debug\CapSense_Tuner.o
                0x1008091c                CapSense_TuInitialize
 .text.CapSense_RunTuner
                0x10080930      0x110 .\CortexM4\ARM_GCC_541\Debug\CapSense_Tuner.o
                0x10080930                CapSense_RunTuner
 .text.CapSense_FtInitialize
                0x10080a40        0x4 .\CortexM4\ARM_GCC_541\Debug\CapSense_Filter.o
                0x10080a40                CapSense_FtInitialize
 .text.CapSense_FtInitializeBaselineChannel
                0x10080a44       0x20 .\CortexM4\ARM_GCC_541\Debug\CapSense_Filter.o
                0x10080a44                CapSense_FtInitializeBaselineChannel
 .text.CapSense_FtInitializeBaseline
                0x10080a64       0x20 .\CortexM4\ARM_GCC_541\Debug\CapSense_Filter.o
                0x10080a64                CapSense_FtInitializeBaseline
 .text.CapSense_InitializeSensorBaseline
                0x10080a84       0x28 .\CortexM4\ARM_GCC_541\Debug\CapSense_Filter.o
                0x10080a84                CapSense_InitializeSensorBaseline
 .text.CapSense_InitializeWidgetBaseline
                0x10080aac       0x28 .\CortexM4\ARM_GCC_541\Debug\CapSense_Filter.o
                0x10080aac                CapSense_InitializeWidgetBaseline
 .text.CapSense_InitializeAllBaselines
                0x10080ad4       0x18 .\CortexM4\ARM_GCC_541\Debug\CapSense_Filter.o
                0x10080ad4                CapSense_InitializeAllBaselines
 .text.CapSense_FtIIR1stOrder
                0x10080aec       0x14 .\CortexM4\ARM_GCC_541\Debug\CapSense_Filter.o
                0x10080aec                CapSense_FtIIR1stOrder
 .text.CapSense_FtUpdateBaseline
                0x10080b00       0x8c .\CortexM4\ARM_GCC_541\Debug\CapSense_Filter.o
                0x10080b00                CapSense_FtUpdateBaseline
 .text.CapSense_SsSetWidgetSenseClkSrc
                0x10080b8c        0x8 .\CortexM4\ARM_GCC_541\Debug\CapSense_Sensing.o
 .text.CapSense_IsBusy
                0x10080b94       0x10 .\CortexM4\ARM_GCC_541\Debug\CapSense_Sensing.o
                0x10080b94                CapSense_IsBusy
 .text.CapSense_SetupWidget
                0x10080ba4       0x44 .\CortexM4\ARM_GCC_541\Debug\CapSense_Sensing.o
                0x10080ba4                CapSense_SetupWidget
 .text.CapSense_Scan
                0x10080be8       0x1c .\CortexM4\ARM_GCC_541\Debug\CapSense_Sensing.o
                0x10080be8                CapSense_Scan
 .text.CapSense_ScanAllWidgets
                0x10080c04       0x54 .\CortexM4\ARM_GCC_541\Debug\CapSense_Sensing.o
                0x10080c04                CapSense_ScanAllWidgets
 .text.CapSense_SsSetIOsInDefaultState
                0x10080c58       0x28 .\CortexM4\ARM_GCC_541\Debug\CapSense_Sensing.o
                0x10080c58                CapSense_SsSetIOsInDefaultState
 .text.CapSense_SsPostAllWidgetsScan
                0x10080c80       0x7c .\CortexM4\ARM_GCC_541\Debug\CapSense_Sensing.o
                0x10080c80                CapSense_SsPostAllWidgetsScan
 .text.CapSense_SsIsrInitialize
                0x10080cfc       0x58 .\CortexM4\ARM_GCC_541\Debug\CapSense_Sensing.o
                0x10080cfc                CapSense_SsIsrInitialize
 .text.CapSense_SsInitializeSourceSenseClk
                0x10080d54       0x24 .\CortexM4\ARM_GCC_541\Debug\CapSense_Sensing.o
                0x10080d54                CapSense_SsInitializeSourceSenseClk
 .text.CapSense_SsInitialize
                0x10080d78       0x14 .\CortexM4\ARM_GCC_541\Debug\CapSense_Sensing.o
                0x10080d78                CapSense_SsInitialize
 .text.CapSense_SsClearCSDSensors
                0x10080d8c       0x3c .\CortexM4\ARM_GCC_541\Debug\CapSense_Sensing.o
                0x10080d8c                CapSense_SsClearCSDSensors
 .text.CapSense_BistDischargeExtCapacitors
                0x10080dc8       0x38 .\CortexM4\ARM_GCC_541\Debug\CapSense_Sensing.o
                0x10080dc8                CapSense_BistDischargeExtCapacitors
 .text.CapSense_SsCSDPostScan
                0x10080e00       0x54 .\CortexM4\ARM_GCC_541\Debug\CapSense_INT.o
 .text.CapSense_SsCSDInitNextScan
                0x10080e54       0x9c .\CortexM4\ARM_GCC_541\Debug\CapSense_INT.o
 .text.CapSense_CSDPostMultiScan
                0x10080ef0       0x44 .\CortexM4\ARM_GCC_541\Debug\CapSense_INT.o
                0x10080ef0                CapSense_CSDPostMultiScan
 .text.CapSense_SsCSDSetModeSnsClockDivider
                0x10080f34       0x10 .\CortexM4\ARM_GCC_541\Debug\CapSense_SensingCSD_LL.o
 .text.CapSense_SsCSDSetFilterDelay
                0x10080f44       0x54 .\CortexM4\ARM_GCC_541\Debug\CapSense_SensingCSD_LL.o
 .text.CapSense_SsCSDConfigIDACs
                0x10080f98       0x10 .\CortexM4\ARM_GCC_541\Debug\CapSense_SensingCSD_LL.o
 .text.CapSense_SsCSDCmodPrecharge
                0x10080fa8       0x6c .\CortexM4\ARM_GCC_541\Debug\CapSense_SensingCSD_LL.o
 .text.CapSense_SsCSDTriggerScan
                0x10081014       0x8c .\CortexM4\ARM_GCC_541\Debug\CapSense_SensingCSD_LL.o
 .text.CapSense_SsCSDInitialize
                0x100810a0      0x128 .\CortexM4\ARM_GCC_541\Debug\CapSense_SensingCSD_LL.o
                0x100810a0                CapSense_SsCSDInitialize
 .text.CapSense_SsCSDSetUpIdacs
                0x100811c8       0x2c .\CortexM4\ARM_GCC_541\Debug\CapSense_SensingCSD_LL.o
                0x100811c8                CapSense_SsCSDSetUpIdacs
 .text.CapSense_SsCSDGetNumberOfConversions
                0x100811f4       0x2c .\CortexM4\ARM_GCC_541\Debug\CapSense_SensingCSD_LL.o
                0x100811f4                CapSense_SsCSDGetNumberOfConversions
 .text.CapSense_SsCSDConfigClock
                0x10081220       0x30 .\CortexM4\ARM_GCC_541\Debug\CapSense_SensingCSD_LL.o
                0x10081220                CapSense_SsCSDConfigClock
 .text.CapSense_SsCSDCalculateScanDuration
                0x10081250       0x18 .\CortexM4\ARM_GCC_541\Debug\CapSense_SensingCSD_LL.o
                0x10081250                CapSense_SsCSDCalculateScanDuration
 .text.CapSense_SsCSDStartSample
                0x10081268       0x44 .\CortexM4\ARM_GCC_541\Debug\CapSense_SensingCSD_LL.o
                0x10081268                CapSense_SsCSDStartSample
 .text.CapSense_CSDScanExt
                0x100812ac       0x20 .\CortexM4\ARM_GCC_541\Debug\CapSense_SensingCSD_LL.o
                0x100812ac                CapSense_CSDScanExt
 .text.CapSense_CSDConnectSns
                0x100812cc       0x98 .\CortexM4\ARM_GCC_541\Debug\CapSense_SensingCSD_LL.o
                0x100812cc                CapSense_CSDConnectSns
 .text.CapSense_CSDScan
                0x10081364       0x74 .\CortexM4\ARM_GCC_541\Debug\CapSense_SensingCSD_LL.o
                0x10081364                CapSense_CSDScan
 .text.CapSense_SsCSDConnectSensorExt
                0x100813d8       0x24 .\CortexM4\ARM_GCC_541\Debug\CapSense_SensingCSD_LL.o
                0x100813d8                CapSense_SsCSDConnectSensorExt
 .text.CapSense_CSDDisconnectSns
                0x100813fc       0xa4 .\CortexM4\ARM_GCC_541\Debug\CapSense_SensingCSD_LL.o
                0x100813fc                CapSense_CSDDisconnectSns
 .text.CapSense_SsCSDElectrodeCheck
                0x100814a0       0x24 .\CortexM4\ARM_GCC_541\Debug\CapSense_SensingCSD_LL.o
                0x100814a0                CapSense_SsCSDElectrodeCheck
 .text.CapSense_CSDSetupWidget
                0x100814c4       0x54 .\CortexM4\ARM_GCC_541\Debug\CapSense_SensingCSD_LL.o
                0x100814c4                CapSense_CSDSetupWidget
 .text.I2C_Interrupt
                0x10081518       0x14 .\CortexM4\ARM_GCC_541\Debug\I2C.o
 .text.I2C_Start
                0x1008152c       0x64 .\CortexM4\ARM_GCC_541\Debug\I2C.o
                0x1008152c                I2C_Start
 .text.Cy_SysInt_SetVector
                0x10081590       0x44 .\CortexM4\ARM_GCC_541\Debug\cy_sysint.o
                0x10081590                Cy_SysInt_SetVector
 .text.Cy_SysInt_Init
                0x100815d4       0x7c .\CortexM4\ARM_GCC_541\Debug\cy_sysint.o
                0x100815d4                Cy_SysInt_Init
 .text.Cy_IPC_Drv_LockRelease
                0x10081650       0x30 .\CortexM4\ARM_GCC_541\Debug\cy_ipc_drv.o
                0x10081650                Cy_IPC_Drv_LockRelease
 .text.Cy_IPC_Drv_SendMsgWord
                0x10081680       0x3c .\CortexM4\ARM_GCC_541\Debug\cy_ipc_drv.o
                0x10081680                Cy_IPC_Drv_SendMsgWord
 .text.Cy_IPC_Drv_ReadMsgWord
                0x100816bc       0x2c .\CortexM4\ARM_GCC_541\Debug\cy_ipc_drv.o
                0x100816bc                Cy_IPC_Drv_ReadMsgWord
 .text.Cy_IPC_Sema_Init
                0x100816e8       0xb0 .\CortexM4\ARM_GCC_541\Debug\cy_ipc_sema.o
                0x100816e8                Cy_IPC_Sema_Init
 .text.Cy_IPC_Sema_Clear
                0x10081798       0x88 .\CortexM4\ARM_GCC_541\Debug\cy_ipc_sema.o
                0x10081798                Cy_IPC_Sema_Clear
 .text.Cy_IPC_Sema_Status
                0x10081820       0x40 .\CortexM4\ARM_GCC_541\Debug\cy_ipc_sema.o
                0x10081820                Cy_IPC_Sema_Status
 .text.Cy_IPC_Pipe_Config
                0x10081860       0x10 .\CortexM4\ARM_GCC_541\Debug\cy_ipc_pipe.o
                0x10081860                Cy_IPC_Pipe_Config
 .text.Cy_IPC_Pipe_EndpointInit
                0x10081870       0xc8 .\CortexM4\ARM_GCC_541\Debug\cy_ipc_pipe.o
                0x10081870                Cy_IPC_Pipe_EndpointInit
 .text.Cy_IPC_Pipe_Init
                0x10081938       0xc4 .\CortexM4\ARM_GCC_541\Debug\cy_ipc_pipe.o
                0x10081938                Cy_IPC_Pipe_Init
 .text.Cy_IPC_Pipe_SendMessage
                0x100819fc       0xc0 .\CortexM4\ARM_GCC_541\Debug\cy_ipc_pipe.o
                0x100819fc                Cy_IPC_Pipe_SendMessage
 .text.Cy_IPC_Pipe_RegisterCallback
                0x10081abc       0x60 .\CortexM4\ARM_GCC_541\Debug\cy_ipc_pipe.o
                0x10081abc                Cy_IPC_Pipe_RegisterCallback
 .text.Cy_IPC_Pipe_ExecCallback
                0x10081b1c       0xb0 .\CortexM4\ARM_GCC_541\Debug\cy_ipc_pipe.o
                0x10081b1c                Cy_IPC_Pipe_ExecCallback
 .text.Cy_IPC_Pipe_ExecuteCallback
                0x10081bcc       0x3c .\CortexM4\ARM_GCC_541\Debug\cy_ipc_pipe.o
                0x10081bcc                Cy_IPC_Pipe_ExecuteCallback
 .text.Cy_SCB_ReadArrayNoCheck
                0x10081c08       0x38 .\CortexM4\ARM_GCC_541\Debug\cy_scb_common.o
                0x10081c08                Cy_SCB_ReadArrayNoCheck
 .text.Cy_SCB_ReadArray
                0x10081c40       0x1c .\CortexM4\ARM_GCC_541\Debug\cy_scb_common.o
                0x10081c40                Cy_SCB_ReadArray
 .text.Cy_SCB_WriteArrayNoCheck
                0x10081c5c       0x38 .\CortexM4\ARM_GCC_541\Debug\cy_scb_common.o
                0x10081c5c                Cy_SCB_WriteArrayNoCheck
 .text.Cy_SCB_WriteArray
                0x10081c94       0x2c .\CortexM4\ARM_GCC_541\Debug\cy_scb_common.o
                0x10081c94                Cy_SCB_WriteArray
 .text.Cy_SCB_WriteDefaultArrayNoCheck
                0x10081cc0       0x10 .\CortexM4\ARM_GCC_541\Debug\cy_scb_common.o
                0x10081cc0                Cy_SCB_WriteDefaultArrayNoCheck
 .text.Cy_SCB_WriteDefaultArray
                0x10081cd0       0x2c .\CortexM4\ARM_GCC_541\Debug\cy_scb_common.o
                0x10081cd0                Cy_SCB_WriteDefaultArray
 .text.HandleErrors
                0x10081cfc       0x30 .\CortexM4\ARM_GCC_541\Debug\cy_scb_ezi2c.o
 .text.HandleStop
                0x10081d2c       0x94 .\CortexM4\ARM_GCC_541\Debug\cy_scb_ezi2c.o
 .text.UpdateAddressMask
                0x10081dc0       0x24 .\CortexM4\ARM_GCC_541\Debug\cy_scb_ezi2c.o
 .text.HandleAddress
                0x10081de4      0x104 .\CortexM4\ARM_GCC_541\Debug\cy_scb_ezi2c.o
 .text.HandleDataTransmit
                0x10081ee8       0x2c .\CortexM4\ARM_GCC_541\Debug\cy_scb_ezi2c.o
 .text.UpdateRxFifoLevel
                0x10081f14       0x64 .\CortexM4\ARM_GCC_541\Debug\cy_scb_ezi2c.o
 .text.HandleDataReceive
                0x10081f78      0x124 .\CortexM4\ARM_GCC_541\Debug\cy_scb_ezi2c.o
 .text.Cy_SCB_EZI2C_SetAddress1
                0x1008209c       0x4c .\CortexM4\ARM_GCC_541\Debug\cy_scb_ezi2c.o
                0x1008209c                Cy_SCB_EZI2C_SetAddress1
 .text.Cy_SCB_EZI2C_SetBuffer1
                0x100820e8       0x34 .\CortexM4\ARM_GCC_541\Debug\cy_scb_ezi2c.o
                0x100820e8                Cy_SCB_EZI2C_SetBuffer1
 .text.Cy_SCB_EZI2C_SetAddress2
                0x1008211c       0x38 .\CortexM4\ARM_GCC_541\Debug\cy_scb_ezi2c.o
                0x1008211c                Cy_SCB_EZI2C_SetAddress2
 .text.Cy_SCB_EZI2C_Init
                0x10082154      0x124 .\CortexM4\ARM_GCC_541\Debug\cy_scb_ezi2c.o
                0x10082154                Cy_SCB_EZI2C_Init
 .text.Cy_SCB_EZI2C_Interrupt
                0x10082278       0xd4 .\CortexM4\ARM_GCC_541\Debug\cy_scb_ezi2c.o
                0x10082278                Cy_SCB_EZI2C_Interrupt
 .text.Cy_SCB_UART_Init
                0x1008234c      0x370 .\CortexM4\ARM_GCC_541\Debug\cy_scb_uart.o
                0x1008234c                Cy_SCB_UART_Init
 .text.Cy_Flash_GetRowNum
                0x100826bc       0x38 .\CortexM4\ARM_GCC_541\Debug\cy_flash.o
 .text.Cy_Flash_BoundsCheck
                0x100826f4       0x20 .\CortexM4\ARM_GCC_541\Debug\cy_flash.o
 .text.Cy_Flash_ProcessOpcode
                0x10082714       0xac .\CortexM4\ARM_GCC_541\Debug\cy_flash.o
 .text.Cy_Flash_OperationStatus
                0x100827c0       0x44 .\CortexM4\ARM_GCC_541\Debug\cy_flash.o
 .text.Cy_Flash_Init
                0x10082804       0x4c .\CortexM4\ARM_GCC_541\Debug\cy_flash.o
                0x10082804                Cy_Flash_Init
 .text.Cy_Flash_WriteRow
                0x10082850       0x7c .\CortexM4\ARM_GCC_541\Debug\cy_flash.o
                0x10082850                Cy_Flash_WriteRow
 .text.Cy_GPIO_Pin_FastInit
                0x100828cc       0xf0 .\CortexM4\ARM_GCC_541\Debug\cy_gpio.o
                0x100828cc                Cy_GPIO_Pin_FastInit
 .text.Cy_SysLib_DelayUs
                0x100829bc       0x14 .\CortexM4\ARM_GCC_541\Debug\cy_syslib.o
                0x100829bc                Cy_SysLib_DelayUs
 .text.Cy_SysLib_Halt
                0x100829d0        0x4 .\CortexM4\ARM_GCC_541\Debug\cy_syslib.o
                0x100829d0                Cy_SysLib_Halt
 .text.Cy_SysLib_AssertFailed
                0x100829d4       0x1c .\CortexM4\ARM_GCC_541\Debug\cy_syslib.o
                0x100829d4                Cy_SysLib_AssertFailed
 .text.Cy_SysLib_ProcessingFault
                0x100829f0        0x4 .\CortexM4\ARM_GCC_541\Debug\cy_syslib.o
                0x100829f0                Cy_SysLib_ProcessingFault
 .text.Cy_SysLib_FaultHandler
                0x100829f4       0xa4 .\CortexM4\ARM_GCC_541\Debug\cy_syslib.o
                0x100829f4                Cy_SysLib_FaultHandler
 .text          0x10082a98       0x20 .\CortexM4\ARM_GCC_541\Debug\cy_syslib_gcc.o
                0x10082a98                Cy_SysLib_DelayCycles
                0x10082aaa                Cy_SysLib_EnterCriticalSection
                0x10082ab2                Cy_SysLib_ExitCriticalSection
 .text.memcpy   0x10082ab8       0x16 d:/cypress creator/psoc creator/4.2/psoc creator/import/gnu/arm/5.4.1/bin/../lib/gcc/arm-none-eabi/5.4.1/../../../../arm-none-eabi/lib/armv7e-m/softfp\libg_nano.a(lib_a-memcpy-stub.o)
                0x10082ab8                memcpy
 .text.memset   0x10082ace       0x10 d:/cypress creator/psoc creator/4.2/psoc creator/import/gnu/arm/5.4.1/bin/../lib/gcc/arm-none-eabi/5.4.1/../../../../arm-none-eabi/lib/armv7e-m/softfp\libg_nano.a(lib_a-memset.o)
                0x10082ace                memset
 *fill*         0x10082ade        0x2 
 .text.printf   0x10082ae0       0x30 d:/cypress creator/psoc creator/4.2/psoc creator/import/gnu/arm/5.4.1/bin/../lib/gcc/arm-none-eabi/5.4.1/../../../../arm-none-eabi/lib/armv7e-m/softfp\libg_nano.a(lib_a-printf.o)
                0x10082ae0                iprintf
                0x10082ae0                printf
 .text.putchar  0x10082b10       0x28 d:/cypress creator/psoc creator/4.2/psoc creator/import/gnu/arm/5.4.1/bin/../lib/gcc/arm-none-eabi/5.4.1/../../../../arm-none-eabi/lib/armv7e-m/softfp\libg_nano.a(lib_a-putchar.o)
                0x10082b10                putchar
 .text.strncpy  0x10082b38       0x26 d:/cypress creator/psoc creator/4.2/psoc creator/import/gnu/arm/5.4.1/bin/../lib/gcc/arm-none-eabi/5.4.1/../../../../arm-none-eabi/lib/armv7e-m/softfp\libg_nano.a(lib_a-strncpy.o)
                0x10082b38                strncpy
 *fill*         0x10082b5e        0x2 
 .text._cleanup_r
                0x10082b60        0xc d:/cypress creator/psoc creator/4.2/psoc creator/import/gnu/arm/5.4.1/bin/../lib/gcc/arm-none-eabi/5.4.1/../../../../arm-none-eabi/lib/armv7e-m/softfp\libg_nano.a(lib_a-findfp.o)
                0x10082b60                _cleanup_r
 .text.std.isra.0
                0x10082b6c       0x48 d:/cypress creator/psoc creator/4.2/psoc creator/import/gnu/arm/5.4.1/bin/../lib/gcc/arm-none-eabi/5.4.1/../../../../arm-none-eabi/lib/armv7e-m/softfp\libg_nano.a(lib_a-findfp.o)
 .text.__sfmoreglue
                0x10082bb4       0x2c d:/cypress creator/psoc creator/4.2/psoc creator/import/gnu/arm/5.4.1/bin/../lib/gcc/arm-none-eabi/5.4.1/../../../../arm-none-eabi/lib/armv7e-m/softfp\libg_nano.a(lib_a-findfp.o)
                0x10082bb4                __sfmoreglue
 .text.__sinit  0x10082be0       0x60 d:/cypress creator/psoc creator/4.2/psoc creator/import/gnu/arm/5.4.1/bin/../lib/gcc/arm-none-eabi/5.4.1/../../../../arm-none-eabi/lib/armv7e-m/softfp\libg_nano.a(lib_a-findfp.o)
                0x10082be0                __sinit
 .text.__sfp    0x10082c40       0x78 d:/cypress creator/psoc creator/4.2/psoc creator/import/gnu/arm/5.4.1/bin/../lib/gcc/arm-none-eabi/5.4.1/../../../../arm-none-eabi/lib/armv7e-m/softfp\libg_nano.a(lib_a-findfp.o)
                0x10082c40                __sfp
 .text._fwalk_reent
                0x10082cb8       0x3c d:/cypress creator/psoc creator/4.2/psoc creator/import/gnu/arm/5.4.1/bin/../lib/gcc/arm-none-eabi/5.4.1/../../../../arm-none-eabi/lib/armv7e-m/softfp\libg_nano.a(lib_a-fwalk.o)
                0x10082cb8                _fwalk_reent
 .text._malloc_r
                0x10082cf4       0xbc d:/cypress creator/psoc creator/4.2/psoc creator/import/gnu/arm/5.4.1/bin/../lib/gcc/arm-none-eabi/5.4.1/../../../../arm-none-eabi/lib/armv7e-m/softfp\libg_nano.a(lib_a-nano-mallocr.o)
                0x10082cf4                _malloc_r
 .text.__sfputc_r
                0x10082db0       0x30 d:/cypress creator/psoc creator/4.2/psoc creator/import/gnu/arm/5.4.1/bin/../lib/gcc/arm-none-eabi/5.4.1/../../../../arm-none-eabi/lib/armv7e-m/softfp\libg_nano.a(lib_a-nano-vfprintf.o)
 .text.__sfputs_r
                0x10082de0       0x24 d:/cypress creator/psoc creator/4.2/psoc creator/import/gnu/arm/5.4.1/bin/../lib/gcc/arm-none-eabi/5.4.1/../../../../arm-none-eabi/lib/armv7e-m/softfp\libg_nano.a(lib_a-nano-vfprintf.o)
                0x10082de0                __sfputs_r
 .text._vfprintf_r
                0x10082e04      0x238 d:/cypress creator/psoc creator/4.2/psoc creator/import/gnu/arm/5.4.1/bin/../lib/gcc/arm-none-eabi/5.4.1/../../../../arm-none-eabi/lib/armv7e-m/softfp\libg_nano.a(lib_a-nano-vfprintf.o)
                0x10082e04                _vfprintf_r
                0x10082e04                _vfiprintf_r
 .text._printf_common
                0x1008303c       0xec d:/cypress creator/psoc creator/4.2/psoc creator/import/gnu/arm/5.4.1/bin/../lib/gcc/arm-none-eabi/5.4.1/../../../../arm-none-eabi/lib/armv7e-m/softfp\libg_nano.a(lib_a-nano-vfprintf_i.o)
                0x1008303c                _printf_common
 .text._printf_i
                0x10083128      0x24c d:/cypress creator/psoc creator/4.2/psoc creator/import/gnu/arm/5.4.1/bin/../lib/gcc/arm-none-eabi/5.4.1/../../../../arm-none-eabi/lib/armv7e-m/softfp\libg_nano.a(lib_a-nano-vfprintf_i.o)
                0x10083128                _printf_i
 .text._putc_r  0x10083374       0x6c d:/cypress creator/psoc creator/4.2/psoc creator/import/gnu/arm/5.4.1/bin/../lib/gcc/arm-none-eabi/5.4.1/../../../../arm-none-eabi/lib/armv7e-m/softfp\libg_nano.a(lib_a-putc.o)
                0x10083374                _putc_r
 .text._sbrk_r  0x100833e0       0x20 d:/cypress creator/psoc creator/4.2/psoc creator/import/gnu/arm/5.4.1/bin/../lib/gcc/arm-none-eabi/5.4.1/../../../../arm-none-eabi/lib/armv7e-m/softfp\libg_nano.a(lib_a-sbrkr.o)
                0x100833e0                _sbrk_r
 .text.__sread  0x10083400       0x22 d:/cypress creator/psoc creator/4.2/psoc creator/import/gnu/arm/5.4.1/bin/../lib/gcc/arm-none-eabi/5.4.1/../../../../arm-none-eabi/lib/armv7e-m/softfp\libg_nano.a(lib_a-stdio.o)
                0x10083400                __sread
 .text.__swrite
                0x10083422       0x38 d:/cypress creator/psoc creator/4.2/psoc creator/import/gnu/arm/5.4.1/bin/../lib/gcc/arm-none-eabi/5.4.1/../../../../arm-none-eabi/lib/armv7e-m/softfp\libg_nano.a(lib_a-stdio.o)
                0x10083422                __swrite
 .text.__sseek  0x1008345a       0x24 d:/cypress creator/psoc creator/4.2/psoc creator/import/gnu/arm/5.4.1/bin/../lib/gcc/arm-none-eabi/5.4.1/../../../../arm-none-eabi/lib/armv7e-m/softfp\libg_nano.a(lib_a-stdio.o)
                0x1008345a                __sseek
 .text.__sclose
                0x1008347e        0x8 d:/cypress creator/psoc creator/4.2/psoc creator/import/gnu/arm/5.4.1/bin/../lib/gcc/arm-none-eabi/5.4.1/../../../../arm-none-eabi/lib/armv7e-m/softfp\libg_nano.a(lib_a-stdio.o)
                0x1008347e                __sclose
 *fill*         0x10083486        0x2 
 .text.__swbuf_r
                0x10083488       0xa8 d:/cypress creator/psoc creator/4.2/psoc creator/import/gnu/arm/5.4.1/bin/../lib/gcc/arm-none-eabi/5.4.1/../../../../arm-none-eabi/lib/armv7e-m/softfp\libg_nano.a(lib_a-wbuf.o)
                0x10083488                __swbuf_r
 .text._write_r
                0x10083530       0x24 d:/cypress creator/psoc creator/4.2/psoc creator/import/gnu/arm/5.4.1/bin/../lib/gcc/arm-none-eabi/5.4.1/../../../../arm-none-eabi/lib/armv7e-m/softfp\libg_nano.a(lib_a-writer.o)
                0x10083530                _write_r
 .text.__swsetup_r
                0x10083554       0xdc d:/cypress creator/psoc creator/4.2/psoc creator/import/gnu/arm/5.4.1/bin/../lib/gcc/arm-none-eabi/5.4.1/../../../../arm-none-eabi/lib/armv7e-m/softfp\libg_nano.a(lib_a-wsetup.o)
                0x10083554                __swsetup_r
 .text._close_r
                0x10083630       0x20 d:/cypress creator/psoc creator/4.2/psoc creator/import/gnu/arm/5.4.1/bin/../lib/gcc/arm-none-eabi/5.4.1/../../../../arm-none-eabi/lib/armv7e-m/softfp\libg_nano.a(lib_a-closer.o)
                0x10083630                _close_r
 .text.__sflush_r
                0x10083650      0x110 d:/cypress creator/psoc creator/4.2/psoc creator/import/gnu/arm/5.4.1/bin/../lib/gcc/arm-none-eabi/5.4.1/../../../../arm-none-eabi/lib/armv7e-m/softfp\libg_nano.a(lib_a-fflush.o)
                0x10083650                __sflush_r
 .text._fflush_r
                0x10083760       0x54 d:/cypress creator/psoc creator/4.2/psoc creator/import/gnu/arm/5.4.1/bin/../lib/gcc/arm-none-eabi/5.4.1/../../../../arm-none-eabi/lib/armv7e-m/softfp\libg_nano.a(lib_a-fflush.o)
                0x10083760                _fflush_r
 .text._lseek_r
                0x100837b4       0x24 d:/cypress creator/psoc creator/4.2/psoc creator/import/gnu/arm/5.4.1/bin/../lib/gcc/arm-none-eabi/5.4.1/../../../../arm-none-eabi/lib/armv7e-m/softfp\libg_nano.a(lib_a-lseekr.o)
                0x100837b4                _lseek_r
 .text.__swhatbuf_r
                0x100837d8       0x46 d:/cypress creator/psoc creator/4.2/psoc creator/import/gnu/arm/5.4.1/bin/../lib/gcc/arm-none-eabi/5.4.1/../../../../arm-none-eabi/lib/armv7e-m/softfp\libg_nano.a(lib_a-makebuf.o)
                0x100837d8                __swhatbuf_r
 *fill*         0x1008381e        0x2 
 .text.__smakebuf_r
                0x10083820       0x78 d:/cypress creator/psoc creator/4.2/psoc creator/import/gnu/arm/5.4.1/bin/../lib/gcc/arm-none-eabi/5.4.1/../../../../arm-none-eabi/lib/armv7e-m/softfp\libg_nano.a(lib_a-makebuf.o)
                0x10083820                __smakebuf_r
 *fill*         0x10083898        0x8 
 .text          0x100838a0       0xa0 d:/cypress creator/psoc creator/4.2/psoc creator/import/gnu/arm/5.4.1/bin/../lib/gcc/arm-none-eabi/5.4.1/../../../../arm-none-eabi/lib/armv7e-m/softfp\libg_nano.a(lib_a-memchr.o)
                0x100838a0                memchr
 .text.__malloc_lock
                0x10083940        0x2 d:/cypress creator/psoc creator/4.2/psoc creator/import/gnu/arm/5.4.1/bin/../lib/gcc/arm-none-eabi/5.4.1/../../../../arm-none-eabi/lib/armv7e-m/softfp\libg_nano.a(lib_a-mlock.o)
                0x10083940                __malloc_lock
 .text.__malloc_unlock
                0x10083942        0x2 d:/cypress creator/psoc creator/4.2/psoc creator/import/gnu/arm/5.4.1/bin/../lib/gcc/arm-none-eabi/5.4.1/../../../../arm-none-eabi/lib/armv7e-m/softfp\libg_nano.a(lib_a-mlock.o)
                0x10083942                __malloc_unlock
 .text._free_r  0x10083944       0x9c d:/cypress creator/psoc creator/4.2/psoc creator/import/gnu/arm/5.4.1/bin/../lib/gcc/arm-none-eabi/5.4.1/../../../../arm-none-eabi/lib/armv7e-m/softfp\libg_nano.a(lib_a-nano-freer.o)
                0x10083944                _free_r
 .text._read_r  0x100839e0       0x24 d:/cypress creator/psoc creator/4.2/psoc creator/import/gnu/arm/5.4.1/bin/../lib/gcc/arm-none-eabi/5.4.1/../../../../arm-none-eabi/lib/armv7e-m/softfp\libg_nano.a(lib_a-readr.o)
                0x100839e0                _read_r
 .text._fstat_r
                0x10083a04       0x24 d:/cypress creator/psoc creator/4.2/psoc creator/import/gnu/arm/5.4.1/bin/../lib/gcc/arm-none-eabi/5.4.1/../../../../arm-none-eabi/lib/armv7e-m/softfp\libg_nano.a(lib_a-fstatr.o)
                0x10083a04                _fstat_r
 .text._isatty_r
                0x10083a28       0x20 d:/cypress creator/psoc creator/4.2/psoc creator/import/gnu/arm/5.4.1/bin/../lib/gcc/arm-none-eabi/5.4.1/../../../../arm-none-eabi/lib/armv7e-m/softfp\libg_nano.a(lib_a-isattyr.o)
                0x10083a28                _isatty_r
 .text._close   0x10083a48       0x10 d:/cypress creator/psoc creator/4.2/psoc creator/import/gnu/arm/5.4.1/bin/../lib/gcc/arm-none-eabi/5.4.1/../../../../arm-none-eabi/lib/armv7e-m/softfp\libnosys.a(close.o)
                0x10083a48                _close
 .text._fstat   0x10083a58       0x10 d:/cypress creator/psoc creator/4.2/psoc creator/import/gnu/arm/5.4.1/bin/../lib/gcc/arm-none-eabi/5.4.1/../../../../arm-none-eabi/lib/armv7e-m/softfp\libnosys.a(fstat.o)
                0x10083a58                _fstat
 .text._isatty  0x10083a68       0x10 d:/cypress creator/psoc creator/4.2/psoc creator/import/gnu/arm/5.4.1/bin/../lib/gcc/arm-none-eabi/5.4.1/../../../../arm-none-eabi/lib/armv7e-m/softfp\libnosys.a(isatty.o)
                0x10083a68                _isatty
 .text._lseek   0x10083a78       0x10 d:/cypress creator/psoc creator/4.2/psoc creator/import/gnu/arm/5.4.1/bin/../lib/gcc/arm-none-eabi/5.4.1/../../../../arm-none-eabi/lib/armv7e-m/softfp\libnosys.a(lseek.o)
                0x10083a78                _lseek
 .text._read    0x10083a88       0x10 d:/cypress creator/psoc creator/4.2/psoc creator/import/gnu/arm/5.4.1/bin/../lib/gcc/arm-none-eabi/5.4.1/../../../../arm-none-eabi/lib/armv7e-m/softfp\libnosys.a(read.o)
                0x10083a88                _read
 .text._sbrk    0x10083a98       0x1c d:/cypress creator/psoc creator/4.2/psoc creator/import/gnu/arm/5.4.1/bin/../lib/gcc/arm-none-eabi/5.4.1/../../../../arm-none-eabi/lib/armv7e-m/softfp\libnosys.a(sbrk.o)
                0x10083a98                _sbrk
 *(.init)
 .init          0x10083ab4        0x4 d:/cypress creator/psoc creator/4.2/psoc creator/import/gnu/arm/5.4.1/bin/../lib/gcc/arm-none-eabi/5.4.1/armv7e-m/softfp/crti.o
                0x10083ab4                _init
 .init          0x10083ab8        0x8 d:/cypress creator/psoc creator/4.2/psoc creator/import/gnu/arm/5.4.1/bin/../lib/gcc/arm-none-eabi/5.4.1/armv7e-m/softfp/crtn.o
 *(.fini)
 .fini          0x10083ac0        0x4 d:/cypress creator/psoc creator/4.2/psoc creator/import/gnu/arm/5.4.1/bin/../lib/gcc/arm-none-eabi/5.4.1/armv7e-m/softfp/crti.o
                0x10083ac0                _fini
 .fini          0x10083ac4        0x8 d:/cypress creator/psoc creator/4.2/psoc creator/import/gnu/arm/5.4.1/bin/../lib/gcc/arm-none-eabi/5.4.1/armv7e-m/softfp/crtn.o
 *fill*         0x10083acc        0x4 
 .fini.__stub   0x10083ad0       0x10 linker stubs
 *crtbegin.o(.ctors)
 *crtbegin?.o(.ctors)
 *(EXCLUDE_FILE(*crtend.o *crtend?.o) .ctors)
 *(SORT(.ctors.*))
 *(.ctors)
 *crtbegin.o(.dtors)
 *crtbegin?.o(.dtors)
 *(EXCLUDE_FILE(*crtend.o *crtend?.o) .dtors)
 *(SORT(.dtors.*))
 *(.dtors)
 *(.rodata .rodata.* .constdata .constdata.* .conststring .conststring.*)
 .rodata.str1.4
                0x10083ae0       0x50 .\CortexM4\ARM_GCC_541\Debug\main_cm4.o
 .rodata        0x10083b30       0x34 .\CortexM4\ARM_GCC_541\Debug\cy_ipc_config.o
 .rodata        0x10083b64       0x18 .\CortexM4\ARM_GCC_541\Debug\cyfitter_sysint_cfg.o
                0x10083b64                CapSense_ISR_cfg
                0x10083b6c                Uart_Printf_SCB_IRQ_cfg
                0x10083b74                I2C_SCB_IRQ_cfg
 .rodata.str1.4
                0x10083b7c       0x2d .\CortexM4\ARM_GCC_541\Debug\CapSense_Processing.o
 *fill*         0x10083ba9        0x3 
 .rodata        0x10083bac      0x1f4 .\CortexM4\ARM_GCC_541\Debug\CapSense_Structure.o
                0x10083bac                CapSense_ramWidgetInit
                0x10083c38                CapSense_dsFlash
                0x10083d50                CapSense_ioList
 .rodata        0x10083da0        0x1 .\CortexM4\ARM_GCC_541\Debug\CapSense_Sensing.o
                0x10083da0                CapSense_scanFreqIndex
 *fill*         0x10083da1        0x3 
 .rodata.str1.4
                0x10083da4       0x3d .\CortexM4\ARM_GCC_541\Debug\CapSense_SensingCSD_LL.o
 *fill*         0x10083de1        0x3 
 .rodata        0x10083de4        0x5 .\CortexM4\ARM_GCC_541\Debug\I2C.o
                0x10083de4                I2C_config
 *fill*         0x10083de9        0x3 
 .rodata.str1.4
                0x10083dec       0x41 .\CortexM4\ARM_GCC_541\Debug\cy_sysint.o
 *fill*         0x10083e2d        0x3 
 .rodata.str1.4
                0x10083e30       0x7f .\CortexM4\ARM_GCC_541\Debug\cy_ipc_drv.o
 *fill*         0x10083eaf        0x1 
 .rodata.str1.4
                0x10083eb0       0x3f .\CortexM4\ARM_GCC_541\Debug\cy_ipc_sema.o
 *fill*         0x10083eef        0x1 
 .rodata.str1.4
                0x10083ef0       0x40 .\CortexM4\ARM_GCC_541\Debug\cy_ipc_pipe.o
                                 0x7f (size before relaxing)
 .rodata.str1.4
                0x10083f30       0x85 .\CortexM4\ARM_GCC_541\Debug\cy_scb_ezi2c.o
 *fill*         0x10083fb5        0x3 
 .rodata.str1.4
                0x10083fb8       0x80 .\CortexM4\ARM_GCC_541\Debug\cy_scb_uart.o
                                 0xc4 (size before relaxing)
 .rodata.str1.4
                0x10084038       0x80 .\CortexM4\ARM_GCC_541\Debug\cy_gpio.o
                                 0x7d (size before relaxing)
 .rodata        0x100840b8       0x40 .\CortexM4\ARM_GCC_541\Debug\Uart_Printf.o
                0x100840b8                Uart_Printf_config
 .rodata.str1.1
                0x100840f8        0x2 d:/cypress creator/psoc creator/4.2/psoc creator/import/gnu/arm/5.4.1/bin/../lib/gcc/arm-none-eabi/5.4.1/../../../../arm-none-eabi/lib/armv7e-m/softfp\libg_nano.a(lib_a-impure.o)
 *fill*         0x100840fa        0x2 
 .rodata._global_impure_ptr
                0x100840fc        0x4 d:/cypress creator/psoc creator/4.2/psoc creator/import/gnu/arm/5.4.1/bin/../lib/gcc/arm-none-eabi/5.4.1/../../../../arm-none-eabi/lib/armv7e-m/softfp\libg_nano.a(lib_a-impure.o)
                0x100840fc                _global_impure_ptr
 .rodata.__sf_fake_stdin
                0x10084100       0x20 d:/cypress creator/psoc creator/4.2/psoc creator/import/gnu/arm/5.4.1/bin/../lib/gcc/arm-none-eabi/5.4.1/../../../../arm-none-eabi/lib/armv7e-m/softfp\libg_nano.a(lib_a-findfp.o)
                0x10084100                __sf_fake_stdin
 .rodata.__sf_fake_stdout
                0x10084120       0x20 d:/cypress creator/psoc creator/4.2/psoc creator/import/gnu/arm/5.4.1/bin/../lib/gcc/arm-none-eabi/5.4.1/../../../../arm-none-eabi/lib/armv7e-m/softfp\libg_nano.a(lib_a-findfp.o)
                0x10084120                __sf_fake_stdout
 .rodata.__sf_fake_stderr
                0x10084140       0x20 d:/cypress creator/psoc creator/4.2/psoc creator/import/gnu/arm/5.4.1/bin/../lib/gcc/arm-none-eabi/5.4.1/../../../../arm-none-eabi/lib/armv7e-m/softfp\libg_nano.a(lib_a-findfp.o)
                0x10084140                __sf_fake_stderr
 .rodata.str1.1
                0x10084160       0x11 d:/cypress creator/psoc creator/4.2/psoc creator/import/gnu/arm/5.4.1/bin/../lib/gcc/arm-none-eabi/5.4.1/../../../../arm-none-eabi/lib/armv7e-m/softfp\libg_nano.a(lib_a-nano-vfprintf.o)
 .rodata.str1.1
                0x10084171       0x22 d:/cypress creator/psoc creator/4.2/psoc creator/import/gnu/arm/5.4.1/bin/../lib/gcc/arm-none-eabi/5.4.1/../../../../arm-none-eabi/lib/armv7e-m/softfp\libg_nano.a(lib_a-nano-vfprintf_i.o)
 *(.eh_frame*)
 *fill*         0x10084193        0x1 
 .eh_frame      0x10084194        0x0 d:/cypress creator/psoc creator/4.2/psoc creator/import/gnu/arm/5.4.1/bin/../lib/gcc/arm-none-eabi/5.4.1/armv7e-m/softfp/crtbegin.o
 .eh_frame      0x10084194        0x4 d:/cypress creator/psoc creator/4.2/psoc creator/import/gnu/arm/5.4.1/bin/../lib/gcc/arm-none-eabi/5.4.1/armv7e-m/softfp/crtend.o

.glue_7         0x10084198        0x0
 .glue_7        0x10084198        0x0 linker stubs

.glue_7t        0x10084198        0x0
 .glue_7t       0x10084198        0x0 linker stubs

.vfp11_veneer   0x10084198        0x0
 .vfp11_veneer  0x10084198        0x0 linker stubs

.v4_bx          0x10084198        0x0
 .v4_bx         0x10084198        0x0 linker stubs

.iplt           0x10084198        0x0
 .iplt          0x10084198        0x0 d:/cypress creator/psoc creator/4.2/psoc creator/import/gnu/arm/5.4.1/bin/../lib/gcc/arm-none-eabi/5.4.1/armv7e-m/softfp/crtbegin.o

.ARM.extab
 *(.ARM.extab* .gnu.linkonce.armextab.*)
                0x10084198                __exidx_start = .

.ARM.exidx
 *(.ARM.exidx* .gnu.linkonce.armexidx.*)
                0x10084198                __exidx_end = .

.copy.table     0x10084198       0x18
                0x10084198                . = ALIGN (0x4)
                0x10084198                __copy_table_start__ = .
                0x10084198        0x4 LONG 0x10080000 __Vectors
                0x1008419c        0x4 LONG 0x8024000 __ram_vectors_start__
                0x100841a0        0x4 LONG 0x28c (__Vectors_End - __Vectors)
                0x100841a4        0x4 LONG 0x100841b8 __etext
                0x100841a8        0x4 LONG 0x802428c __data_start__
                0x100841ac        0x4 LONG 0x53c (__data_end__ - __data_start__)
                0x100841b0                __copy_table_end__ = .

.zero.table     0x100841b0        0x8
                0x100841b0                . = ALIGN (0x4)
                0x100841b0                __zero_table_start__ = .
                0x100841b0        0x4 LONG 0x802485c __bss_start__
                0x100841b4        0x4 LONG 0x3cc (__bss_end__ - __bss_start__)
                0x100841b8                __zero_table_end__ = .
                0x100841b8                __etext = .

.ramVectors     0x08024000      0x28c
                0x08024000                __ram_vectors_start__ = .
 *(.ram_vectors)
 .ram_vectors   0x08024000      0x28c .\CortexM4\ARM_GCC_541\Debug\startup_psoc63_cm4.o
                0x08024000                __ramVectors
                0x0802428c                __ram_vectors_end__ = .

.data           0x0802428c      0x53c load address 0x100841b8
                0x0802428c                __data_start__ = .
 *(vtable)
 *(.data*)
 .data          0x0802428c        0x4 .\CortexM4\ARM_GCC_541\Debug\main_cm4.o
                0x0802428c                flashData
 .data          0x08024290       0x20 .\CortexM4\ARM_GCC_541\Debug\system_psoc63_cm4.o
                0x08024290                cy_BleEcoClockFreqHz
                0x08024294                cy_Hfclk0FreqHz
                0x08024298                cy_PeriClkFreqHz
                0x0802429c                SystemCoreClock
                0x080242a0                cy_delayFreqHz
                0x080242a4                cy_delayFreqMhz
                0x080242a8                cy_delayFreqKhz
                0x080242ac                cy_delay32kMs
 .data          0x080242b0        0x4 .\CortexM4\ARM_GCC_541\Debug\CapSense_SensingCSD_LL.o
                0x080242b0                CapSense_configCsd
 .data          0x080242b4        0x4 .\CortexM4\ARM_GCC_541\Debug\cy_flash.o
 .data.impure_data
                0x080242b8       0x60 d:/cypress creator/psoc creator/4.2/psoc creator/import/gnu/arm/5.4.1/bin/../lib/gcc/arm-none-eabi/5.4.1/../../../../arm-none-eabi/lib/armv7e-m/softfp\libg_nano.a(lib_a-impure.o)
 .data._impure_ptr
                0x08024318        0x4 d:/cypress creator/psoc creator/4.2/psoc creator/import/gnu/arm/5.4.1/bin/../lib/gcc/arm-none-eabi/5.4.1/../../../../arm-none-eabi/lib/armv7e-m/softfp\libg_nano.a(lib_a-impure.o)
                0x08024318                _impure_ptr
                0x0802431c                . = ALIGN (0x4)
                0x0802431c                PROVIDE (__preinit_array_start, .)
 *(.preinit_array)
                0x0802431c                PROVIDE (__preinit_array_end, .)
                0x0802431c                . = ALIGN (0x4)
                0x0802431c                PROVIDE (__init_array_start, .)
 *(SORT(.init_array.*))
 *(.init_array)
 .init_array    0x0802431c        0x4 d:/cypress creator/psoc creator/4.2/psoc creator/import/gnu/arm/5.4.1/bin/../lib/gcc/arm-none-eabi/5.4.1/armv7e-m/softfp/crtbegin.o
                0x08024320                PROVIDE (__init_array_end, .)
                0x08024320                . = ALIGN (0x4)
                [!provide]                PROVIDE (__fini_array_start, .)
 *(SORT(.fini_array.*))
 *(.fini_array)
 .fini_array    0x08024320        0x4 d:/cypress creator/psoc creator/4.2/psoc creator/import/gnu/arm/5.4.1/bin/../lib/gcc/arm-none-eabi/5.4.1/armv7e-m/softfp/crtbegin.o
                [!provide]                PROVIDE (__fini_array_end, .)
 *(.jcr*)
 .jcr           0x08024324        0x0 d:/cypress creator/psoc creator/4.2/psoc creator/import/gnu/arm/5.4.1/bin/../lib/gcc/arm-none-eabi/5.4.1/armv7e-m/softfp/crtbegin.o
 .jcr           0x08024324        0x4 d:/cypress creator/psoc creator/4.2/psoc creator/import/gnu/arm/5.4.1/bin/../lib/gcc/arm-none-eabi/5.4.1/armv7e-m/softfp/crtend.o
                0x08024328                . = ALIGN (0x4)
 *(.cy_ramfunc*)
 .cy_ramfunc    0x08024328      0x29c .\CortexM4\ARM_GCC_541\Debug\cy_flash.o
 .cy_ramfunc    0x080245c4      0x190 .\CortexM4\ARM_GCC_541\Debug\cy_syspm.o
 *fill*         0x08024754        0x4 
 .cy_ramfunc.__stub
                0x08024758       0x70 linker stubs
                0x080247c8                . = ALIGN (0x4)
                0x080247c8                __data_end__ = .

.igot.plt       0x080247c8        0x0 load address 0x100846f4
 .igot.plt      0x080247c8        0x0 d:/cypress creator/psoc creator/4.2/psoc creator/import/gnu/arm/5.4.1/bin/../lib/gcc/arm-none-eabi/5.4.1/armv7e-m/softfp/crtbegin.o

.noinit         0x080247c8       0x94 load address 0x100846f8
 *(.noinit)
 .noinit        0x080247c8       0x94 .\CortexM4\ARM_GCC_541\Debug\cy_syslib.o
                0x080247c8                cy_assertFileName
                0x080247e0                cy_assertLine
                0x080247e4                cy_faultFrame

.bss            0x0802485c      0x3cc load address 0x1008478c
                0x0802485c                . = ALIGN (0x4)
                0x0802485c                __bss_start__ = .
 *(.bss*)
 .bss           0x0802485c       0x1c d:/cypress creator/psoc creator/4.2/psoc creator/import/gnu/arm/5.4.1/bin/../lib/gcc/arm-none-eabi/5.4.1/armv7e-m/softfp/crtbegin.o
 .bss           0x08024878      0x180 .\CortexM4\ARM_GCC_541\Debug\cy_ipc_config.o
 .bss           0x080249f8        0x1 .\CortexM4\ARM_GCC_541\Debug\CapSense_Control.o
 *fill*         0x080249f9        0x3 
 .bss           0x080249fc       0x25 .\CortexM4\ARM_GCC_541\Debug\CapSense_Structure.o
 *fill*         0x08024a21        0x3 
 .bss           0x08024a24        0x4 .\CortexM4\ARM_GCC_541\Debug\CapSense_Tuner.o
 .bss           0x08024a28        0x3 .\CortexM4\ARM_GCC_541\Debug\CapSense_Sensing.o
                0x08024a28                CapSense_requestScanAllWidget
                0x08024a29                CapSense_widgetIndex
                0x08024a2a                CapSense_sensorIndex
 .bss           0x08024a2b        0x1 .\CortexM4\ARM_GCC_541\Debug\CapSense_SensingCSD_LL.o
 .bss           0x08024a2c        0x1 .\CortexM4\ARM_GCC_541\Debug\I2C.o
                0x08024a2c                I2C_initVar
 *fill*         0x08024a2d        0x3 
 .bss           0x08024a30        0xc .\CortexM4\ARM_GCC_541\Debug\cy_ipc_sema.o
 .bss           0x08024a3c        0x4 .\CortexM4\ARM_GCC_541\Debug\cy_ipc_pipe.o
 .bss           0x08024a40       0x10 .\CortexM4\ARM_GCC_541\Debug\cy_flash.o
 .bss           0x08024a50       0x30 .\CortexM4\ARM_GCC_541\Debug\cy_syspm.o
 .bss.__malloc_sbrk_start
                0x08024a80        0x4 d:/cypress creator/psoc creator/4.2/psoc creator/import/gnu/arm/5.4.1/bin/../lib/gcc/arm-none-eabi/5.4.1/../../../../arm-none-eabi/lib/armv7e-m/softfp\libg_nano.a(lib_a-nano-mallocr.o)
                0x08024a80                __malloc_sbrk_start
 .bss.__malloc_free_list
                0x08024a84        0x4 d:/cypress creator/psoc creator/4.2/psoc creator/import/gnu/arm/5.4.1/bin/../lib/gcc/arm-none-eabi/5.4.1/../../../../arm-none-eabi/lib/armv7e-m/softfp\libg_nano.a(lib_a-nano-mallocr.o)
                0x08024a84                __malloc_free_list
 .bss.heap_end.4169
                0x08024a88        0x4 d:/cypress creator/psoc creator/4.2/psoc creator/import/gnu/arm/5.4.1/bin/../lib/gcc/arm-none-eabi/5.4.1/../../../../arm-none-eabi/lib/armv7e-m/softfp\libnosys.a(sbrk.o)
 *(COMMON)
 COMMON         0x08024a8c      0x11c .\CortexM4\ARM_GCC_541\Debug\CapSense_Structure.o
                0x08024a8c                CapSense_dsRam
 COMMON         0x08024ba8        0x8 .\CortexM4\ARM_GCC_541\Debug\CapSense_Sensing.o
                0x08024ba8                CapSense_curRamSnsPtr
                0x08024bac                CapSense_curSnsIOPtr
 COMMON         0x08024bb0       0x3c .\CortexM4\ARM_GCC_541\Debug\I2C.o
                0x08024bb0                I2C_context
 COMMON         0x08024bec       0x38 .\CortexM4\ARM_GCC_541\Debug\Uart_Printf.o
                0x08024bec                Uart_Printf_context
 COMMON         0x08024c24        0x4 d:/cypress creator/psoc creator/4.2/psoc creator/import/gnu/arm/5.4.1/bin/../lib/gcc/arm-none-eabi/5.4.1/../../../../arm-none-eabi/lib/armv7e-m/softfp\libg_nano.a(lib_a-reent.o)
                0x08024c24                errno
                0x08024c28                . = ALIGN (0x4)
                0x08024c28                __bss_end__ = .

.heap           0x08024c28      0x400
                0x08024c28                __HeapBase = .
                0x08024c28                __end__ = .
                0x08024c28                end = __end__
 *(.heap*)
 .heap          0x08024c28      0x400 .\CortexM4\ARM_GCC_541\Debug\startup_psoc63_cm4.o
                0x08025028                __HeapLimit = .

.stack_dummy    0x08024c28     0x1000
 *(.stack*)
 .stack         0x08024c28     0x1000 .\CortexM4\ARM_GCC_541\Debug\startup_psoc63_cm4.o
                0x08047800                __StackTop = (ORIGIN (ram) + LENGTH (ram))
                0x08046800                __StackLimit = (__StackTop - SIZEOF (.stack_dummy))
                0x08047800                PROVIDE (__stack, __StackTop)
                0x00000001                ASSERT ((__StackLimit >= __HeapLimit), region RAM overflowed with stack)

.cy_app_signature
 *(.cy_app_signature)

.cy_em_eeprom
 *(.cy_em_eeprom)

.cy_sflash_user_data
 *(.cy_sflash_user_data)

.cy_sflash_nar
 *(.cy_sflash_nar)

.cy_sflash_public_key
 *(.cy_sflash_public_key)

.cy_toc_part2
 *(.cy_toc_part2)

.cy_rtoc_part2
 *(.cy_rtoc_part2)

.cy_xip
 *(.cy_xip)

.cy_efuse
 *(.cy_efuse)

.cymeta         0x90500000        0xc
 *(.cymeta)
 .cymeta        0x90500000        0xc .\CortexM4\ARM_GCC_541\Debug\cymetadata.o
                0x90500000                cy_metadata
                0x10000000                __cy_memory_0_start = 0x10000000
                0x00100000                __cy_memory_0_length = 0x100000
                0x00000200                __cy_memory_0_row_size = 0x200
                0x14000000                __cy_memory_1_start = 0x14000000
                0x00008000                __cy_memory_1_length = 0x8000
                0x00000200                __cy_memory_1_row_size = 0x200
                0x16000000                __cy_memory_2_start = 0x16000000
                0x00008000                __cy_memory_2_length = 0x8000
                0x00000200                __cy_memory_2_row_size = 0x200
                0x18000000                __cy_memory_3_start = 0x18000000
                0x08000000                __cy_memory_3_length = 0x8000000
                0x00000200                __cy_memory_3_row_size = 0x200
                0x90700000                __cy_memory_4_start = 0x90700000
                0x00100000                __cy_memory_4_length = 0x100000
                0x00000001                __cy_memory_4_row_size = 0x1
OUTPUT(C:\Users\User\Desktop\SmartBottle_v0p1\SmartBottle_v0p1_Calibration.cydsn\CortexM4\ARM_GCC_541\Debug\SmartBottle_v0p1_Calibration_link.elf elf32-littlearm)

.rel.dyn        0x08024c28        0x0 load address 0x9855ff3c
 .rel.iplt      0x08024c28        0x0 d:/cypress creator/psoc creator/4.2/psoc creator/import/gnu/arm/5.4.1/bin/../lib/gcc/arm-none-eabi/5.4.1/armv7e-m/softfp/crtbegin.o

.ARM.attributes
                0x00000000       0x2e
 .ARM.attributes
                0x00000000       0x22 d:/cypress creator/psoc creator/4.2/psoc creator/import/gnu/arm/5.4.1/bin/../lib/gcc/arm-none-eabi/5.4.1/armv7e-m/softfp/crti.o
 .ARM.attributes
                0x00000022       0x32 d:/cypress creator/psoc creator/4.2/psoc creator/import/gnu/arm/5.4.1/bin/../lib/gcc/arm-none-eabi/5.4.1/armv7e-m/softfp/crtbegin.o
 .ARM.attributes
                0x00000054       0x1f .\CortexM4\ARM_GCC_541\Debug\startup_psoc63_cm4.o
 .ARM.attributes
                0x00000073       0x37 .\CortexM4\ARM_GCC_541\Debug\main_cm4.o
 .ARM.attributes
                0x000000aa       0x37 .\CortexM4\ARM_GCC_541\Debug\system_psoc63_cm4.o
 .ARM.attributes
                0x000000e1       0x37 .\CortexM4\ARM_GCC_541\Debug\cy_ipc_config.o
 .ARM.attributes
                0x00000118       0x37 .\CortexM4\ARM_GCC_541\Debug\cyfitter_sysint_cfg.o
 .ARM.attributes
                0x0000014f       0x37 .\CortexM4\ARM_GCC_541\Debug\cymetadata.o
 .ARM.attributes
                0x00000186       0x37 .\CortexM4\ARM_GCC_541\Debug\CapSense_Control.o
 .ARM.attributes
                0x000001bd       0x37 .\CortexM4\ARM_GCC_541\Debug\CapSense_Processing.o
 .ARM.attributes
                0x000001f4       0x37 .\CortexM4\ARM_GCC_541\Debug\CapSense_Structure.o
 .ARM.attributes
                0x0000022b       0x37 .\CortexM4\ARM_GCC_541\Debug\CapSense_Tuner.o
 .ARM.attributes
                0x00000262       0x37 .\CortexM4\ARM_GCC_541\Debug\CapSense_Filter.o
 .ARM.attributes
                0x00000299       0x37 .\CortexM4\ARM_GCC_541\Debug\CapSense_Sensing.o
 .ARM.attributes
                0x000002d0       0x37 .\CortexM4\ARM_GCC_541\Debug\CapSense_INT.o
 .ARM.attributes
                0x00000307       0x37 .\CortexM4\ARM_GCC_541\Debug\CapSense_SensingCSD_LL.o
 .ARM.attributes
                0x0000033e       0x37 .\CortexM4\ARM_GCC_541\Debug\I2C.o
 .ARM.attributes
                0x00000375       0x37 .\CortexM4\ARM_GCC_541\Debug\cy_sysint.o
 .ARM.attributes
                0x000003ac       0x37 .\CortexM4\ARM_GCC_541\Debug\cy_ipc_drv.o
 .ARM.attributes
                0x000003e3       0x37 .\CortexM4\ARM_GCC_541\Debug\cy_ipc_sema.o
 .ARM.attributes
                0x0000041a       0x37 .\CortexM4\ARM_GCC_541\Debug\cy_ipc_pipe.o
 .ARM.attributes
                0x00000451       0x37 .\CortexM4\ARM_GCC_541\Debug\cy_scb_common.o
 .ARM.attributes
                0x00000488       0x37 .\CortexM4\ARM_GCC_541\Debug\cy_scb_ezi2c.o
 .ARM.attributes
                0x000004bf       0x37 .\CortexM4\ARM_GCC_541\Debug\cy_scb_uart.o
 .ARM.attributes
                0x000004f6       0x37 .\CortexM4\ARM_GCC_541\Debug\cy_flash.o
 .ARM.attributes
                0x0000052d       0x37 .\CortexM4\ARM_GCC_541\Debug\cy_gpio.o
 .ARM.attributes
                0x00000564       0x37 .\CortexM4\ARM_GCC_541\Debug\cy_syspm.o
 .ARM.attributes
                0x0000059b       0x37 .\CortexM4\ARM_GCC_541\Debug\cy_syslib.o
 .ARM.attributes
                0x000005d2       0x25 .\CortexM4\ARM_GCC_541\Debug\cy_syslib_gcc.o
 .ARM.attributes
                0x000005f7       0x37 .\CortexM4\ARM_GCC_541\Debug\Uart_Printf.o
 .ARM.attributes
                0x0000062e       0x32 d:/cypress creator/psoc creator/4.2/psoc creator/import/gnu/arm/5.4.1/bin/../lib/gcc/arm-none-eabi/5.4.1/../../../../arm-none-eabi/lib/armv7e-m/softfp\libg_nano.a(lib_a-impure.o)
 .ARM.attributes
                0x00000660       0x32 d:/cypress creator/psoc creator/4.2/psoc creator/import/gnu/arm/5.4.1/bin/../lib/gcc/arm-none-eabi/5.4.1/../../../../arm-none-eabi/lib/armv7e-m/softfp\libg_nano.a(lib_a-memcpy-stub.o)
 .ARM.attributes
                0x00000692       0x32 d:/cypress creator/psoc creator/4.2/psoc creator/import/gnu/arm/5.4.1/bin/../lib/gcc/arm-none-eabi/5.4.1/../../../../arm-none-eabi/lib/armv7e-m/softfp\libg_nano.a(lib_a-memset.o)
 .ARM.attributes
                0x000006c4       0x32 d:/cypress creator/psoc creator/4.2/psoc creator/import/gnu/arm/5.4.1/bin/../lib/gcc/arm-none-eabi/5.4.1/../../../../arm-none-eabi/lib/armv7e-m/softfp\libg_nano.a(lib_a-printf.o)
 .ARM.attributes
                0x000006f6       0x32 d:/cypress creator/psoc creator/4.2/psoc creator/import/gnu/arm/5.4.1/bin/../lib/gcc/arm-none-eabi/5.4.1/../../../../arm-none-eabi/lib/armv7e-m/softfp\libg_nano.a(lib_a-putchar.o)
 .ARM.attributes
                0x00000728       0x32 d:/cypress creator/psoc creator/4.2/psoc creator/import/gnu/arm/5.4.1/bin/../lib/gcc/arm-none-eabi/5.4.1/../../../../arm-none-eabi/lib/armv7e-m/softfp\libg_nano.a(lib_a-strncpy.o)
 .ARM.attributes
                0x0000075a       0x32 d:/cypress creator/psoc creator/4.2/psoc creator/import/gnu/arm/5.4.1/bin/../lib/gcc/arm-none-eabi/5.4.1/../../../../arm-none-eabi/lib/armv7e-m/softfp\libg_nano.a(lib_a-findfp.o)
 .ARM.attributes
                0x0000078c       0x32 d:/cypress creator/psoc creator/4.2/psoc creator/import/gnu/arm/5.4.1/bin/../lib/gcc/arm-none-eabi/5.4.1/../../../../arm-none-eabi/lib/armv7e-m/softfp\libg_nano.a(lib_a-fwalk.o)
 .ARM.attributes
                0x000007be       0x32 d:/cypress creator/psoc creator/4.2/psoc creator/import/gnu/arm/5.4.1/bin/../lib/gcc/arm-none-eabi/5.4.1/../../../../arm-none-eabi/lib/armv7e-m/softfp\libg_nano.a(lib_a-nano-mallocr.o)
 .ARM.attributes
                0x000007f0       0x32 d:/cypress creator/psoc creator/4.2/psoc creator/import/gnu/arm/5.4.1/bin/../lib/gcc/arm-none-eabi/5.4.1/../../../../arm-none-eabi/lib/armv7e-m/softfp\libg_nano.a(lib_a-nano-vfprintf.o)
 .ARM.attributes
                0x00000822       0x32 d:/cypress creator/psoc creator/4.2/psoc creator/import/gnu/arm/5.4.1/bin/../lib/gcc/arm-none-eabi/5.4.1/../../../../arm-none-eabi/lib/armv7e-m/softfp\libg_nano.a(lib_a-nano-vfprintf_i.o)
 .ARM.attributes
                0x00000854       0x32 d:/cypress creator/psoc creator/4.2/psoc creator/import/gnu/arm/5.4.1/bin/../lib/gcc/arm-none-eabi/5.4.1/../../../../arm-none-eabi/lib/armv7e-m/softfp\libg_nano.a(lib_a-putc.o)
 .ARM.attributes
                0x00000886       0x32 d:/cypress creator/psoc creator/4.2/psoc creator/import/gnu/arm/5.4.1/bin/../lib/gcc/arm-none-eabi/5.4.1/../../../../arm-none-eabi/lib/armv7e-m/softfp\libg_nano.a(lib_a-sbrkr.o)
 .ARM.attributes
                0x000008b8       0x32 d:/cypress creator/psoc creator/4.2/psoc creator/import/gnu/arm/5.4.1/bin/../lib/gcc/arm-none-eabi/5.4.1/../../../../arm-none-eabi/lib/armv7e-m/softfp\libg_nano.a(lib_a-stdio.o)
 .ARM.attributes
                0x000008ea       0x32 d:/cypress creator/psoc creator/4.2/psoc creator/import/gnu/arm/5.4.1/bin/../lib/gcc/arm-none-eabi/5.4.1/../../../../arm-none-eabi/lib/armv7e-m/softfp\libg_nano.a(lib_a-wbuf.o)
 .ARM.attributes
                0x0000091c       0x32 d:/cypress creator/psoc creator/4.2/psoc creator/import/gnu/arm/5.4.1/bin/../lib/gcc/arm-none-eabi/5.4.1/../../../../arm-none-eabi/lib/armv7e-m/softfp\libg_nano.a(lib_a-writer.o)
 .ARM.attributes
                0x0000094e       0x32 d:/cypress creator/psoc creator/4.2/psoc creator/import/gnu/arm/5.4.1/bin/../lib/gcc/arm-none-eabi/5.4.1/../../../../arm-none-eabi/lib/armv7e-m/softfp\libg_nano.a(lib_a-wsetup.o)
 .ARM.attributes
                0x00000980       0x32 d:/cypress creator/psoc creator/4.2/psoc creator/import/gnu/arm/5.4.1/bin/../lib/gcc/arm-none-eabi/5.4.1/../../../../arm-none-eabi/lib/armv7e-m/softfp\libg_nano.a(lib_a-closer.o)
 .ARM.attributes
                0x000009b2       0x32 d:/cypress creator/psoc creator/4.2/psoc creator/import/gnu/arm/5.4.1/bin/../lib/gcc/arm-none-eabi/5.4.1/../../../../arm-none-eabi/lib/armv7e-m/softfp\libg_nano.a(lib_a-fflush.o)
 .ARM.attributes
                0x000009e4       0x32 d:/cypress creator/psoc creator/4.2/psoc creator/import/gnu/arm/5.4.1/bin/../lib/gcc/arm-none-eabi/5.4.1/../../../../arm-none-eabi/lib/armv7e-m/softfp\libg_nano.a(lib_a-lseekr.o)
 .ARM.attributes
                0x00000a16       0x32 d:/cypress creator/psoc creator/4.2/psoc creator/import/gnu/arm/5.4.1/bin/../lib/gcc/arm-none-eabi/5.4.1/../../../../arm-none-eabi/lib/armv7e-m/softfp\libg_nano.a(lib_a-makebuf.o)
 .ARM.attributes
                0x00000a48       0x20 d:/cypress creator/psoc creator/4.2/psoc creator/import/gnu/arm/5.4.1/bin/../lib/gcc/arm-none-eabi/5.4.1/../../../../arm-none-eabi/lib/armv7e-m/softfp\libg_nano.a(lib_a-memchr.o)
 .ARM.attributes
                0x00000a68       0x32 d:/cypress creator/psoc creator/4.2/psoc creator/import/gnu/arm/5.4.1/bin/../lib/gcc/arm-none-eabi/5.4.1/../../../../arm-none-eabi/lib/armv7e-m/softfp\libg_nano.a(lib_a-mlock.o)
 .ARM.attributes
                0x00000a9a       0x32 d:/cypress creator/psoc creator/4.2/psoc creator/import/gnu/arm/5.4.1/bin/../lib/gcc/arm-none-eabi/5.4.1/../../../../arm-none-eabi/lib/armv7e-m/softfp\libg_nano.a(lib_a-nano-freer.o)
 .ARM.attributes
                0x00000acc       0x32 d:/cypress creator/psoc creator/4.2/psoc creator/import/gnu/arm/5.4.1/bin/../lib/gcc/arm-none-eabi/5.4.1/../../../../arm-none-eabi/lib/armv7e-m/softfp\libg_nano.a(lib_a-readr.o)
 .ARM.attributes
                0x00000afe       0x32 d:/cypress creator/psoc creator/4.2/psoc creator/import/gnu/arm/5.4.1/bin/../lib/gcc/arm-none-eabi/5.4.1/../../../../arm-none-eabi/lib/armv7e-m/softfp\libg_nano.a(lib_a-reent.o)
 .ARM.attributes
                0x00000b30       0x32 d:/cypress creator/psoc creator/4.2/psoc creator/import/gnu/arm/5.4.1/bin/../lib/gcc/arm-none-eabi/5.4.1/../../../../arm-none-eabi/lib/armv7e-m/softfp\libg_nano.a(lib_a-fstatr.o)
 .ARM.attributes
                0x00000b62       0x32 d:/cypress creator/psoc creator/4.2/psoc creator/import/gnu/arm/5.4.1/bin/../lib/gcc/arm-none-eabi/5.4.1/../../../../arm-none-eabi/lib/armv7e-m/softfp\libg_nano.a(lib_a-isattyr.o)
 .ARM.attributes
                0x00000b94       0x32 d:/cypress creator/psoc creator/4.2/psoc creator/import/gnu/arm/5.4.1/bin/../lib/gcc/arm-none-eabi/5.4.1/armv7e-m/softfp/crtend.o
 .ARM.attributes
                0x00000bc6       0x22 d:/cypress creator/psoc creator/4.2/psoc creator/import/gnu/arm/5.4.1/bin/../lib/gcc/arm-none-eabi/5.4.1/armv7e-m/softfp/crtn.o
 .ARM.attributes
                0x00000be8       0x32 d:/cypress creator/psoc creator/4.2/psoc creator/import/gnu/arm/5.4.1/bin/../lib/gcc/arm-none-eabi/5.4.1/../../../../arm-none-eabi/lib/armv7e-m/softfp\libnosys.a(close.o)
 .ARM.attributes
                0x00000c1a       0x32 d:/cypress creator/psoc creator/4.2/psoc creator/import/gnu/arm/5.4.1/bin/../lib/gcc/arm-none-eabi/5.4.1/../../../../arm-none-eabi/lib/armv7e-m/softfp\libnosys.a(fstat.o)
 .ARM.attributes
                0x00000c4c       0x32 d:/cypress creator/psoc creator/4.2/psoc creator/import/gnu/arm/5.4.1/bin/../lib/gcc/arm-none-eabi/5.4.1/../../../../arm-none-eabi/lib/armv7e-m/softfp\libnosys.a(isatty.o)
 .ARM.attributes
                0x00000c7e       0x32 d:/cypress creator/psoc creator/4.2/psoc creator/import/gnu/arm/5.4.1/bin/../lib/gcc/arm-none-eabi/5.4.1/../../../../arm-none-eabi/lib/armv7e-m/softfp\libnosys.a(lseek.o)
 .ARM.attributes
                0x00000cb0       0x32 d:/cypress creator/psoc creator/4.2/psoc creator/import/gnu/arm/5.4.1/bin/../lib/gcc/arm-none-eabi/5.4.1/../../../../arm-none-eabi/lib/armv7e-m/softfp\libnosys.a(read.o)
 .ARM.attributes
                0x00000ce2       0x32 d:/cypress creator/psoc creator/4.2/psoc creator/import/gnu/arm/5.4.1/bin/../lib/gcc/arm-none-eabi/5.4.1/../../../../arm-none-eabi/lib/armv7e-m/softfp\libnosys.a(sbrk.o)

.comment        0x00000000       0x6e
 .comment       0x00000000       0x6e .\CortexM4\ARM_GCC_541\Debug\main_cm4.o
                                 0x6f (size before relaxing)
 .comment       0x0000006e       0x6f .\CortexM4\ARM_GCC_541\Debug\system_psoc63_cm4.o
 .comment       0x0000006e       0x6f .\CortexM4\ARM_GCC_541\Debug\cy_ipc_config.o
 .comment       0x0000006e       0x6f .\CortexM4\ARM_GCC_541\Debug\cyfitter_sysint_cfg.o
 .comment       0x0000006e       0x6f .\CortexM4\ARM_GCC_541\Debug\cymetadata.o
 .comment       0x0000006e       0x6f .\CortexM4\ARM_GCC_541\Debug\CapSense_Control.o
 .comment       0x0000006e       0x6f .\CortexM4\ARM_GCC_541\Debug\CapSense_Processing.o
 .comment       0x0000006e       0x6f .\CortexM4\ARM_GCC_541\Debug\CapSense_Structure.o
 .comment       0x0000006e       0x6f .\CortexM4\ARM_GCC_541\Debug\CapSense_Tuner.o
 .comment       0x0000006e       0x6f .\CortexM4\ARM_GCC_541\Debug\CapSense_Filter.o
 .comment       0x0000006e       0x6f .\CortexM4\ARM_GCC_541\Debug\CapSense_Sensing.o
 .comment       0x0000006e       0x6f .\CortexM4\ARM_GCC_541\Debug\CapSense_INT.o
 .comment       0x0000006e       0x6f .\CortexM4\ARM_GCC_541\Debug\CapSense_SensingCSD_LL.o
 .comment       0x0000006e       0x6f .\CortexM4\ARM_GCC_541\Debug\I2C.o
 .comment       0x0000006e       0x6f .\CortexM4\ARM_GCC_541\Debug\cy_sysint.o
 .comment       0x0000006e       0x6f .\CortexM4\ARM_GCC_541\Debug\cy_ipc_drv.o
 .comment       0x0000006e       0x6f .\CortexM4\ARM_GCC_541\Debug\cy_ipc_sema.o
 .comment       0x0000006e       0x6f .\CortexM4\ARM_GCC_541\Debug\cy_ipc_pipe.o
 .comment       0x0000006e       0x6f .\CortexM4\ARM_GCC_541\Debug\cy_scb_common.o
 .comment       0x0000006e       0x6f .\CortexM4\ARM_GCC_541\Debug\cy_scb_ezi2c.o
 .comment       0x0000006e       0x6f .\CortexM4\ARM_GCC_541\Debug\cy_scb_uart.o
 .comment       0x0000006e       0x6f .\CortexM4\ARM_GCC_541\Debug\cy_flash.o
 .comment       0x0000006e       0x6f .\CortexM4\ARM_GCC_541\Debug\cy_gpio.o
 .comment       0x0000006e       0x6f .\CortexM4\ARM_GCC_541\Debug\cy_syspm.o
 .comment       0x0000006e       0x6f .\CortexM4\ARM_GCC_541\Debug\cy_syslib.o
 .comment       0x0000006e       0x6f .\CortexM4\ARM_GCC_541\Debug\Uart_Printf.o

.debug_line     0x00000000     0x6e8d
 .debug_line    0x00000000       0xa0 .\CortexM4\ARM_GCC_541\Debug\startup_psoc63_cm4.o
 .debug_line    0x000000a0      0x411 .\CortexM4\ARM_GCC_541\Debug\main_cm4.o
 .debug_line    0x000004b1      0x2e2 .\CortexM4\ARM_GCC_541\Debug\system_psoc63_cm4.o
 .debug_line    0x00000793      0x2a4 .\CortexM4\ARM_GCC_541\Debug\cy_ipc_config.o
 .debug_line    0x00000a37      0x1fc .\CortexM4\ARM_GCC_541\Debug\cyfitter_sysint_cfg.o
 .debug_line    0x00000c33      0x129 .\CortexM4\ARM_GCC_541\Debug\cymetadata.o
 .debug_line    0x00000d5c      0x3fc .\CortexM4\ARM_GCC_541\Debug\CapSense_Control.o
 .debug_line    0x00001158      0x407 .\CortexM4\ARM_GCC_541\Debug\CapSense_Processing.o
 .debug_line    0x0000155f      0x318 .\CortexM4\ARM_GCC_541\Debug\CapSense_Structure.o
 .debug_line    0x00001877      0x262 .\CortexM4\ARM_GCC_541\Debug\CapSense_Tuner.o
 .debug_line    0x00001ad9      0x304 .\CortexM4\ARM_GCC_541\Debug\CapSense_Filter.o
 .debug_line    0x00001ddd      0x67a .\CortexM4\ARM_GCC_541\Debug\CapSense_Sensing.o
 .debug_line    0x00002457      0x2c7 .\CortexM4\ARM_GCC_541\Debug\CapSense_INT.o
 .debug_line    0x0000271e      0x681 .\CortexM4\ARM_GCC_541\Debug\CapSense_SensingCSD_LL.o
 .debug_line    0x00002d9f      0x2c1 .\CortexM4\ARM_GCC_541\Debug\I2C.o
 .debug_line    0x00003060      0x290 .\CortexM4\ARM_GCC_541\Debug\cy_sysint.o
 .debug_line    0x000032f0      0x294 .\CortexM4\ARM_GCC_541\Debug\cy_ipc_drv.o
 .debug_line    0x00003584      0x347 .\CortexM4\ARM_GCC_541\Debug\cy_ipc_sema.o
 .debug_line    0x000038cb      0x55a .\CortexM4\ARM_GCC_541\Debug\cy_ipc_pipe.o
 .debug_line    0x00003e25      0x42f .\CortexM4\ARM_GCC_541\Debug\cy_scb_common.o
 .debug_line    0x00004254      0x753 .\CortexM4\ARM_GCC_541\Debug\cy_scb_ezi2c.o
 .debug_line    0x000049a7      0x9bc .\CortexM4\ARM_GCC_541\Debug\cy_scb_uart.o
 .debug_line    0x00005363      0x716 .\CortexM4\ARM_GCC_541\Debug\cy_flash.o
 .debug_line    0x00005a79      0x42f .\CortexM4\ARM_GCC_541\Debug\cy_gpio.o
 .debug_line    0x00005ea8      0x8af .\CortexM4\ARM_GCC_541\Debug\cy_syspm.o
 .debug_line    0x00006757      0x3dd .\CortexM4\ARM_GCC_541\Debug\cy_syslib.o
 .debug_line    0x00006b34       0x89 .\CortexM4\ARM_GCC_541\Debug\cy_syslib_gcc.o
 .debug_line    0x00006bbd      0x2d0 .\CortexM4\ARM_GCC_541\Debug\Uart_Printf.o

.debug_info     0x00000000    0x2436d
 .debug_info    0x00000000       0x96 .\CortexM4\ARM_GCC_541\Debug\startup_psoc63_cm4.o
 .debug_info    0x00000096     0x1225 .\CortexM4\ARM_GCC_541\Debug\main_cm4.o
 .debug_info    0x000012bb      0xff9 .\CortexM4\ARM_GCC_541\Debug\system_psoc63_cm4.o
 .debug_info    0x000022b4      0x876 .\CortexM4\ARM_GCC_541\Debug\cy_ipc_config.o
 .debug_info    0x00002b2a      0x4f4 .\CortexM4\ARM_GCC_541\Debug\cyfitter_sysint_cfg.o
 .debug_info    0x0000301e       0xac .\CortexM4\ARM_GCC_541\Debug\cymetadata.o
 .debug_info    0x000030ca      0xca7 .\CortexM4\ARM_GCC_541\Debug\CapSense_Control.o
 .debug_info    0x00003d71      0xa99 .\CortexM4\ARM_GCC_541\Debug\CapSense_Processing.o
 .debug_info    0x0000480a      0xcb1 .\CortexM4\ARM_GCC_541\Debug\CapSense_Structure.o
 .debug_info    0x000054bb      0x711 .\CortexM4\ARM_GCC_541\Debug\CapSense_Tuner.o
 .debug_info    0x00005bcc      0x80e .\CortexM4\ARM_GCC_541\Debug\CapSense_Filter.o
 .debug_info    0x000063da     0x40f6 .\CortexM4\ARM_GCC_541\Debug\CapSense_Sensing.o
 .debug_info    0x0000a4d0      0xcfc .\CortexM4\ARM_GCC_541\Debug\CapSense_INT.o
 .debug_info    0x0000b1cc     0x402d .\CortexM4\ARM_GCC_541\Debug\CapSense_SensingCSD_LL.o
 .debug_info    0x0000f1f9      0xe7d .\CortexM4\ARM_GCC_541\Debug\I2C.o
 .debug_info    0x00010076      0x9c5 .\CortexM4\ARM_GCC_541\Debug\cy_sysint.o
 .debug_info    0x00010a3b      0x486 .\CortexM4\ARM_GCC_541\Debug\cy_ipc_drv.o
 .debug_info    0x00010ec1      0x808 .\CortexM4\ARM_GCC_541\Debug\cy_ipc_sema.o
 .debug_info    0x000116c9     0x15f4 .\CortexM4\ARM_GCC_541\Debug\cy_ipc_pipe.o
 .debug_info    0x00012cbd      0xd8c .\CortexM4\ARM_GCC_541\Debug\cy_scb_common.o
 .debug_info    0x00013a49     0x1c5f .\CortexM4\ARM_GCC_541\Debug\cy_scb_ezi2c.o
 .debug_info    0x000156a8     0x2589 .\CortexM4\ARM_GCC_541\Debug\cy_scb_uart.o
 .debug_info    0x00017c31     0x27a5 .\CortexM4\ARM_GCC_541\Debug\cy_flash.o
 .debug_info    0x0001a3d6     0x2ce5 .\CortexM4\ARM_GCC_541\Debug\cy_gpio.o
 .debug_info    0x0001d0bb     0x3d45 .\CortexM4\ARM_GCC_541\Debug\cy_syspm.o
 .debug_info    0x00020e00     0x2511 .\CortexM4\ARM_GCC_541\Debug\cy_syslib.o
 .debug_info    0x00023311       0xbb .\CortexM4\ARM_GCC_541\Debug\cy_syslib_gcc.o
 .debug_info    0x000233cc      0xfa1 .\CortexM4\ARM_GCC_541\Debug\Uart_Printf.o

.debug_abbrev   0x00000000     0x3ae4
 .debug_abbrev  0x00000000       0x14 .\CortexM4\ARM_GCC_541\Debug\startup_psoc63_cm4.o
 .debug_abbrev  0x00000014      0x2e6 .\CortexM4\ARM_GCC_541\Debug\main_cm4.o
 .debug_abbrev  0x000002fa      0x1c4 .\CortexM4\ARM_GCC_541\Debug\system_psoc63_cm4.o
 .debug_abbrev  0x000004be      0x173 .\CortexM4\ARM_GCC_541\Debug\cy_ipc_config.o
 .debug_abbrev  0x00000631       0xa0 .\CortexM4\ARM_GCC_541\Debug\cyfitter_sysint_cfg.o
 .debug_abbrev  0x000006d1       0x5d .\CortexM4\ARM_GCC_541\Debug\cymetadata.o
 .debug_abbrev  0x0000072e      0x266 .\CortexM4\ARM_GCC_541\Debug\CapSense_Control.o
 .debug_abbrev  0x00000994      0x1ef .\CortexM4\ARM_GCC_541\Debug\CapSense_Processing.o
 .debug_abbrev  0x00000b83      0x268 .\CortexM4\ARM_GCC_541\Debug\CapSense_Structure.o
 .debug_abbrev  0x00000deb      0x193 .\CortexM4\ARM_GCC_541\Debug\CapSense_Tuner.o
 .debug_abbrev  0x00000f7e      0x207 .\CortexM4\ARM_GCC_541\Debug\CapSense_Filter.o
 .debug_abbrev  0x00001185      0x374 .\CortexM4\ARM_GCC_541\Debug\CapSense_Sensing.o
 .debug_abbrev  0x000014f9      0x1bf .\CortexM4\ARM_GCC_541\Debug\CapSense_INT.o
 .debug_abbrev  0x000016b8      0x340 .\CortexM4\ARM_GCC_541\Debug\CapSense_SensingCSD_LL.o
 .debug_abbrev  0x000019f8      0x208 .\CortexM4\ARM_GCC_541\Debug\I2C.o
 .debug_abbrev  0x00001c00      0x221 .\CortexM4\ARM_GCC_541\Debug\cy_sysint.o
 .debug_abbrev  0x00001e21      0x177 .\CortexM4\ARM_GCC_541\Debug\cy_ipc_drv.o
 .debug_abbrev  0x00001f98      0x22d .\CortexM4\ARM_GCC_541\Debug\cy_ipc_sema.o
 .debug_abbrev  0x000021c5      0x30d .\CortexM4\ARM_GCC_541\Debug\cy_ipc_pipe.o
 .debug_abbrev  0x000024d2      0x276 .\CortexM4\ARM_GCC_541\Debug\cy_scb_common.o
 .debug_abbrev  0x00002748      0x2f4 .\CortexM4\ARM_GCC_541\Debug\cy_scb_ezi2c.o
 .debug_abbrev  0x00002a3c      0x314 .\CortexM4\ARM_GCC_541\Debug\cy_scb_uart.o
 .debug_abbrev  0x00002d50      0x340 .\CortexM4\ARM_GCC_541\Debug\cy_flash.o
 .debug_abbrev  0x00003090      0x1d7 .\CortexM4\ARM_GCC_541\Debug\cy_gpio.o
 .debug_abbrev  0x00003267      0x349 .\CortexM4\ARM_GCC_541\Debug\cy_syspm.o
 .debug_abbrev  0x000035b0      0x310 .\CortexM4\ARM_GCC_541\Debug\cy_syslib.o
 .debug_abbrev  0x000038c0       0x14 .\CortexM4\ARM_GCC_541\Debug\cy_syslib_gcc.o
 .debug_abbrev  0x000038d4      0x210 .\CortexM4\ARM_GCC_541\Debug\Uart_Printf.o

.debug_aranges  0x00000000      0x9f8
 .debug_aranges
                0x00000000       0x20 .\CortexM4\ARM_GCC_541\Debug\startup_psoc63_cm4.o
 .debug_aranges
                0x00000020       0x28 .\CortexM4\ARM_GCC_541\Debug\main_cm4.o
 .debug_aranges
                0x00000048       0x38 .\CortexM4\ARM_GCC_541\Debug\system_psoc63_cm4.o
 .debug_aranges
                0x00000080       0x30 .\CortexM4\ARM_GCC_541\Debug\cy_ipc_config.o
 .debug_aranges
                0x000000b0       0x18 .\CortexM4\ARM_GCC_541\Debug\cyfitter_sysint_cfg.o
 .debug_aranges
                0x000000c8       0x18 .\CortexM4\ARM_GCC_541\Debug\cymetadata.o
 .debug_aranges
                0x000000e0       0x88 .\CortexM4\ARM_GCC_541\Debug\CapSense_Control.o
 .debug_aranges
                0x00000168       0x48 .\CortexM4\ARM_GCC_541\Debug\CapSense_Processing.o
 .debug_aranges
                0x000001b0       0x50 .\CortexM4\ARM_GCC_541\Debug\CapSense_Structure.o
 .debug_aranges
                0x00000200       0x28 .\CortexM4\ARM_GCC_541\Debug\CapSense_Tuner.o
 .debug_aranges
                0x00000228       0x70 .\CortexM4\ARM_GCC_541\Debug\CapSense_Filter.o
 .debug_aranges
                0x00000298       0xa8 .\CortexM4\ARM_GCC_541\Debug\CapSense_Sensing.o
 .debug_aranges
                0x00000340       0x38 .\CortexM4\ARM_GCC_541\Debug\CapSense_INT.o
 .debug_aranges
                0x00000378       0xb8 .\CortexM4\ARM_GCC_541\Debug\CapSense_SensingCSD_LL.o
 .debug_aranges
                0x00000430       0x28 .\CortexM4\ARM_GCC_541\Debug\I2C.o
 .debug_aranges
                0x00000458       0x30 .\CortexM4\ARM_GCC_541\Debug\cy_sysint.o
 .debug_aranges
                0x00000488       0x30 .\CortexM4\ARM_GCC_541\Debug\cy_ipc_drv.o
 .debug_aranges
                0x000004b8       0x40 .\CortexM4\ARM_GCC_541\Debug\cy_ipc_sema.o
 .debug_aranges
                0x000004f8       0x68 .\CortexM4\ARM_GCC_541\Debug\cy_ipc_pipe.o
 .debug_aranges
                0x00000560       0x68 .\CortexM4\ARM_GCC_541\Debug\cy_scb_common.o
 .debug_aranges
                0x000005c8       0xb8 .\CortexM4\ARM_GCC_541\Debug\cy_scb_ezi2c.o
 .debug_aranges
                0x00000680       0xc8 .\CortexM4\ARM_GCC_541\Debug\cy_scb_uart.o
 .debug_aranges
                0x00000748       0xb0 .\CortexM4\ARM_GCC_541\Debug\cy_flash.o
 .debug_aranges
                0x000007f8       0x38 .\CortexM4\ARM_GCC_541\Debug\cy_gpio.o
 .debug_aranges
                0x00000830      0x108 .\CortexM4\ARM_GCC_541\Debug\cy_syspm.o
 .debug_aranges
                0x00000938       0x78 .\CortexM4\ARM_GCC_541\Debug\cy_syslib.o
 .debug_aranges
                0x000009b0       0x20 .\CortexM4\ARM_GCC_541\Debug\cy_syslib_gcc.o
 .debug_aranges
                0x000009d0       0x28 .\CortexM4\ARM_GCC_541\Debug\Uart_Printf.o

.debug_loc      0x00000000     0x8533
 .debug_loc     0x00000000      0x139 .\CortexM4\ARM_GCC_541\Debug\main_cm4.o
 .debug_loc     0x00000139      0x1fe .\CortexM4\ARM_GCC_541\Debug\system_psoc63_cm4.o
 .debug_loc     0x00000337       0x1e .\CortexM4\ARM_GCC_541\Debug\cy_ipc_config.o
 .debug_loc     0x00000355      0x483 .\CortexM4\ARM_GCC_541\Debug\CapSense_Control.o
 .debug_loc     0x000007d8      0x47c .\CortexM4\ARM_GCC_541\Debug\CapSense_Processing.o
 .debug_loc     0x00000c54      0x335 .\CortexM4\ARM_GCC_541\Debug\CapSense_Structure.o
 .debug_loc     0x00000f89      0x186 .\CortexM4\ARM_GCC_541\Debug\CapSense_Tuner.o
 .debug_loc     0x0000110f      0x579 .\CortexM4\ARM_GCC_541\Debug\CapSense_Filter.o
 .debug_loc     0x00001688      0x81f .\CortexM4\ARM_GCC_541\Debug\CapSense_Sensing.o
 .debug_loc     0x00001ea7       0x84 .\CortexM4\ARM_GCC_541\Debug\CapSense_INT.o
 .debug_loc     0x00001f2b      0x84f .\CortexM4\ARM_GCC_541\Debug\CapSense_SensingCSD_LL.o
 .debug_loc     0x0000277a       0x2b .\CortexM4\ARM_GCC_541\Debug\I2C.o
 .debug_loc     0x000027a5      0x223 .\CortexM4\ARM_GCC_541\Debug\cy_sysint.o
 .debug_loc     0x000029c8      0x2a1 .\CortexM4\ARM_GCC_541\Debug\cy_ipc_drv.o
 .debug_loc     0x00002c69      0x6c2 .\CortexM4\ARM_GCC_541\Debug\cy_ipc_sema.o
 .debug_loc     0x0000332b      0x7d4 .\CortexM4\ARM_GCC_541\Debug\cy_ipc_pipe.o
 .debug_loc     0x00003aff      0x588 .\CortexM4\ARM_GCC_541\Debug\cy_scb_common.o
 .debug_loc     0x00004087     0x10c9 .\CortexM4\ARM_GCC_541\Debug\cy_scb_ezi2c.o
 .debug_loc     0x00005150     0x1341 .\CortexM4\ARM_GCC_541\Debug\cy_scb_uart.o
 .debug_loc     0x00006491      0xbe0 .\CortexM4\ARM_GCC_541\Debug\cy_flash.o
 .debug_loc     0x00007071      0x791 .\CortexM4\ARM_GCC_541\Debug\cy_gpio.o
 .debug_loc     0x00007802      0xb0a .\CortexM4\ARM_GCC_541\Debug\cy_syspm.o
 .debug_loc     0x0000830c      0x1fc .\CortexM4\ARM_GCC_541\Debug\cy_syslib.o
 .debug_loc     0x00008508       0x2b .\CortexM4\ARM_GCC_541\Debug\Uart_Printf.o

.debug_ranges   0x00000000      0x8e8
 .debug_ranges  0x00000000       0x18 .\CortexM4\ARM_GCC_541\Debug\main_cm4.o
 .debug_ranges  0x00000018       0x40 .\CortexM4\ARM_GCC_541\Debug\system_psoc63_cm4.o
 .debug_ranges  0x00000058       0x20 .\CortexM4\ARM_GCC_541\Debug\cy_ipc_config.o
 .debug_ranges  0x00000078       0x78 .\CortexM4\ARM_GCC_541\Debug\CapSense_Control.o
 .debug_ranges  0x000000f0       0x38 .\CortexM4\ARM_GCC_541\Debug\CapSense_Processing.o
 .debug_ranges  0x00000128       0x40 .\CortexM4\ARM_GCC_541\Debug\CapSense_Structure.o
 .debug_ranges  0x00000168       0x18 .\CortexM4\ARM_GCC_541\Debug\CapSense_Tuner.o
 .debug_ranges  0x00000180       0x60 .\CortexM4\ARM_GCC_541\Debug\CapSense_Filter.o
 .debug_ranges  0x000001e0       0x98 .\CortexM4\ARM_GCC_541\Debug\CapSense_Sensing.o
 .debug_ranges  0x00000278       0x28 .\CortexM4\ARM_GCC_541\Debug\CapSense_INT.o
 .debug_ranges  0x000002a0       0xa8 .\CortexM4\ARM_GCC_541\Debug\CapSense_SensingCSD_LL.o
 .debug_ranges  0x00000348       0x18 .\CortexM4\ARM_GCC_541\Debug\I2C.o
 .debug_ranges  0x00000360       0x20 .\CortexM4\ARM_GCC_541\Debug\cy_sysint.o
 .debug_ranges  0x00000380       0x20 .\CortexM4\ARM_GCC_541\Debug\cy_ipc_drv.o
 .debug_ranges  0x000003a0       0x30 .\CortexM4\ARM_GCC_541\Debug\cy_ipc_sema.o
 .debug_ranges  0x000003d0       0x58 .\CortexM4\ARM_GCC_541\Debug\cy_ipc_pipe.o